Component: ARM Compiler 5.06 update 5 (build 528) Tool: armlink [4d35e2]

==============================================================================

Section Cross References

    startup_stm32f10x_md.o(RESET) refers to startup_stm32f10x_md.o(STACK) for __initial_sp
    startup_stm32f10x_md.o(RESET) refers to startup_stm32f10x_md.o(.text) for Reset_Handler
    startup_stm32f10x_md.o(RESET) refers to stm32f10x_it.o(i.NMI_Handler) for NMI_Handler
    startup_stm32f10x_md.o(RESET) refers to stm32f10x_it.o(i.HardFault_Handler) for HardFault_Handler
    startup_stm32f10x_md.o(RESET) refers to stm32f10x_it.o(i.MemManage_Handler) for MemManage_Handler
    startup_stm32f10x_md.o(RESET) refers to stm32f10x_it.o(i.BusFault_Handler) for BusFault_Handler
    startup_stm32f10x_md.o(RESET) refers to stm32f10x_it.o(i.UsageFault_Handler) for UsageFault_Handler
    startup_stm32f10x_md.o(RESET) refers to stm32f10x_it.o(i.SVC_Handler) for SVC_Handler
    startup_stm32f10x_md.o(RESET) refers to stm32f10x_it.o(i.DebugMon_Handler) for DebugMon_Handler
    startup_stm32f10x_md.o(RESET) refers to stm32f10x_it.o(i.PendSV_Handler) for PendSV_Handler
    startup_stm32f10x_md.o(RESET) refers to stm32f10x_it.o(i.SysTick_Handler) for SysTick_Handler
    startup_stm32f10x_md.o(.text) refers to system_stm32f10x.o(i.SystemInit) for SystemInit
    startup_stm32f10x_md.o(.text) refers to entry.o(.ARM.Collect$$$$00000000) for __main
    system_stm32f10x.o(i.SystemCoreClockUpdate) refers to system_stm32f10x.o(.data) for .data
    system_stm32f10x.o(i.SystemInit) refers to system_stm32f10x.o(i.SetSysClockTo72) for SetSysClockTo72
    stm32f10x_flash.o(i.FLASH_EnableWriteProtection) refers to stm32f10x_flash.o(i.FLASH_WaitForLastOperation) for FLASH_WaitForLastOperation
    stm32f10x_flash.o(i.FLASH_EraseAllBank1Pages) refers to stm32f10x_flash.o(i.FLASH_WaitForLastBank1Operation) for FLASH_WaitForLastBank1Operation
    stm32f10x_flash.o(i.FLASH_EraseAllPages) refers to stm32f10x_flash.o(i.FLASH_WaitForLastOperation) for FLASH_WaitForLastOperation
    stm32f10x_flash.o(i.FLASH_EraseOptionBytes) refers to stm32f10x_flash.o(i.FLASH_GetReadOutProtectionStatus) for FLASH_GetReadOutProtectionStatus
    stm32f10x_flash.o(i.FLASH_EraseOptionBytes) refers to stm32f10x_flash.o(i.FLASH_WaitForLastOperation) for FLASH_WaitForLastOperation
    stm32f10x_flash.o(i.FLASH_ErasePage) refers to stm32f10x_flash.o(i.FLASH_WaitForLastOperation) for FLASH_WaitForLastOperation
    stm32f10x_flash.o(i.FLASH_ProgramHalfWord) refers to stm32f10x_flash.o(i.FLASH_WaitForLastOperation) for FLASH_WaitForLastOperation
    stm32f10x_flash.o(i.FLASH_ProgramOptionByteData) refers to stm32f10x_flash.o(i.FLASH_WaitForLastOperation) for FLASH_WaitForLastOperation
    stm32f10x_flash.o(i.FLASH_ProgramWord) refers to stm32f10x_flash.o(i.FLASH_WaitForLastOperation) for FLASH_WaitForLastOperation
    stm32f10x_flash.o(i.FLASH_ReadOutProtection) refers to stm32f10x_flash.o(i.FLASH_WaitForLastOperation) for FLASH_WaitForLastOperation
    stm32f10x_flash.o(i.FLASH_UserOptionByteConfig) refers to stm32f10x_flash.o(i.FLASH_WaitForLastOperation) for FLASH_WaitForLastOperation
    stm32f10x_flash.o(i.FLASH_WaitForLastBank1Operation) refers to stm32f10x_flash.o(i.FLASH_GetBank1Status) for FLASH_GetBank1Status
    stm32f10x_flash.o(i.FLASH_WaitForLastOperation) refers to stm32f10x_flash.o(i.FLASH_GetBank1Status) for FLASH_GetBank1Status
    stm32f10x_gpio.o(i.GPIO_AFIODeInit) refers to stm32f10x_rcc.o(i.RCC_APB2PeriphResetCmd) for RCC_APB2PeriphResetCmd
    stm32f10x_gpio.o(i.GPIO_DeInit) refers to stm32f10x_rcc.o(i.RCC_APB2PeriphResetCmd) for RCC_APB2PeriphResetCmd
    stm32f10x_i2c.o(i.I2C_DeInit) refers to stm32f10x_rcc.o(i.RCC_APB1PeriphResetCmd) for RCC_APB1PeriphResetCmd
    stm32f10x_i2c.o(i.I2C_Init) refers to stm32f10x_rcc.o(i.RCC_GetClocksFreq) for RCC_GetClocksFreq
    stm32f10x_rcc.o(i.RCC_GetClocksFreq) refers to stm32f10x_rcc.o(.data) for .data
    stm32f10x_rcc.o(i.RCC_WaitForHSEStartUp) refers to stm32f10x_rcc.o(i.RCC_GetFlagStatus) for RCC_GetFlagStatus
    stm32f10x_spi.o(i.I2S_Init) refers to stm32f10x_rcc.o(i.RCC_GetClocksFreq) for RCC_GetClocksFreq
    stm32f10x_spi.o(i.SPI_I2S_DeInit) refers to stm32f10x_rcc.o(i.RCC_APB2PeriphResetCmd) for RCC_APB2PeriphResetCmd
    stm32f10x_spi.o(i.SPI_I2S_DeInit) refers to stm32f10x_rcc.o(i.RCC_APB1PeriphResetCmd) for RCC_APB1PeriphResetCmd
    stm32f10x_usart.o(i.USART_DeInit) refers to stm32f10x_rcc.o(i.RCC_APB2PeriphResetCmd) for RCC_APB2PeriphResetCmd
    stm32f10x_usart.o(i.USART_DeInit) refers to stm32f10x_rcc.o(i.RCC_APB1PeriphResetCmd) for RCC_APB1PeriphResetCmd
    stm32f10x_usart.o(i.USART_Init) refers to stm32f10x_rcc.o(i.RCC_GetClocksFreq) for RCC_GetClocksFreq
    stm32_eval.o(i.LM75_LowLevel_DeInit) refers to stm32f10x_i2c.o(i.I2C_Cmd) for I2C_Cmd
    stm32_eval.o(i.LM75_LowLevel_DeInit) refers to stm32f10x_i2c.o(i.I2C_DeInit) for I2C_DeInit
    stm32_eval.o(i.LM75_LowLevel_DeInit) refers to stm32f10x_rcc.o(i.RCC_APB1PeriphClockCmd) for RCC_APB1PeriphClockCmd
    stm32_eval.o(i.LM75_LowLevel_DeInit) refers to stm32f10x_gpio.o(i.GPIO_Init) for GPIO_Init
    stm32_eval.o(i.LM75_LowLevel_Init) refers to stm32f10x_rcc.o(i.RCC_APB1PeriphClockCmd) for RCC_APB1PeriphClockCmd
    stm32_eval.o(i.LM75_LowLevel_Init) refers to stm32f10x_rcc.o(i.RCC_APB2PeriphClockCmd) for RCC_APB2PeriphClockCmd
    stm32_eval.o(i.LM75_LowLevel_Init) refers to stm32f10x_gpio.o(i.GPIO_Init) for GPIO_Init
    stm32_eval.o(i.SD_LowLevel_DeInit) refers to stm32f10x_spi.o(i.SPI_Cmd) for SPI_Cmd
    stm32_eval.o(i.SD_LowLevel_DeInit) refers to stm32f10x_spi.o(i.SPI_I2S_DeInit) for SPI_I2S_DeInit
    stm32_eval.o(i.SD_LowLevel_DeInit) refers to stm32f10x_rcc.o(i.RCC_APB1PeriphClockCmd) for RCC_APB1PeriphClockCmd
    stm32_eval.o(i.SD_LowLevel_DeInit) refers to stm32f10x_gpio.o(i.GPIO_Init) for GPIO_Init
    stm32_eval.o(i.SD_LowLevel_Init) refers to stm32f10x_rcc.o(i.RCC_APB2PeriphClockCmd) for RCC_APB2PeriphClockCmd
    stm32_eval.o(i.SD_LowLevel_Init) refers to stm32f10x_rcc.o(i.RCC_APB1PeriphClockCmd) for RCC_APB1PeriphClockCmd
    stm32_eval.o(i.SD_LowLevel_Init) refers to stm32f10x_gpio.o(i.GPIO_Init) for GPIO_Init
    stm32_eval.o(i.SD_LowLevel_Init) refers to stm32f10x_spi.o(i.SPI_Init) for SPI_Init
    stm32_eval.o(i.SD_LowLevel_Init) refers to stm32f10x_spi.o(i.SPI_Cmd) for SPI_Cmd
    stm32_eval.o(i.STM_EVAL_COMInit) refers to stm32f10x_rcc.o(i.RCC_APB2PeriphClockCmd) for RCC_APB2PeriphClockCmd
    stm32_eval.o(i.STM_EVAL_COMInit) refers to stm32f10x_rcc.o(i.RCC_APB1PeriphClockCmd) for RCC_APB1PeriphClockCmd
    stm32_eval.o(i.STM_EVAL_COMInit) refers to stm32f10x_gpio.o(i.GPIO_Init) for GPIO_Init
    stm32_eval.o(i.STM_EVAL_COMInit) refers to stm32f10x_usart.o(i.USART_Init) for USART_Init
    stm32_eval.o(i.STM_EVAL_COMInit) refers to stm32f10x_usart.o(i.USART_Cmd) for USART_Cmd
    stm32_eval.o(i.STM_EVAL_COMInit) refers to stm32_eval.o(.constdata) for .constdata
    stm32_eval.o(i.STM_EVAL_COMInit) refers to stm32_eval.o(.data) for .data
    stm32_eval.o(i.STM_EVAL_LEDInit) refers to stm32f10x_rcc.o(i.RCC_APB2PeriphClockCmd) for RCC_APB2PeriphClockCmd
    stm32_eval.o(i.STM_EVAL_LEDInit) refers to stm32f10x_gpio.o(i.GPIO_Init) for GPIO_Init
    stm32_eval.o(i.STM_EVAL_LEDInit) refers to stm32_eval.o(.constdata) for .constdata
    stm32_eval.o(i.STM_EVAL_LEDInit) refers to stm32_eval.o(.data) for .data
    stm32_eval.o(i.STM_EVAL_LEDOff) refers to stm32_eval.o(.constdata) for .constdata
    stm32_eval.o(i.STM_EVAL_LEDOff) refers to stm32_eval.o(.data) for .data
    stm32_eval.o(i.STM_EVAL_LEDOn) refers to stm32_eval.o(.constdata) for .constdata
    stm32_eval.o(i.STM_EVAL_LEDOn) refers to stm32_eval.o(.data) for .data
    stm32_eval.o(i.STM_EVAL_LEDToggle) refers to stm32_eval.o(.data) for .data
    stm32_eval.o(i.STM_EVAL_LEDToggle) refers to stm32_eval.o(.constdata) for .constdata
    stm32_eval.o(i.STM_EVAL_PBGetState) refers to stm32f10x_gpio.o(i.GPIO_ReadInputDataBit) for GPIO_ReadInputDataBit
    stm32_eval.o(i.STM_EVAL_PBGetState) refers to stm32_eval.o(.constdata) for .constdata
    stm32_eval.o(i.STM_EVAL_PBGetState) refers to stm32_eval.o(.data) for .data
    stm32_eval.o(i.STM_EVAL_PBInit) refers to stm32f10x_rcc.o(i.RCC_APB2PeriphClockCmd) for RCC_APB2PeriphClockCmd
    stm32_eval.o(i.STM_EVAL_PBInit) refers to stm32f10x_gpio.o(i.GPIO_Init) for GPIO_Init
    stm32_eval.o(i.STM_EVAL_PBInit) refers to stm32f10x_gpio.o(i.GPIO_EXTILineConfig) for GPIO_EXTILineConfig
    stm32_eval.o(i.STM_EVAL_PBInit) refers to stm32f10x_exti.o(i.EXTI_Init) for EXTI_Init
    stm32_eval.o(i.STM_EVAL_PBInit) refers to misc.o(i.NVIC_Init) for NVIC_Init
    stm32_eval.o(i.STM_EVAL_PBInit) refers to stm32_eval.o(.constdata) for .constdata
    stm32_eval.o(i.STM_EVAL_PBInit) refers to stm32_eval.o(.data) for .data
    stm32_eval.o(i.sEE_LowLevel_DMAConfig) refers to stm32f10x_dma.o(i.DMA_Init) for DMA_Init
    stm32_eval.o(i.sEE_LowLevel_DMAConfig) refers to stm32_eval.o(.bss) for .bss
    stm32_eval.o(i.sEE_LowLevel_DeInit) refers to stm32f10x_i2c.o(i.I2C_Cmd) for I2C_Cmd
    stm32_eval.o(i.sEE_LowLevel_DeInit) refers to stm32f10x_i2c.o(i.I2C_DeInit) for I2C_DeInit
    stm32_eval.o(i.sEE_LowLevel_DeInit) refers to stm32f10x_rcc.o(i.RCC_APB1PeriphClockCmd) for RCC_APB1PeriphClockCmd
    stm32_eval.o(i.sEE_LowLevel_DeInit) refers to stm32f10x_gpio.o(i.GPIO_Init) for GPIO_Init
    stm32_eval.o(i.sEE_LowLevel_DeInit) refers to misc.o(i.NVIC_Init) for NVIC_Init
    stm32_eval.o(i.sEE_LowLevel_DeInit) refers to stm32f10x_dma.o(i.DMA_Cmd) for DMA_Cmd
    stm32_eval.o(i.sEE_LowLevel_DeInit) refers to stm32f10x_dma.o(i.DMA_DeInit) for DMA_DeInit
    stm32_eval.o(i.sEE_LowLevel_Init) refers to stm32f10x_rcc.o(i.RCC_APB2PeriphClockCmd) for RCC_APB2PeriphClockCmd
    stm32_eval.o(i.sEE_LowLevel_Init) refers to stm32f10x_rcc.o(i.RCC_APB1PeriphClockCmd) for RCC_APB1PeriphClockCmd
    stm32_eval.o(i.sEE_LowLevel_Init) refers to stm32f10x_gpio.o(i.GPIO_Init) for GPIO_Init
    stm32_eval.o(i.sEE_LowLevel_Init) refers to misc.o(i.NVIC_Init) for NVIC_Init
    stm32_eval.o(i.sEE_LowLevel_Init) refers to stm32f10x_rcc.o(i.RCC_AHBPeriphClockCmd) for RCC_AHBPeriphClockCmd
    stm32_eval.o(i.sEE_LowLevel_Init) refers to stm32f10x_dma.o(i.DMA_DeInit) for DMA_DeInit
    stm32_eval.o(i.sEE_LowLevel_Init) refers to stm32f10x_dma.o(i.DMA_Init) for DMA_Init
    stm32_eval.o(i.sEE_LowLevel_Init) refers to stm32f10x_dma.o(i.DMA_ITConfig) for DMA_ITConfig
    stm32_eval.o(i.sEE_LowLevel_Init) refers to stm32_eval.o(.bss) for .bss
    stm32_eval.o(i.sFLASH_LowLevel_DeInit) refers to stm32f10x_spi.o(i.SPI_Cmd) for SPI_Cmd
    stm32_eval.o(i.sFLASH_LowLevel_DeInit) refers to stm32f10x_spi.o(i.SPI_I2S_DeInit) for SPI_I2S_DeInit
    stm32_eval.o(i.sFLASH_LowLevel_DeInit) refers to stm32f10x_rcc.o(i.RCC_APB2PeriphClockCmd) for RCC_APB2PeriphClockCmd
    stm32_eval.o(i.sFLASH_LowLevel_DeInit) refers to stm32f10x_gpio.o(i.GPIO_Init) for GPIO_Init
    stm32_eval.o(i.sFLASH_LowLevel_Init) refers to stm32f10x_rcc.o(i.RCC_APB2PeriphClockCmd) for RCC_APB2PeriphClockCmd
    stm32_eval.o(i.sFLASH_LowLevel_Init) refers to stm32f10x_gpio.o(i.GPIO_Init) for GPIO_Init
    common.o(i.FLASH_DisableWriteProtectionPages) refers to stm32f10x_flash.o(i.FLASH_GetWriteProtectionOptionByte) for FLASH_GetWriteProtectionOptionByte
    common.o(i.FLASH_DisableWriteProtectionPages) refers to stm32f10x_flash.o(i.FLASH_GetUserOptionByte) for FLASH_GetUserOptionByte
    common.o(i.FLASH_DisableWriteProtectionPages) refers to stm32f10x_flash.o(i.FLASH_EraseOptionBytes) for FLASH_EraseOptionBytes
    common.o(i.FLASH_DisableWriteProtectionPages) refers to stm32f10x_flash.o(i.FLASH_EnableWriteProtection) for FLASH_EnableWriteProtection
    common.o(i.FLASH_DisableWriteProtectionPages) refers to stm32f10x_flash.o(i.FLASH_UserOptionByteConfig) for FLASH_UserOptionByteConfig
    common.o(i.FLASH_DisableWriteProtectionPages) refers to common.o(i.Serial_PutString) for Serial_PutString
    common.o(i.FLASH_DisableWriteProtectionPages) refers to common.o(.data) for .data
    common.o(i.FLASH_DisableWriteProtectionPages) refers to common.o(.conststring) for .conststring
    common.o(i.GetInputString) refers to common.o(i.GetKey) for GetKey
    common.o(i.GetInputString) refers to common.o(i.Serial_PutString) for Serial_PutString
    common.o(i.GetInputString) refers to common.o(i.SerialPutChar) for SerialPutChar
    common.o(i.GetIntegerInput) refers to common.o(i.GetInputString) for GetInputString
    common.o(i.GetIntegerInput) refers to common.o(i.Str2Int) for Str2Int
    common.o(i.GetIntegerInput) refers to common.o(i.Serial_PutString) for Serial_PutString
    common.o(i.GetKey) refers to common.o(i.SerialKeyPressed) for SerialKeyPressed
    common.o(i.IAP_Init) refers to stm32_eval.o(i.STM_EVAL_COMInit) for STM_EVAL_COMInit
    common.o(i.IAP_JumpToApplication) refers to stm32f10x_flash.o(i.FLASH_Lock) for FLASH_Lock
    common.o(i.IAP_JumpToApplication) refers to core_cm3.o(.emb_text) for __set_MSP
    common.o(i.IAP_JumpToApplication) refers to common.o(i.Serial_PutString) for Serial_PutString
    common.o(i.Main_Menu) refers to common.o(i.Serial_PutString) for Serial_PutString
    common.o(i.Main_Menu) refers to stm32f10x_flash.o(i.FLASH_GetWriteProtectionOptionByte) for FLASH_GetWriteProtectionOptionByte
    common.o(i.Main_Menu) refers to common.o(i.GetKey) for GetKey
    common.o(i.Main_Menu) refers to download.o(i.SerialDownload) for SerialDownload
    common.o(i.Main_Menu) refers to common.o(i.IAP_JumpToApplication) for IAP_JumpToApplication
    common.o(i.Main_Menu) refers to common.o(i.FLASH_DisableWriteProtectionPages) for FLASH_DisableWriteProtectionPages
    common.o(i.Main_Menu) refers to common.o(.conststring) for .conststring
    common.o(i.Main_Menu) refers to ymodem.o(.data) for FlashDestination
    common.o(i.Main_Menu) refers to common.o(.data) for .data
    common.o(i.SerialKeyPressed) refers to stm32f10x_usart.o(i.USART_GetFlagStatus) for USART_GetFlagStatus
    common.o(i.SerialKeyPressed) refers to stm32_eval.o(i.STM_EVAL_LEDOn) for STM_EVAL_LEDOn
    common.o(i.SerialKeyPressed) refers to stm32_eval.o(i.STM_EVAL_LEDOff) for STM_EVAL_LEDOff
    common.o(i.SerialPutChar) refers to stm32_eval.o(i.STM_EVAL_LEDOn) for STM_EVAL_LEDOn
    common.o(i.SerialPutChar) refers to stm32f10x_usart.o(i.USART_SendData) for USART_SendData
    common.o(i.SerialPutChar) refers to stm32f10x_usart.o(i.USART_GetFlagStatus) for USART_GetFlagStatus
    common.o(i.SerialPutChar) refers to stm32_eval.o(i.STM_EVAL_LEDOff) for STM_EVAL_LEDOff
    common.o(i.Serial_PutString) refers to common.o(i.SerialPutChar) for SerialPutChar
    download.o(i.SerialDownload) refers to common.o(i.Serial_PutString) for Serial_PutString
    download.o(i.SerialDownload) refers to ymodem.o(i.Ymodem_Receive) for Ymodem_Receive
    download.o(i.SerialDownload) refers to common.o(i.Int2Str) for Int2Str
    download.o(i.SerialDownload) refers to download.o(.bss) for .bss
    download.o(i.SerialDownload) refers to download.o(.conststring) for .conststring
    download.o(i.SerialDownload) refers to ymodem.o(.bss) for file_name
    main.o(i.main) refers to stm32f10x_flash.o(i.FLASH_Unlock) for FLASH_Unlock
    main.o(i.main) refers to stm32_eval.o(i.STM_EVAL_PBInit) for STM_EVAL_PBInit
    main.o(i.main) refers to stm32_eval.o(i.STM_EVAL_PBGetState) for STM_EVAL_PBGetState
    main.o(i.main) refers to common.o(i.IAP_JumpToApplication) for IAP_JumpToApplication
    main.o(i.main) refers to stm32_eval.o(i.STM_EVAL_LEDInit) for STM_EVAL_LEDInit
    main.o(i.main) refers to stm32_eval.o(i.STM_EVAL_LEDOn) for STM_EVAL_LEDOn
    main.o(i.main) refers to stm32_eval.o(i.STM_EVAL_LEDOff) for STM_EVAL_LEDOff
    main.o(i.main) refers to common.o(i.IAP_Init) for IAP_Init
    main.o(i.main) refers to common.o(i.Main_Menu) for Main_Menu
    upload.o(i.SerialUpload) refers to common.o(i.Serial_PutString) for Serial_PutString
    upload.o(i.SerialUpload) refers to common.o(i.GetKey) for GetKey
    upload.o(i.SerialUpload) refers to ymodem.o(i.Ymodem_Transmit) for Ymodem_Transmit
    ymodem.o(i.Cal_CRC16) refers to ymodem.o(i.UpdateCRC16) for UpdateCRC16
    ymodem.o(i.Receive_Byte) refers to common.o(i.SerialKeyPressed) for SerialKeyPressed
    ymodem.o(i.Receive_Packet) refers to ymodem.o(i.Receive_Byte) for Receive_Byte
    ymodem.o(i.Ymodem_PrepareIntialPacket) refers to common.o(i.Int2Str) for Int2Str
    ymodem.o(i.Ymodem_Receive) refers to ymodem.o(i.Receive_Packet) for Receive_Packet
    ymodem.o(i.Ymodem_Receive) refers to common.o(i.SerialPutChar) for SerialPutChar
    ymodem.o(i.Ymodem_Receive) refers to memcpya.o(.text) for __aeabi_memcpy
    ymodem.o(i.Ymodem_Receive) refers to common.o(i.Str2Int) for Str2Int
    ymodem.o(i.Ymodem_Receive) refers to common.o(i.FLASH_PagesMask) for FLASH_PagesMask
    ymodem.o(i.Ymodem_Receive) refers to stm32f10x_flash.o(i.FLASH_ErasePage) for FLASH_ErasePage
    ymodem.o(i.Ymodem_Receive) refers to stm32f10x_flash.o(i.FLASH_ProgramWord) for FLASH_ProgramWord
    ymodem.o(i.Ymodem_Receive) refers to ymodem.o(.data) for .data
    ymodem.o(i.Ymodem_Receive) refers to ymodem.o(.bss) for .bss
    ymodem.o(i.Ymodem_SendPacket) refers to common.o(i.SerialPutChar) for SerialPutChar
    ymodem.o(i.Ymodem_Transmit) refers to ymodem.o(i.Ymodem_PrepareIntialPacket) for Ymodem_PrepareIntialPacket
    ymodem.o(i.Ymodem_Transmit) refers to ymodem.o(i.Ymodem_SendPacket) for Ymodem_SendPacket
    ymodem.o(i.Ymodem_Transmit) refers to ymodem.o(i.Cal_CRC16) for Cal_CRC16
    ymodem.o(i.Ymodem_Transmit) refers to common.o(i.SerialPutChar) for SerialPutChar
    ymodem.o(i.Ymodem_Transmit) refers to ymodem.o(i.CalChecksum) for CalChecksum
    ymodem.o(i.Ymodem_Transmit) refers to ymodem.o(i.Receive_Byte) for Receive_Byte
    ymodem.o(i.Ymodem_Transmit) refers to ymodem.o(i.Ymodem_PreparePacket) for Ymodem_PreparePacket
    entry.o(.ARM.Collect$$$$00000000) refers (Special) to entry10a.o(.ARM.Collect$$$$0000000D) for __rt_final_cpp
    entry.o(.ARM.Collect$$$$00000000) refers (Special) to entry11a.o(.ARM.Collect$$$$0000000F) for __rt_final_exit
    entry.o(.ARM.Collect$$$$00000000) refers (Special) to entry7b.o(.ARM.Collect$$$$00000008) for _main_clock
    entry.o(.ARM.Collect$$$$00000000) refers (Special) to entry8b.o(.ARM.Collect$$$$0000000A) for _main_cpp_init
    entry.o(.ARM.Collect$$$$00000000) refers (Special) to entry9a.o(.ARM.Collect$$$$0000000B) for _main_init
    entry.o(.ARM.Collect$$$$00000000) refers (Special) to entry5.o(.ARM.Collect$$$$00000004) for _main_scatterload
    entry.o(.ARM.Collect$$$$00000000) refers (Special) to entry2.o(.ARM.Collect$$$$00000001) for _main_stk
    entry2.o(.ARM.Collect$$$$00000001) refers to entry2.o(.ARM.Collect$$$$00002712) for __lit__00000000
    entry2.o(.ARM.Collect$$$$00002712) refers to startup_stm32f10x_md.o(STACK) for __initial_sp
    entry2.o(__vectab_stack_and_reset_area) refers to startup_stm32f10x_md.o(STACK) for __initial_sp
    entry2.o(__vectab_stack_and_reset_area) refers to entry.o(.ARM.Collect$$$$00000000) for __main
    entry5.o(.ARM.Collect$$$$00000004) refers to init.o(.text) for __scatterload
    entry9a.o(.ARM.Collect$$$$0000000B) refers to main.o(i.main) for main
    entry9b.o(.ARM.Collect$$$$0000000C) refers to main.o(i.main) for main
    init.o(.text) refers to entry5.o(.ARM.Collect$$$$00000004) for __main_after_scatterload


==============================================================================

Removing Unused input sections from the image.

    Removing startup_stm32f10x_md.o(HEAP), (512 bytes).
    Removing system_stm32f10x.o(i.SystemCoreClockUpdate), (100 bytes).
    Removing system_stm32f10x.o(.data), (20 bytes).
    Removing misc.o(i.NVIC_PriorityGroupConfig), (20 bytes).
    Removing misc.o(i.NVIC_SetVectorTable), (20 bytes).
    Removing misc.o(i.NVIC_SystemLPConfig), (24 bytes).
    Removing misc.o(i.SysTick_CLKSourceConfig), (24 bytes).
    Removing stm32f10x_dma.o(i.DMA_ClearFlag), (24 bytes).
    Removing stm32f10x_dma.o(i.DMA_ClearITPendingBit), (24 bytes).
    Removing stm32f10x_dma.o(i.DMA_Cmd), (22 bytes).
    Removing stm32f10x_dma.o(i.DMA_DeInit), (228 bytes).
    Removing stm32f10x_dma.o(i.DMA_GetCurrDataCounter), (6 bytes).
    Removing stm32f10x_dma.o(i.DMA_GetFlagStatus), (32 bytes).
    Removing stm32f10x_dma.o(i.DMA_GetITStatus), (32 bytes).
    Removing stm32f10x_dma.o(i.DMA_ITConfig), (16 bytes).
    Removing stm32f10x_dma.o(i.DMA_Init), (58 bytes).
    Removing stm32f10x_dma.o(i.DMA_SetCurrDataCounter), (4 bytes).
    Removing stm32f10x_dma.o(i.DMA_StructInit), (26 bytes).
    Removing stm32f10x_exti.o(i.EXTI_ClearFlag), (12 bytes).
    Removing stm32f10x_exti.o(i.EXTI_ClearITPendingBit), (12 bytes).
    Removing stm32f10x_exti.o(i.EXTI_DeInit), (36 bytes).
    Removing stm32f10x_exti.o(i.EXTI_GenerateSWInterrupt), (16 bytes).
    Removing stm32f10x_exti.o(i.EXTI_GetFlagStatus), (20 bytes).
    Removing stm32f10x_exti.o(i.EXTI_GetITStatus), (32 bytes).
    Removing stm32f10x_exti.o(i.EXTI_StructInit), (14 bytes).
    Removing stm32f10x_flash.o(i.FLASH_ClearFlag), (12 bytes).
    Removing stm32f10x_flash.o(i.FLASH_EraseAllBank1Pages), (56 bytes).
    Removing stm32f10x_flash.o(i.FLASH_EraseAllPages), (56 bytes).
    Removing stm32f10x_flash.o(i.FLASH_GetFlagStatus), (32 bytes).
    Removing stm32f10x_flash.o(i.FLASH_GetPrefetchBufferStatus), (20 bytes).
    Removing stm32f10x_flash.o(i.FLASH_GetStatus), (40 bytes).
    Removing stm32f10x_flash.o(i.FLASH_HalfCycleAccessCmd), (24 bytes).
    Removing stm32f10x_flash.o(i.FLASH_ITConfig), (24 bytes).
    Removing stm32f10x_flash.o(i.FLASH_LockBank1), (16 bytes).
    Removing stm32f10x_flash.o(i.FLASH_PrefetchBufferCmd), (24 bytes).
    Removing stm32f10x_flash.o(i.FLASH_ProgramHalfWord), (52 bytes).
    Removing stm32f10x_flash.o(i.FLASH_ProgramOptionByteData), (76 bytes).
    Removing stm32f10x_flash.o(i.FLASH_ReadOutProtection), (136 bytes).
    Removing stm32f10x_flash.o(i.FLASH_SetLatency), (20 bytes).
    Removing stm32f10x_flash.o(i.FLASH_UnlockBank1), (24 bytes).
    Removing stm32f10x_flash.o(i.FLASH_WaitForLastBank1Operation), (36 bytes).
    Removing stm32f10x_gpio.o(i.GPIO_AFIODeInit), (22 bytes).
    Removing stm32f10x_gpio.o(i.GPIO_DeInit), (180 bytes).
    Removing stm32f10x_gpio.o(i.GPIO_ETH_MediaInterfaceConfig), (12 bytes).
    Removing stm32f10x_gpio.o(i.GPIO_EventOutputCmd), (12 bytes).
    Removing stm32f10x_gpio.o(i.GPIO_EventOutputConfig), (28 bytes).
    Removing stm32f10x_gpio.o(i.GPIO_PinLockConfig), (16 bytes).
    Removing stm32f10x_gpio.o(i.GPIO_PinRemapConfig), (88 bytes).
    Removing stm32f10x_gpio.o(i.GPIO_ReadInputData), (6 bytes).
    Removing stm32f10x_gpio.o(i.GPIO_ReadOutputData), (6 bytes).
    Removing stm32f10x_gpio.o(i.GPIO_ReadOutputDataBit), (14 bytes).
    Removing stm32f10x_gpio.o(i.GPIO_ResetBits), (4 bytes).
    Removing stm32f10x_gpio.o(i.GPIO_SetBits), (4 bytes).
    Removing stm32f10x_gpio.o(i.GPIO_StructInit), (16 bytes).
    Removing stm32f10x_gpio.o(i.GPIO_Write), (4 bytes).
    Removing stm32f10x_gpio.o(i.GPIO_WriteBit), (10 bytes).
    Removing stm32f10x_i2c.o(i.I2C_ARPCmd), (20 bytes).
    Removing stm32f10x_i2c.o(i.I2C_AcknowledgeConfig), (20 bytes).
    Removing stm32f10x_i2c.o(i.I2C_CalculatePEC), (20 bytes).
    Removing stm32f10x_i2c.o(i.I2C_CheckEvent), (24 bytes).
    Removing stm32f10x_i2c.o(i.I2C_ClearFlag), (6 bytes).
    Removing stm32f10x_i2c.o(i.I2C_ClearITPendingBit), (6 bytes).
    Removing stm32f10x_i2c.o(i.I2C_Cmd), (20 bytes).
    Removing stm32f10x_i2c.o(i.I2C_DMACmd), (20 bytes).
    Removing stm32f10x_i2c.o(i.I2C_DMALastTransferCmd), (20 bytes).
    Removing stm32f10x_i2c.o(i.I2C_DeInit), (44 bytes).
    Removing stm32f10x_i2c.o(i.I2C_DualAddressCmd), (20 bytes).
    Removing stm32f10x_i2c.o(i.I2C_FastModeDutyCycleConfig), (22 bytes).
    Removing stm32f10x_i2c.o(i.I2C_GeneralCallCmd), (20 bytes).
    Removing stm32f10x_i2c.o(i.I2C_GenerateSTART), (20 bytes).
    Removing stm32f10x_i2c.o(i.I2C_GenerateSTOP), (20 bytes).
    Removing stm32f10x_i2c.o(i.I2C_GetFlagStatus), (42 bytes).
    Removing stm32f10x_i2c.o(i.I2C_GetITStatus), (36 bytes).
    Removing stm32f10x_i2c.o(i.I2C_GetLastEvent), (14 bytes).
    Removing stm32f10x_i2c.o(i.I2C_GetPEC), (6 bytes).
    Removing stm32f10x_i2c.o(i.I2C_ITConfig), (16 bytes).
    Removing stm32f10x_i2c.o(i.I2C_Init), (188 bytes).
    Removing stm32f10x_i2c.o(i.I2C_NACKPositionConfig), (22 bytes).
    Removing stm32f10x_i2c.o(i.I2C_OwnAddress2Config), (16 bytes).
    Removing stm32f10x_i2c.o(i.I2C_PECPositionConfig), (22 bytes).
    Removing stm32f10x_i2c.o(i.I2C_ReadRegister), (10 bytes).
    Removing stm32f10x_i2c.o(i.I2C_ReceiveData), (6 bytes).
    Removing stm32f10x_i2c.o(i.I2C_SMBusAlertConfig), (22 bytes).
    Removing stm32f10x_i2c.o(i.I2C_Send7bitAddress), (16 bytes).
    Removing stm32f10x_i2c.o(i.I2C_SendData), (4 bytes).
    Removing stm32f10x_i2c.o(i.I2C_SoftwareResetCmd), (20 bytes).
    Removing stm32f10x_i2c.o(i.I2C_StretchClockCmd), (20 bytes).
    Removing stm32f10x_i2c.o(i.I2C_StructInit), (28 bytes).
    Removing stm32f10x_i2c.o(i.I2C_TransmitPEC), (20 bytes).
    Removing stm32f10x_rcc.o(i.RCC_ADCCLKConfig), (20 bytes).
    Removing stm32f10x_rcc.o(i.RCC_AHBPeriphClockCmd), (24 bytes).
    Removing stm32f10x_rcc.o(i.RCC_APB1PeriphResetCmd), (24 bytes).
    Removing stm32f10x_rcc.o(i.RCC_APB2PeriphResetCmd), (24 bytes).
    Removing stm32f10x_rcc.o(i.RCC_AdjustHSICalibrationValue), (20 bytes).
    Removing stm32f10x_rcc.o(i.RCC_BackupResetCmd), (12 bytes).
    Removing stm32f10x_rcc.o(i.RCC_ClearFlag), (16 bytes).
    Removing stm32f10x_rcc.o(i.RCC_ClearITPendingBit), (12 bytes).
    Removing stm32f10x_rcc.o(i.RCC_ClockSecuritySystemCmd), (12 bytes).
    Removing stm32f10x_rcc.o(i.RCC_DeInit), (64 bytes).
    Removing stm32f10x_rcc.o(i.RCC_GetFlagStatus), (48 bytes).
    Removing stm32f10x_rcc.o(i.RCC_GetITStatus), (20 bytes).
    Removing stm32f10x_rcc.o(i.RCC_GetSYSCLKSource), (16 bytes).
    Removing stm32f10x_rcc.o(i.RCC_HCLKConfig), (20 bytes).
    Removing stm32f10x_rcc.o(i.RCC_HSEConfig), (52 bytes).
    Removing stm32f10x_rcc.o(i.RCC_HSICmd), (12 bytes).
    Removing stm32f10x_rcc.o(i.RCC_ITConfig), (24 bytes).
    Removing stm32f10x_rcc.o(i.RCC_LSEConfig), (32 bytes).
    Removing stm32f10x_rcc.o(i.RCC_LSICmd), (12 bytes).
    Removing stm32f10x_rcc.o(i.RCC_MCOConfig), (12 bytes).
    Removing stm32f10x_rcc.o(i.RCC_PCLK1Config), (20 bytes).
    Removing stm32f10x_rcc.o(i.RCC_PCLK2Config), (20 bytes).
    Removing stm32f10x_rcc.o(i.RCC_PLLCmd), (12 bytes).
    Removing stm32f10x_rcc.o(i.RCC_PLLConfig), (20 bytes).
    Removing stm32f10x_rcc.o(i.RCC_RTCCLKCmd), (12 bytes).
    Removing stm32f10x_rcc.o(i.RCC_RTCCLKConfig), (16 bytes).
    Removing stm32f10x_rcc.o(i.RCC_SYSCLKConfig), (20 bytes).
    Removing stm32f10x_rcc.o(i.RCC_USBCLKConfig), (12 bytes).
    Removing stm32f10x_rcc.o(i.RCC_WaitForHSEStartUp), (44 bytes).
    Removing stm32f10x_sdio.o(i.SDIO_CEATAITCmd), (16 bytes).
    Removing stm32f10x_sdio.o(i.SDIO_ClearFlag), (12 bytes).
    Removing stm32f10x_sdio.o(i.SDIO_ClearITPendingBit), (12 bytes).
    Removing stm32f10x_sdio.o(i.SDIO_ClockCmd), (12 bytes).
    Removing stm32f10x_sdio.o(i.SDIO_CmdStructInit), (14 bytes).
    Removing stm32f10x_sdio.o(i.SDIO_CommandCompletionCmd), (12 bytes).
    Removing stm32f10x_sdio.o(i.SDIO_DMACmd), (12 bytes).
    Removing stm32f10x_sdio.o(i.SDIO_DataConfig), (44 bytes).
    Removing stm32f10x_sdio.o(i.SDIO_DataStructInit), (20 bytes).
    Removing stm32f10x_sdio.o(i.SDIO_DeInit), (36 bytes).
    Removing stm32f10x_sdio.o(i.SDIO_GetCommandResponse), (12 bytes).
    Removing stm32f10x_sdio.o(i.SDIO_GetDataCounter), (12 bytes).
    Removing stm32f10x_sdio.o(i.SDIO_GetFIFOCount), (12 bytes).
    Removing stm32f10x_sdio.o(i.SDIO_GetFlagStatus), (20 bytes).
    Removing stm32f10x_sdio.o(i.SDIO_GetITStatus), (20 bytes).
    Removing stm32f10x_sdio.o(i.SDIO_GetPowerState), (16 bytes).
    Removing stm32f10x_sdio.o(i.SDIO_GetResponse), (16 bytes).
    Removing stm32f10x_sdio.o(i.SDIO_ITConfig), (24 bytes).
    Removing stm32f10x_sdio.o(i.SDIO_Init), (44 bytes).
    Removing stm32f10x_sdio.o(i.SDIO_ReadData), (12 bytes).
    Removing stm32f10x_sdio.o(i.SDIO_SendCEATACmd), (12 bytes).
    Removing stm32f10x_sdio.o(i.SDIO_SendCommand), (40 bytes).
    Removing stm32f10x_sdio.o(i.SDIO_SendSDIOSuspendCmd), (12 bytes).
    Removing stm32f10x_sdio.o(i.SDIO_SetPowerState), (24 bytes).
    Removing stm32f10x_sdio.o(i.SDIO_SetSDIOOperation), (12 bytes).
    Removing stm32f10x_sdio.o(i.SDIO_SetSDIOReadWaitMode), (12 bytes).
    Removing stm32f10x_sdio.o(i.SDIO_StartSDIOReadWait), (12 bytes).
    Removing stm32f10x_sdio.o(i.SDIO_StopSDIOReadWait), (12 bytes).
    Removing stm32f10x_sdio.o(i.SDIO_StructInit), (16 bytes).
    Removing stm32f10x_sdio.o(i.SDIO_WriteData), (12 bytes).
    Removing stm32f10x_spi.o(i.I2S_Cmd), (20 bytes).
    Removing stm32f10x_spi.o(i.I2S_Init), (152 bytes).
    Removing stm32f10x_spi.o(i.I2S_StructInit), (18 bytes).
    Removing stm32f10x_spi.o(i.SPI_BiDirectionalLineConfig), (22 bytes).
    Removing stm32f10x_spi.o(i.SPI_CalculateCRC), (20 bytes).
    Removing stm32f10x_spi.o(i.SPI_Cmd), (20 bytes).
    Removing stm32f10x_spi.o(i.SPI_DataSizeConfig), (16 bytes).
    Removing stm32f10x_spi.o(i.SPI_GetCRC), (12 bytes).
    Removing stm32f10x_spi.o(i.SPI_GetCRCPolynomial), (4 bytes).
    Removing stm32f10x_spi.o(i.SPI_I2S_ClearFlag), (6 bytes).
    Removing stm32f10x_spi.o(i.SPI_I2S_ClearITPendingBit), (14 bytes).
    Removing stm32f10x_spi.o(i.SPI_I2S_DMACmd), (16 bytes).
    Removing stm32f10x_spi.o(i.SPI_I2S_DeInit), (84 bytes).
    Removing stm32f10x_spi.o(i.SPI_I2S_GetFlagStatus), (14 bytes).
    Removing stm32f10x_spi.o(i.SPI_I2S_GetITStatus), (42 bytes).
    Removing stm32f10x_spi.o(i.SPI_I2S_ITConfig), (24 bytes).
    Removing stm32f10x_spi.o(i.SPI_I2S_ReceiveData), (4 bytes).
    Removing stm32f10x_spi.o(i.SPI_I2S_SendData), (4 bytes).
    Removing stm32f10x_spi.o(i.SPI_Init), (56 bytes).
    Removing stm32f10x_spi.o(i.SPI_NSSInternalSoftwareConfig), (24 bytes).
    Removing stm32f10x_spi.o(i.SPI_SSOutputCmd), (20 bytes).
    Removing stm32f10x_spi.o(i.SPI_StructInit), (24 bytes).
    Removing stm32f10x_spi.o(i.SPI_TransmitCRC), (10 bytes).
    Removing stm32f10x_usart.o(i.USART_ClearFlag), (6 bytes).
    Removing stm32f10x_usart.o(i.USART_ClearITPendingBit), (12 bytes).
    Removing stm32f10x_usart.o(i.USART_ClockInit), (30 bytes).
    Removing stm32f10x_usart.o(i.USART_ClockStructInit), (12 bytes).
    Removing stm32f10x_usart.o(i.USART_DMACmd), (16 bytes).
    Removing stm32f10x_usart.o(i.USART_DeInit), (116 bytes).
    Removing stm32f10x_usart.o(i.USART_GetITStatus), (62 bytes).
    Removing stm32f10x_usart.o(i.USART_HalfDuplexCmd), (20 bytes).
    Removing stm32f10x_usart.o(i.USART_ITConfig), (48 bytes).
    Removing stm32f10x_usart.o(i.USART_IrDACmd), (20 bytes).
    Removing stm32f10x_usart.o(i.USART_IrDAConfig), (16 bytes).
    Removing stm32f10x_usart.o(i.USART_LINBreakDetectLengthConfig), (16 bytes).
    Removing stm32f10x_usart.o(i.USART_LINCmd), (20 bytes).
    Removing stm32f10x_usart.o(i.USART_OneBitMethodCmd), (20 bytes).
    Removing stm32f10x_usart.o(i.USART_OverSampling8Cmd), (20 bytes).
    Removing stm32f10x_usart.o(i.USART_ReceiveData), (8 bytes).
    Removing stm32f10x_usart.o(i.USART_ReceiverWakeUpCmd), (20 bytes).
    Removing stm32f10x_usart.o(i.USART_SendBreak), (10 bytes).
    Removing stm32f10x_usart.o(i.USART_SetAddress), (16 bytes).
    Removing stm32f10x_usart.o(i.USART_SetGuardTime), (16 bytes).
    Removing stm32f10x_usart.o(i.USART_SetPrescaler), (16 bytes).
    Removing stm32f10x_usart.o(i.USART_SmartCardCmd), (20 bytes).
    Removing stm32f10x_usart.o(i.USART_SmartCardNACKCmd), (20 bytes).
    Removing stm32f10x_usart.o(i.USART_StructInit), (22 bytes).
    Removing stm32f10x_usart.o(i.USART_WakeUpConfig), (16 bytes).
    Removing stm32_eval.o(i.LM75_LowLevel_DeInit), (88 bytes).
    Removing stm32_eval.o(i.LM75_LowLevel_Init), (88 bytes).
    Removing stm32_eval.o(i.SD_LowLevel_DeInit), (124 bytes).
    Removing stm32_eval.o(i.SD_LowLevel_Init), (208 bytes).
    Removing stm32_eval.o(i.STM_EVAL_LEDToggle), (28 bytes).
    Removing stm32_eval.o(i.sEE_LowLevel_DMAConfig), (44 bytes).
    Removing stm32_eval.o(i.sEE_LowLevel_DeInit), (160 bytes).
    Removing stm32_eval.o(i.sEE_LowLevel_Init), (228 bytes).
    Removing stm32_eval.o(i.sFLASH_LowLevel_DeInit), (104 bytes).
    Removing stm32_eval.o(i.sFLASH_LowLevel_Init), (108 bytes).
    Removing stm32_eval.o(.bss), (44 bytes).
    Removing common.o(i.GetInputString), (116 bytes).
    Removing common.o(i.GetIntegerInput), (112 bytes).
    Removing upload.o(i.SerialUpload), (232 bytes).
    Removing ymodem.o(i.CalChecksum), (22 bytes).
    Removing ymodem.o(i.Cal_CRC16), (40 bytes).
    Removing ymodem.o(i.UpdateCRC16), (32 bytes).
    Removing ymodem.o(i.Ymodem_CheckResponse), (4 bytes).
    Removing ymodem.o(i.Ymodem_PrepareIntialPacket), (88 bytes).
    Removing ymodem.o(i.Ymodem_PreparePacket), (86 bytes).
    Removing ymodem.o(i.Ymodem_SendPacket), (26 bytes).
    Removing ymodem.o(i.Ymodem_Transmit), (520 bytes).

218 unused section(s) (total 8134 bytes) removed from the image.

==============================================================================

Image Symbol Table

    Local Symbols

    Symbol Name                              Value     Ov Type        Size  Object(Section)

    ../clib/microlib/init/entry.s            0x00000000   Number         0  entry8a.o ABSOLUTE
    ../clib/microlib/init/entry.s            0x00000000   Number         0  entry11b.o ABSOLUTE
    ../clib/microlib/init/entry.s            0x00000000   Number         0  entry11a.o ABSOLUTE
    ../clib/microlib/init/entry.s            0x00000000   Number         0  entry2.o ABSOLUTE
    ../clib/microlib/init/entry.s            0x00000000   Number         0  entry5.o ABSOLUTE
    ../clib/microlib/init/entry.s            0x00000000   Number         0  entry7a.o ABSOLUTE
    ../clib/microlib/init/entry.s            0x00000000   Number         0  entry7b.o ABSOLUTE
    ../clib/microlib/init/entry.s            0x00000000   Number         0  entry10b.o ABSOLUTE
    ../clib/microlib/init/entry.s            0x00000000   Number         0  entry10a.o ABSOLUTE
    ../clib/microlib/init/entry.s            0x00000000   Number         0  entry9b.o ABSOLUTE
    ../clib/microlib/init/entry.s            0x00000000   Number         0  entry8b.o ABSOLUTE
    ../clib/microlib/init/entry.s            0x00000000   Number         0  entry9a.o ABSOLUTE
    ../clib/microlib/init/entry.s            0x00000000   Number         0  entry.o ABSOLUTE
    ../clib/microlib/string/memcpy.c         0x00000000   Number         0  memcpyb.o ABSOLUTE
    ../clib/microlib/string/memcpy.c         0x00000000   Number         0  memcpya.o ABSOLUTE
    ..\Bsp\stm32_eval.c                      0x00000000   Number         0  stm32_eval.o ABSOLUTE
    ..\Libraries\CMSIS\CM3\CoreSupport\core_cm3.c 0x00000000   Number         0  core_cm3.o ABSOLUTE
    ..\Libraries\CMSIS\CM3\DeviceSupport\ST\STM32F10x\system_stm32f10x.c 0x00000000   Number         0  system_stm32f10x.o ABSOLUTE
    ..\Libraries\STM32F10x_StdPeriph_Driver\src\misc.c 0x00000000   Number         0  misc.o ABSOLUTE
    ..\Libraries\STM32F10x_StdPeriph_Driver\src\stm32f10x_dma.c 0x00000000   Number         0  stm32f10x_dma.o ABSOLUTE
    ..\Libraries\STM32F10x_StdPeriph_Driver\src\stm32f10x_exti.c 0x00000000   Number         0  stm32f10x_exti.o ABSOLUTE
    ..\Libraries\STM32F10x_StdPeriph_Driver\src\stm32f10x_flash.c 0x00000000   Number         0  stm32f10x_flash.o ABSOLUTE
    ..\Libraries\STM32F10x_StdPeriph_Driver\src\stm32f10x_gpio.c 0x00000000   Number         0  stm32f10x_gpio.o ABSOLUTE
    ..\Libraries\STM32F10x_StdPeriph_Driver\src\stm32f10x_i2c.c 0x00000000   Number         0  stm32f10x_i2c.o ABSOLUTE
    ..\Libraries\STM32F10x_StdPeriph_Driver\src\stm32f10x_rcc.c 0x00000000   Number         0  stm32f10x_rcc.o ABSOLUTE
    ..\Libraries\STM32F10x_StdPeriph_Driver\src\stm32f10x_sdio.c 0x00000000   Number         0  stm32f10x_sdio.o ABSOLUTE
    ..\Libraries\STM32F10x_StdPeriph_Driver\src\stm32f10x_spi.c 0x00000000   Number         0  stm32f10x_spi.o ABSOLUTE
    ..\Libraries\STM32F10x_StdPeriph_Driver\src\stm32f10x_usart.c 0x00000000   Number         0  stm32f10x_usart.o ABSOLUTE
    ..\User\common.c                         0x00000000   Number         0  common.o ABSOLUTE
    ..\User\download.c                       0x00000000   Number         0  download.o ABSOLUTE
    ..\User\main.c                           0x00000000   Number         0  main.o ABSOLUTE
    ..\User\stm32f10x_it.c                   0x00000000   Number         0  stm32f10x_it.o ABSOLUTE
    ..\User\upload.c                         0x00000000   Number         0  upload.o ABSOLUTE
    ..\User\ymodem.c                         0x00000000   Number         0  ymodem.o ABSOLUTE
    ..\\Libraries\\CMSIS\\CM3\\CoreSupport\\core_cm3.c 0x00000000   Number         0  core_cm3.o ABSOLUTE
    dc.s                                     0x00000000   Number         0  dc.o ABSOLUTE
    handlers.s                               0x00000000   Number         0  handlers.o ABSOLUTE
    init.s                                   0x00000000   Number         0  init.o ABSOLUTE
    startup_stm32f10x_md.s                   0x00000000   Number         0  startup_stm32f10x_md.o ABSOLUTE
    RESET                                    0x08000000   Section      236  startup_stm32f10x_md.o(RESET)
    .ARM.Collect$$$$00000000                 0x080000ec   Section        0  entry.o(.ARM.Collect$$$$00000000)
    .ARM.Collect$$$$00000001                 0x080000ec   Section        4  entry2.o(.ARM.Collect$$$$00000001)
    .ARM.Collect$$$$00000004                 0x080000f0   Section        4  entry5.o(.ARM.Collect$$$$00000004)
    .ARM.Collect$$$$00000008                 0x080000f4   Section        0  entry7b.o(.ARM.Collect$$$$00000008)
    .ARM.Collect$$$$0000000A                 0x080000f4   Section        0  entry8b.o(.ARM.Collect$$$$0000000A)
    .ARM.Collect$$$$0000000B                 0x080000f4   Section        8  entry9a.o(.ARM.Collect$$$$0000000B)
    .ARM.Collect$$$$0000000D                 0x080000fc   Section        0  entry10a.o(.ARM.Collect$$$$0000000D)
    .ARM.Collect$$$$0000000F                 0x080000fc   Section        0  entry11a.o(.ARM.Collect$$$$0000000F)
    .ARM.Collect$$$$00002712                 0x080000fc   Section        4  entry2.o(.ARM.Collect$$$$00002712)
    __lit__00000000                          0x080000fc   Data           4  entry2.o(.ARM.Collect$$$$00002712)
    .emb_text                                0x08000100   Section       32  core_cm3.o(.emb_text)
    .text                                    0x08000120   Section       36  startup_stm32f10x_md.o(.text)
    .text                                    0x08000144   Section        0  memcpya.o(.text)
    .text                                    0x08000168   Section       36  init.o(.text)
    i.BusFault_Handler                       0x0800018c   Section        0  stm32f10x_it.o(i.BusFault_Handler)
    i.DebugMon_Handler                       0x0800018e   Section        0  stm32f10x_it.o(i.DebugMon_Handler)
    i.EXTI_Init                              0x08000190   Section        0  stm32f10x_exti.o(i.EXTI_Init)
    i.FLASH_DisableWriteProtectionPages      0x08000200   Section        0  common.o(i.FLASH_DisableWriteProtectionPages)
    i.FLASH_EnableWriteProtection            0x08000318   Section        0  stm32f10x_flash.o(i.FLASH_EnableWriteProtection)
    i.FLASH_EraseOptionBytes                 0x080003c4   Section        0  stm32f10x_flash.o(i.FLASH_EraseOptionBytes)
    i.FLASH_ErasePage                        0x08000440   Section        0  stm32f10x_flash.o(i.FLASH_ErasePage)
    i.FLASH_GetBank1Status                   0x0800047c   Section        0  stm32f10x_flash.o(i.FLASH_GetBank1Status)
    i.FLASH_GetReadOutProtectionStatus       0x080004a4   Section        0  stm32f10x_flash.o(i.FLASH_GetReadOutProtectionStatus)
    i.FLASH_GetUserOptionByte                0x080004b8   Section        0  stm32f10x_flash.o(i.FLASH_GetUserOptionByte)
    i.FLASH_GetWriteProtectionOptionByte     0x080004c4   Section        0  stm32f10x_flash.o(i.FLASH_GetWriteProtectionOptionByte)
    i.FLASH_Lock                             0x080004d0   Section        0  stm32f10x_flash.o(i.FLASH_Lock)
    i.FLASH_PagesMask                        0x080004e0   Section        0  common.o(i.FLASH_PagesMask)
    i.FLASH_ProgramWord                      0x080004f4   Section        0  stm32f10x_flash.o(i.FLASH_ProgramWord)
    i.FLASH_Unlock                           0x08000544   Section        0  stm32f10x_flash.o(i.FLASH_Unlock)
    i.FLASH_UserOptionByteConfig             0x0800055c   Section        0  stm32f10x_flash.o(i.FLASH_UserOptionByteConfig)
    i.FLASH_WaitForLastOperation             0x080005bc   Section        0  stm32f10x_flash.o(i.FLASH_WaitForLastOperation)
    i.GPIO_EXTILineConfig                    0x080005e0   Section        0  stm32f10x_gpio.o(i.GPIO_EXTILineConfig)
    i.GPIO_Init                              0x08000608   Section        0  stm32f10x_gpio.o(i.GPIO_Init)
    i.GPIO_ReadInputDataBit                  0x080006aa   Section        0  stm32f10x_gpio.o(i.GPIO_ReadInputDataBit)
    i.GetKey                                 0x080006b8   Section        0  common.o(i.GetKey)
    i.HardFault_Handler                      0x080006d0   Section        0  stm32f10x_it.o(i.HardFault_Handler)
    i.IAP_Init                               0x080006d2   Section        0  common.o(i.IAP_Init)
    i.IAP_JumpToApplication                  0x080006f8   Section        0  common.o(i.IAP_JumpToApplication)
    i.Int2Str                                0x0800073c   Section        0  common.o(i.Int2Str)
    i.Main_Menu                              0x0800077c   Section        0  common.o(i.Main_Menu)
    i.MemManage_Handler                      0x08000a18   Section        0  stm32f10x_it.o(i.MemManage_Handler)
    i.NMI_Handler                            0x08000a1a   Section        0  stm32f10x_it.o(i.NMI_Handler)
    i.NVIC_Init                              0x08000a1c   Section        0  misc.o(i.NVIC_Init)
    i.PendSV_Handler                         0x08000a80   Section        0  stm32f10x_it.o(i.PendSV_Handler)
    i.RCC_APB1PeriphClockCmd                 0x08000a84   Section        0  stm32f10x_rcc.o(i.RCC_APB1PeriphClockCmd)
    i.RCC_APB2PeriphClockCmd                 0x08000a9c   Section        0  stm32f10x_rcc.o(i.RCC_APB2PeriphClockCmd)
    i.RCC_GetClocksFreq                      0x08000ab4   Section        0  stm32f10x_rcc.o(i.RCC_GetClocksFreq)
    i.Receive_Byte                           0x08000b44   Section        0  ymodem.o(i.Receive_Byte)
    Receive_Byte                             0x08000b45   Thumb Code    32  ymodem.o(i.Receive_Byte)
    i.Receive_Packet                         0x08000b64   Section        0  ymodem.o(i.Receive_Packet)
    Receive_Packet                           0x08000b65   Thumb Code   152  ymodem.o(i.Receive_Packet)
    i.STM_EVAL_COMInit                       0x08000bfc   Section        0  stm32_eval.o(i.STM_EVAL_COMInit)
    i.STM_EVAL_LEDInit                       0x08000ca0   Section        0  stm32_eval.o(i.STM_EVAL_LEDInit)
    i.STM_EVAL_LEDOff                        0x08000ce0   Section        0  stm32_eval.o(i.STM_EVAL_LEDOff)
    i.STM_EVAL_LEDOn                         0x08000cf8   Section        0  stm32_eval.o(i.STM_EVAL_LEDOn)
    i.STM_EVAL_PBGetState                    0x08000d10   Section        0  stm32_eval.o(i.STM_EVAL_PBGetState)
    i.STM_EVAL_PBInit                        0x08000d28   Section        0  stm32_eval.o(i.STM_EVAL_PBInit)
    i.SVC_Handler                            0x08000dc4   Section        0  stm32f10x_it.o(i.SVC_Handler)
    i.SerialDownload                         0x08000dc8   Section        0  download.o(i.SerialDownload)
    i.SerialKeyPressed                       0x08000f54   Section        0  common.o(i.SerialKeyPressed)
    i.SerialPutChar                          0x08000f80   Section        0  common.o(i.SerialPutChar)
    i.Serial_PutString                       0x08000fb0   Section        0  common.o(i.Serial_PutString)
    i.SetSysClockTo72                        0x08000fc8   Section        0  system_stm32f10x.o(i.SetSysClockTo72)
    SetSysClockTo72                          0x08000fc9   Thumb Code   160  system_stm32f10x.o(i.SetSysClockTo72)
    i.Str2Int                                0x08001070   Section        0  common.o(i.Str2Int)
    i.SysTick_Handler                        0x0800112c   Section        0  stm32f10x_it.o(i.SysTick_Handler)
    i.SystemInit                             0x08001130   Section        0  system_stm32f10x.o(i.SystemInit)
    i.USART_Cmd                              0x08001180   Section        0  stm32f10x_usart.o(i.USART_Cmd)
    i.USART_GetFlagStatus                    0x08001194   Section        0  stm32f10x_usart.o(i.USART_GetFlagStatus)
    i.USART_Init                             0x080011a4   Section        0  stm32f10x_usart.o(i.USART_Init)
    i.USART_SendData                         0x08001250   Section        0  stm32f10x_usart.o(i.USART_SendData)
    i.UsageFault_Handler                     0x08001258   Section        0  stm32f10x_it.o(i.UsageFault_Handler)
    i.Ymodem_Receive                         0x0800125c   Section        0  ymodem.o(i.Ymodem_Receive)
    i.__scatterload_copy                     0x08001420   Section       14  handlers.o(i.__scatterload_copy)
    i.__scatterload_null                     0x0800142e   Section        2  handlers.o(i.__scatterload_null)
    i.__scatterload_zeroinit                 0x08001430   Section       14  handlers.o(i.__scatterload_zeroinit)
    i.main                                   0x0800143e   Section        0  main.o(i.main)
    .constdata                               0x08001480   Section      168  stm32_eval.o(.constdata)
    .conststring                             0x08001528   Section      506  common.o(.conststring)
    .conststring                             0x08001724   Section       83  download.o(.conststring)
    .data                                    0x20000000   Section       20  stm32f10x_rcc.o(.data)
    ADCPrescTable                            0x20000000   Data           4  stm32f10x_rcc.o(.data)
    APBAHBPrescTable                         0x20000004   Data          16  stm32f10x_rcc.o(.data)
    .data                                    0x20000014   Section       72  stm32_eval.o(.data)
    .data                                    0x2000005c   Section       12  common.o(.data)
    .data                                    0x20000068   Section       20  ymodem.o(.data)
    .bss                                     0x2000007c   Section     1024  download.o(.bss)
    .bss                                     0x2000047c   Section      256  ymodem.o(.bss)
    STACK                                    0x20000580   Section     2048  startup_stm32f10x_md.o(STACK)

    Global Symbols

    Symbol Name                              Value     Ov Type        Size  Object(Section)

    BuildAttributes$$THM_ISAv4$P$D$K$B$S$PE$A:L22UL41UL21$X:L11$S22US41US21$IEEE1$IW$USESV6$~STKCKD$USESV7$~SHL$OSPACE$EBA8$MICROLIB$REQ8$PRES8$EABIv2 0x00000000   Number         0  anon$$obj.o ABSOLUTE
    __ARM_use_no_argv                        0x00000000   Number         0  main.o ABSOLUTE
    __cpp_initialize__aeabi_                  - Undefined Weak Reference
    __cxa_finalize                            - Undefined Weak Reference
    __decompress                              - Undefined Weak Reference
    _clock_init                               - Undefined Weak Reference
    _microlib_exit                            - Undefined Weak Reference
    __Vectors_Size                           0x000000ec   Number         0  startup_stm32f10x_md.o ABSOLUTE
    __Vectors                                0x08000000   Data           4  startup_stm32f10x_md.o(RESET)
    __Vectors_End                            0x080000ec   Data           0  startup_stm32f10x_md.o(RESET)
    __main                                   0x080000ed   Thumb Code     0  entry.o(.ARM.Collect$$$$00000000)
    _main_stk                                0x080000ed   Thumb Code     0  entry2.o(.ARM.Collect$$$$00000001)
    _main_scatterload                        0x080000f1   Thumb Code     0  entry5.o(.ARM.Collect$$$$00000004)
    __main_after_scatterload                 0x080000f5   Thumb Code     0  entry5.o(.ARM.Collect$$$$00000004)
    _main_clock                              0x080000f5   Thumb Code     0  entry7b.o(.ARM.Collect$$$$00000008)
    _main_cpp_init                           0x080000f5   Thumb Code     0  entry8b.o(.ARM.Collect$$$$0000000A)
    _main_init                               0x080000f5   Thumb Code     0  entry9a.o(.ARM.Collect$$$$0000000B)
    __rt_final_cpp                           0x080000fd   Thumb Code     0  entry10a.o(.ARM.Collect$$$$0000000D)
    __rt_final_exit                          0x080000fd   Thumb Code     0  entry11a.o(.ARM.Collect$$$$0000000F)
    __get_PSP                                0x08000101   Thumb Code     6  core_cm3.o(.emb_text)
    __set_PSP                                0x08000107   Thumb Code     6  core_cm3.o(.emb_text)
    __get_MSP                                0x0800010d   Thumb Code     6  core_cm3.o(.emb_text)
    __set_MSP                                0x08000113   Thumb Code     6  core_cm3.o(.emb_text)
    __REV16                                  0x08000119   Thumb Code     4  core_cm3.o(.emb_text)
    __REVSH                                  0x0800011d   Thumb Code     4  core_cm3.o(.emb_text)
    Reset_Handler                            0x08000121   Thumb Code     8  startup_stm32f10x_md.o(.text)
    ADC1_2_IRQHandler                        0x0800013b   Thumb Code     0  startup_stm32f10x_md.o(.text)
    CAN1_RX1_IRQHandler                      0x0800013b   Thumb Code     0  startup_stm32f10x_md.o(.text)
    CAN1_SCE_IRQHandler                      0x0800013b   Thumb Code     0  startup_stm32f10x_md.o(.text)
    DMA1_Channel1_IRQHandler                 0x0800013b   Thumb Code     0  startup_stm32f10x_md.o(.text)
    DMA1_Channel2_IRQHandler                 0x0800013b   Thumb Code     0  startup_stm32f10x_md.o(.text)
    DMA1_Channel3_IRQHandler                 0x0800013b   Thumb Code     0  startup_stm32f10x_md.o(.text)
    DMA1_Channel4_IRQHandler                 0x0800013b   Thumb Code     0  startup_stm32f10x_md.o(.text)
    DMA1_Channel5_IRQHandler                 0x0800013b   Thumb Code     0  startup_stm32f10x_md.o(.text)
    DMA1_Channel6_IRQHandler                 0x0800013b   Thumb Code     0  startup_stm32f10x_md.o(.text)
    DMA1_Channel7_IRQHandler                 0x0800013b   Thumb Code     0  startup_stm32f10x_md.o(.text)
    EXTI0_IRQHandler                         0x0800013b   Thumb Code     0  startup_stm32f10x_md.o(.text)
    EXTI15_10_IRQHandler                     0x0800013b   Thumb Code     0  startup_stm32f10x_md.o(.text)
    EXTI1_IRQHandler                         0x0800013b   Thumb Code     0  startup_stm32f10x_md.o(.text)
    EXTI2_IRQHandler                         0x0800013b   Thumb Code     0  startup_stm32f10x_md.o(.text)
    EXTI3_IRQHandler                         0x0800013b   Thumb Code     0  startup_stm32f10x_md.o(.text)
    EXTI4_IRQHandler                         0x0800013b   Thumb Code     0  startup_stm32f10x_md.o(.text)
    EXTI9_5_IRQHandler                       0x0800013b   Thumb Code     0  startup_stm32f10x_md.o(.text)
    FLASH_IRQHandler                         0x0800013b   Thumb Code     0  startup_stm32f10x_md.o(.text)
    I2C1_ER_IRQHandler                       0x0800013b   Thumb Code     0  startup_stm32f10x_md.o(.text)
    I2C1_EV_IRQHandler                       0x0800013b   Thumb Code     0  startup_stm32f10x_md.o(.text)
    I2C2_ER_IRQHandler                       0x0800013b   Thumb Code     0  startup_stm32f10x_md.o(.text)
    I2C2_EV_IRQHandler                       0x0800013b   Thumb Code     0  startup_stm32f10x_md.o(.text)
    PVD_IRQHandler                           0x0800013b   Thumb Code     0  startup_stm32f10x_md.o(.text)
    RCC_IRQHandler                           0x0800013b   Thumb Code     0  startup_stm32f10x_md.o(.text)
    RTCAlarm_IRQHandler                      0x0800013b   Thumb Code     0  startup_stm32f10x_md.o(.text)
    RTC_IRQHandler                           0x0800013b   Thumb Code     0  startup_stm32f10x_md.o(.text)
    SPI1_IRQHandler                          0x0800013b   Thumb Code     0  startup_stm32f10x_md.o(.text)
    SPI2_IRQHandler                          0x0800013b   Thumb Code     0  startup_stm32f10x_md.o(.text)
    TAMPER_IRQHandler                        0x0800013b   Thumb Code     0  startup_stm32f10x_md.o(.text)
    TIM1_BRK_IRQHandler                      0x0800013b   Thumb Code     0  startup_stm32f10x_md.o(.text)
    TIM1_CC_IRQHandler                       0x0800013b   Thumb Code     0  startup_stm32f10x_md.o(.text)
    TIM1_TRG_COM_IRQHandler                  0x0800013b   Thumb Code     0  startup_stm32f10x_md.o(.text)
    TIM1_UP_IRQHandler                       0x0800013b   Thumb Code     0  startup_stm32f10x_md.o(.text)
    TIM2_IRQHandler                          0x0800013b   Thumb Code     0  startup_stm32f10x_md.o(.text)
    TIM3_IRQHandler                          0x0800013b   Thumb Code     0  startup_stm32f10x_md.o(.text)
    TIM4_IRQHandler                          0x0800013b   Thumb Code     0  startup_stm32f10x_md.o(.text)
    USART1_IRQHandler                        0x0800013b   Thumb Code     0  startup_stm32f10x_md.o(.text)
    USART2_IRQHandler                        0x0800013b   Thumb Code     0  startup_stm32f10x_md.o(.text)
    USART3_IRQHandler                        0x0800013b   Thumb Code     0  startup_stm32f10x_md.o(.text)
    USBWakeUp_IRQHandler                     0x0800013b   Thumb Code     0  startup_stm32f10x_md.o(.text)
    USB_HP_CAN1_TX_IRQHandler                0x0800013b   Thumb Code     0  startup_stm32f10x_md.o(.text)
    USB_LP_CAN1_RX0_IRQHandler               0x0800013b   Thumb Code     0  startup_stm32f10x_md.o(.text)
    WWDG_IRQHandler                          0x0800013b   Thumb Code     0  startup_stm32f10x_md.o(.text)
    __aeabi_memcpy                           0x08000145   Thumb Code    36  memcpya.o(.text)
    __aeabi_memcpy4                          0x08000145   Thumb Code     0  memcpya.o(.text)
    __aeabi_memcpy8                          0x08000145   Thumb Code     0  memcpya.o(.text)
    __scatterload                            0x08000169   Thumb Code    28  init.o(.text)
    __scatterload_rt2                        0x08000169   Thumb Code     0  init.o(.text)
    BusFault_Handler                         0x0800018d   Thumb Code     2  stm32f10x_it.o(i.BusFault_Handler)
    DebugMon_Handler                         0x0800018f   Thumb Code     2  stm32f10x_it.o(i.DebugMon_Handler)
    EXTI_Init                                0x08000191   Thumb Code   108  stm32f10x_exti.o(i.EXTI_Init)
    FLASH_DisableWriteProtectionPages        0x08000201   Thumb Code   146  common.o(i.FLASH_DisableWriteProtectionPages)
    FLASH_EnableWriteProtection              0x08000319   Thumb Code   156  stm32f10x_flash.o(i.FLASH_EnableWriteProtection)
    FLASH_EraseOptionBytes                   0x080003c5   Thumb Code   108  stm32f10x_flash.o(i.FLASH_EraseOptionBytes)
    FLASH_ErasePage                          0x08000441   Thumb Code    56  stm32f10x_flash.o(i.FLASH_ErasePage)
    FLASH_GetBank1Status                     0x0800047d   Thumb Code    34  stm32f10x_flash.o(i.FLASH_GetBank1Status)
    FLASH_GetReadOutProtectionStatus         0x080004a5   Thumb Code    14  stm32f10x_flash.o(i.FLASH_GetReadOutProtectionStatus)
    FLASH_GetUserOptionByte                  0x080004b9   Thumb Code     8  stm32f10x_flash.o(i.FLASH_GetUserOptionByte)
    FLASH_GetWriteProtectionOptionByte       0x080004c5   Thumb Code     6  stm32f10x_flash.o(i.FLASH_GetWriteProtectionOptionByte)
    FLASH_Lock                               0x080004d1   Thumb Code    12  stm32f10x_flash.o(i.FLASH_Lock)
    FLASH_PagesMask                          0x080004e1   Thumb Code    20  common.o(i.FLASH_PagesMask)
    FLASH_ProgramWord                        0x080004f5   Thumb Code    76  stm32f10x_flash.o(i.FLASH_ProgramWord)
    FLASH_Unlock                             0x08000545   Thumb Code    12  stm32f10x_flash.o(i.FLASH_Unlock)
    FLASH_UserOptionByteConfig               0x0800055d   Thumb Code    78  stm32f10x_flash.o(i.FLASH_UserOptionByteConfig)
    FLASH_WaitForLastOperation               0x080005bd   Thumb Code    36  stm32f10x_flash.o(i.FLASH_WaitForLastOperation)
    GPIO_EXTILineConfig                      0x080005e1   Thumb Code    34  stm32f10x_gpio.o(i.GPIO_EXTILineConfig)
    GPIO_Init                                0x08000609   Thumb Code   162  stm32f10x_gpio.o(i.GPIO_Init)
    GPIO_ReadInputDataBit                    0x080006ab   Thumb Code    14  stm32f10x_gpio.o(i.GPIO_ReadInputDataBit)
    GetKey                                   0x080006b9   Thumb Code    24  common.o(i.GetKey)
    HardFault_Handler                        0x080006d1   Thumb Code     2  stm32f10x_it.o(i.HardFault_Handler)
    IAP_Init                                 0x080006d3   Thumb Code    38  common.o(i.IAP_Init)
    IAP_JumpToApplication                    0x080006f9   Thumb Code    32  common.o(i.IAP_JumpToApplication)
    Int2Str                                  0x0800073d   Thumb Code    60  common.o(i.Int2Str)
    Main_Menu                                0x0800077d   Thumb Code   196  common.o(i.Main_Menu)
    MemManage_Handler                        0x08000a19   Thumb Code     2  stm32f10x_it.o(i.MemManage_Handler)
    NMI_Handler                              0x08000a1b   Thumb Code     2  stm32f10x_it.o(i.NMI_Handler)
    NVIC_Init                                0x08000a1d   Thumb Code    94  misc.o(i.NVIC_Init)
    PendSV_Handler                           0x08000a81   Thumb Code     2  stm32f10x_it.o(i.PendSV_Handler)
    RCC_APB1PeriphClockCmd                   0x08000a85   Thumb Code    18  stm32f10x_rcc.o(i.RCC_APB1PeriphClockCmd)
    RCC_APB2PeriphClockCmd                   0x08000a9d   Thumb Code    18  stm32f10x_rcc.o(i.RCC_APB2PeriphClockCmd)
    RCC_GetClocksFreq                        0x08000ab5   Thumb Code   128  stm32f10x_rcc.o(i.RCC_GetClocksFreq)
    STM_EVAL_COMInit                         0x08000bfd   Thumb Code   154  stm32_eval.o(i.STM_EVAL_COMInit)
    STM_EVAL_LEDInit                         0x08000ca1   Thumb Code    54  stm32_eval.o(i.STM_EVAL_LEDInit)
    STM_EVAL_LEDOff                          0x08000ce1   Thumb Code    16  stm32_eval.o(i.STM_EVAL_LEDOff)
    STM_EVAL_LEDOn                           0x08000cf9   Thumb Code    16  stm32_eval.o(i.STM_EVAL_LEDOn)
    STM_EVAL_PBGetState                      0x08000d11   Thumb Code    16  stm32_eval.o(i.STM_EVAL_PBGetState)
    STM_EVAL_PBInit                          0x08000d29   Thumb Code   148  stm32_eval.o(i.STM_EVAL_PBInit)
    SVC_Handler                              0x08000dc5   Thumb Code     2  stm32f10x_it.o(i.SVC_Handler)
    SerialDownload                           0x08000dc9   Thumb Code   100  download.o(i.SerialDownload)
    SerialKeyPressed                         0x08000f55   Thumb Code    40  common.o(i.SerialKeyPressed)
    SerialPutChar                            0x08000f81   Thumb Code    42  common.o(i.SerialPutChar)
    Serial_PutString                         0x08000fb1   Thumb Code    22  common.o(i.Serial_PutString)
    Str2Int                                  0x08001071   Thumb Code   188  common.o(i.Str2Int)
    SysTick_Handler                          0x0800112d   Thumb Code     2  stm32f10x_it.o(i.SysTick_Handler)
    SystemInit                               0x08001131   Thumb Code    64  system_stm32f10x.o(i.SystemInit)
    USART_Cmd                                0x08001181   Thumb Code    20  stm32f10x_usart.o(i.USART_Cmd)
    USART_GetFlagStatus                      0x08001195   Thumb Code    14  stm32f10x_usart.o(i.USART_GetFlagStatus)
    USART_Init                               0x080011a5   Thumb Code   166  stm32f10x_usart.o(i.USART_Init)
    USART_SendData                           0x08001251   Thumb Code     8  stm32f10x_usart.o(i.USART_SendData)
    UsageFault_Handler                       0x08001259   Thumb Code     2  stm32f10x_it.o(i.UsageFault_Handler)
    Ymodem_Receive                           0x0800125d   Thumb Code   438  ymodem.o(i.Ymodem_Receive)
    __scatterload_copy                       0x08001421   Thumb Code    14  handlers.o(i.__scatterload_copy)
    __scatterload_null                       0x0800142f   Thumb Code     2  handlers.o(i.__scatterload_null)
    __scatterload_zeroinit                   0x08001431   Thumb Code    14  handlers.o(i.__scatterload_zeroinit)
    main                                     0x0800143f   Thumb Code    64  main.o(i.main)
    COM_TX_PIN                               0x08001480   Data           4  stm32_eval.o(.constdata)
    COM_RX_PIN                               0x08001484   Data           4  stm32_eval.o(.constdata)
    GPIO_PIN                                 0x08001488   Data           8  stm32_eval.o(.constdata)
    COM_USART_CLK                            0x08001490   Data           8  stm32_eval.o(.constdata)
    COM_TX_PORT_CLK                          0x08001498   Data           8  stm32_eval.o(.constdata)
    COM_RX_PORT_CLK                          0x080014a0   Data           8  stm32_eval.o(.constdata)
    GPIO_CLK                                 0x080014a8   Data          16  stm32_eval.o(.constdata)
    BUTTON_PIN                               0x080014b8   Data          16  stm32_eval.o(.constdata)
    BUTTON_CLK                               0x080014c8   Data          32  stm32_eval.o(.constdata)
    BUTTON_EXTI_LINE                         0x080014e8   Data          16  stm32_eval.o(.constdata)
    BUTTON_PORT_SOURCE                       0x080014f8   Data          16  stm32_eval.o(.constdata)
    BUTTON_PIN_SOURCE                        0x08001508   Data          16  stm32_eval.o(.constdata)
    BUTTON_IRQn                              0x08001518   Data          16  stm32_eval.o(.constdata)
    Region$$Table$$Base                      0x08001778   Number         0  anon$$obj.o(Region$$Table)
    Region$$Table$$Limit                     0x08001798   Number         0  anon$$obj.o(Region$$Table)
    COM_USART                                0x20000014   Data           8  stm32_eval.o(.data)
    COM_TX_PORT                              0x2000001c   Data           8  stm32_eval.o(.data)
    COM_RX_PORT                              0x20000024   Data           8  stm32_eval.o(.data)
    GPIO_PORT                                0x2000002c   Data          16  stm32_eval.o(.data)
    BUTTON_PORT                              0x2000003c   Data          32  stm32_eval.o(.data)
    BlockNbr                                 0x2000005c   Data           4  common.o(.data)
    UserMemoryMask                           0x20000060   Data           4  common.o(.data)
    FlashProtection                          0x20000064   Data           4  common.o(.data)
    FLASHStatus                              0x20000068   Data           1  ymodem.o(.data)
    PageSize                                 0x2000006a   Data           2  ymodem.o(.data)
    FlashDestination                         0x2000006c   Data           4  ymodem.o(.data)
    EraseCounter                             0x20000070   Data           4  ymodem.o(.data)
    NbrOfPage                                0x20000074   Data           4  ymodem.o(.data)
    RamSource                                0x20000078   Data           4  ymodem.o(.data)
    tab_1024                                 0x2000007c   Data        1024  download.o(.bss)
    file_name                                0x2000047c   Data         256  ymodem.o(.bss)
    __initial_sp                             0x20000d80   Data           0  startup_stm32f10x_md.o(STACK)



==============================================================================

Memory Map of the image

  Image Entry point : 0x080000ed

  Load Region LR_IROM1 (Base: 0x08000000, Size: 0x00001814, Max: 0x00010000, ABSOLUTE)

    Execution Region ER_IROM1 (Exec base: 0x08000000, Load base: 0x08000000, Size: 0x00001798, Max: 0x00010000, ABSOLUTE)

    Exec Addr    Load Addr    Size         Type   Attr      Idx    E Section Name        Object

    0x08000000   0x08000000   0x000000ec   Data   RO            3    RESET               startup_stm32f10x_md.o
    0x080000ec   0x080000ec   0x00000000   Code   RO         1853  * .ARM.Collect$$$$00000000  mc_w.l(entry.o)
    0x080000ec   0x080000ec   0x00000004   Code   RO         1860    .ARM.Collect$$$$00000001  mc_w.l(entry2.o)
    0x080000f0   0x080000f0   0x00000004   Code   RO         1863    .ARM.Collect$$$$00000004  mc_w.l(entry5.o)
    0x080000f4   0x080000f4   0x00000000   Code   RO         1865    .ARM.Collect$$$$00000008  mc_w.l(entry7b.o)
    0x080000f4   0x080000f4   0x00000000   Code   RO         1867    .ARM.Collect$$$$0000000A  mc_w.l(entry8b.o)
    0x080000f4   0x080000f4   0x00000008   Code   RO         1868    .ARM.Collect$$$$0000000B  mc_w.l(entry9a.o)
    0x080000fc   0x080000fc   0x00000000   Code   RO         1870    .ARM.Collect$$$$0000000D  mc_w.l(entry10a.o)
    0x080000fc   0x080000fc   0x00000000   Code   RO         1872    .ARM.Collect$$$$0000000F  mc_w.l(entry11a.o)
    0x080000fc   0x080000fc   0x00000004   Code   RO         1861    .ARM.Collect$$$$00002712  mc_w.l(entry2.o)
    0x08000100   0x08000100   0x00000020   Code   RO           10    .emb_text           core_cm3.o
    0x08000120   0x08000120   0x00000024   Code   RO            4    .text               startup_stm32f10x_md.o
    0x08000144   0x08000144   0x00000024   Code   RO         1856    .text               mc_w.l(memcpya.o)
    0x08000168   0x08000168   0x00000024   Code   RO         1874    .text               mc_w.l(init.o)
    0x0800018c   0x0800018c   0x00000002   Code   RO         1706    i.BusFault_Handler  stm32f10x_it.o
    0x0800018e   0x0800018e   0x00000002   Code   RO         1707    i.DebugMon_Handler  stm32f10x_it.o
    0x08000190   0x08000190   0x00000070   Code   RO          202    i.EXTI_Init         stm32f10x_exti.o
    0x08000200   0x08000200   0x00000118   Code   RO         1575    i.FLASH_DisableWriteProtectionPages  common.o
    0x08000318   0x08000318   0x000000ac   Code   RO          251    i.FLASH_EnableWriteProtection  stm32f10x_flash.o
    0x080003c4   0x080003c4   0x0000007c   Code   RO          254    i.FLASH_EraseOptionBytes  stm32f10x_flash.o
    0x08000440   0x08000440   0x0000003c   Code   RO          255    i.FLASH_ErasePage   stm32f10x_flash.o
    0x0800047c   0x0800047c   0x00000028   Code   RO          256    i.FLASH_GetBank1Status  stm32f10x_flash.o
    0x080004a4   0x080004a4   0x00000014   Code   RO          259    i.FLASH_GetReadOutProtectionStatus  stm32f10x_flash.o
    0x080004b8   0x080004b8   0x0000000c   Code   RO          261    i.FLASH_GetUserOptionByte  stm32f10x_flash.o
    0x080004c4   0x080004c4   0x0000000c   Code   RO          262    i.FLASH_GetWriteProtectionOptionByte  stm32f10x_flash.o
    0x080004d0   0x080004d0   0x00000010   Code   RO          265    i.FLASH_Lock        stm32f10x_flash.o
    0x080004e0   0x080004e0   0x00000014   Code   RO         1576    i.FLASH_PagesMask   common.o
    0x080004f4   0x080004f4   0x00000050   Code   RO          270    i.FLASH_ProgramWord  stm32f10x_flash.o
    0x08000544   0x08000544   0x00000018   Code   RO          273    i.FLASH_Unlock      stm32f10x_flash.o
    0x0800055c   0x0800055c   0x00000060   Code   RO          275    i.FLASH_UserOptionByteConfig  stm32f10x_flash.o
    0x080005bc   0x080005bc   0x00000024   Code   RO          277    i.FLASH_WaitForLastOperation  stm32f10x_flash.o
    0x080005e0   0x080005e0   0x00000028   Code   RO          425    i.GPIO_EXTILineConfig  stm32f10x_gpio.o
    0x08000608   0x08000608   0x000000a2   Code   RO          428    i.GPIO_Init         stm32f10x_gpio.o
    0x080006aa   0x080006aa   0x0000000e   Code   RO          432    i.GPIO_ReadInputDataBit  stm32f10x_gpio.o
    0x080006b8   0x080006b8   0x00000018   Code   RO         1579    i.GetKey            common.o
    0x080006d0   0x080006d0   0x00000002   Code   RO         1708    i.HardFault_Handler  stm32f10x_it.o
    0x080006d2   0x080006d2   0x00000026   Code   RO         1580    i.IAP_Init          common.o
    0x080006f8   0x080006f8   0x00000044   Code   RO         1581    i.IAP_JumpToApplication  common.o
    0x0800073c   0x0800073c   0x00000040   Code   RO         1582    i.Int2Str           common.o
    0x0800077c   0x0800077c   0x0000029c   Code   RO         1583    i.Main_Menu         common.o
    0x08000a18   0x08000a18   0x00000002   Code   RO         1709    i.MemManage_Handler  stm32f10x_it.o
    0x08000a1a   0x08000a1a   0x00000002   Code   RO         1710    i.NMI_Handler       stm32f10x_it.o
    0x08000a1c   0x08000a1c   0x00000064   Code   RO           81    i.NVIC_Init         misc.o
    0x08000a80   0x08000a80   0x00000002   Code   RO         1711    i.PendSV_Handler    stm32f10x_it.o
    0x08000a82   0x08000a82   0x00000002   PAD
    0x08000a84   0x08000a84   0x00000018   Code   RO          745    i.RCC_APB1PeriphClockCmd  stm32f10x_rcc.o
    0x08000a9c   0x08000a9c   0x00000018   Code   RO          747    i.RCC_APB2PeriphClockCmd  stm32f10x_rcc.o
    0x08000ab4   0x08000ab4   0x00000090   Code   RO          755    i.RCC_GetClocksFreq  stm32f10x_rcc.o
    0x08000b44   0x08000b44   0x00000020   Code   RO         1783    i.Receive_Byte      ymodem.o
    0x08000b64   0x08000b64   0x00000098   Code   RO         1784    i.Receive_Packet    ymodem.o
    0x08000bfc   0x08000bfc   0x000000a4   Code   RO         1463    i.STM_EVAL_COMInit  stm32_eval.o
    0x08000ca0   0x08000ca0   0x00000040   Code   RO         1464    i.STM_EVAL_LEDInit  stm32_eval.o
    0x08000ce0   0x08000ce0   0x00000018   Code   RO         1465    i.STM_EVAL_LEDOff   stm32_eval.o
    0x08000cf8   0x08000cf8   0x00000018   Code   RO         1466    i.STM_EVAL_LEDOn    stm32_eval.o
    0x08000d10   0x08000d10   0x00000018   Code   RO         1468    i.STM_EVAL_PBGetState  stm32_eval.o
    0x08000d28   0x08000d28   0x0000009c   Code   RO         1469    i.STM_EVAL_PBInit   stm32_eval.o
    0x08000dc4   0x08000dc4   0x00000002   Code   RO         1712    i.SVC_Handler       stm32f10x_it.o
    0x08000dc6   0x08000dc6   0x00000002   PAD
    0x08000dc8   0x08000dc8   0x0000018c   Code   RO         1677    i.SerialDownload    download.o
    0x08000f54   0x08000f54   0x0000002c   Code   RO         1584    i.SerialKeyPressed  common.o
    0x08000f80   0x08000f80   0x00000030   Code   RO         1585    i.SerialPutChar     common.o
    0x08000fb0   0x08000fb0   0x00000016   Code   RO         1586    i.Serial_PutString  common.o
    0x08000fc6   0x08000fc6   0x00000002   PAD
    0x08000fc8   0x08000fc8   0x000000a8   Code   RO           24    i.SetSysClockTo72   system_stm32f10x.o
    0x08001070   0x08001070   0x000000bc   Code   RO         1587    i.Str2Int           common.o
    0x0800112c   0x0800112c   0x00000002   Code   RO         1713    i.SysTick_Handler   stm32f10x_it.o
    0x0800112e   0x0800112e   0x00000002   PAD
    0x08001130   0x08001130   0x00000050   Code   RO           26    i.SystemInit        system_stm32f10x.o
    0x08001180   0x08001180   0x00000014   Code   RO         1283    i.USART_Cmd         stm32f10x_usart.o
    0x08001194   0x08001194   0x0000000e   Code   RO         1286    i.USART_GetFlagStatus  stm32f10x_usart.o
    0x080011a2   0x080011a2   0x00000002   PAD
    0x080011a4   0x080011a4   0x000000ac   Code   RO         1290    i.USART_Init        stm32f10x_usart.o
    0x08001250   0x08001250   0x00000008   Code   RO         1300    i.USART_SendData    stm32f10x_usart.o
    0x08001258   0x08001258   0x00000002   Code   RO         1714    i.UsageFault_Handler  stm32f10x_it.o
    0x0800125a   0x0800125a   0x00000002   PAD
    0x0800125c   0x0800125c   0x000001c4   Code   RO         1789    i.Ymodem_Receive    ymodem.o
    0x08001420   0x08001420   0x0000000e   Code   RO         1878    i.__scatterload_copy  mc_w.l(handlers.o)
    0x0800142e   0x0800142e   0x00000002   Code   RO         1879    i.__scatterload_null  mc_w.l(handlers.o)
    0x08001430   0x08001430   0x0000000e   Code   RO         1880    i.__scatterload_zeroinit  mc_w.l(handlers.o)
    0x0800143e   0x0800143e   0x00000040   Code   RO         1694    i.main              main.o
    0x0800147e   0x0800147e   0x00000002   PAD
    0x08001480   0x08001480   0x000000a8   Data   RO         1476    .constdata          stm32_eval.o
    0x08001528   0x08001528   0x000001fa   Data   RO         1588    .conststring        common.o
    0x08001722   0x08001722   0x00000002   PAD
    0x08001724   0x08001724   0x00000053   Data   RO         1679    .conststring        download.o
    0x08001777   0x08001777   0x00000001   PAD
    0x08001778   0x08001778   0x00000020   Data   RO         1876    Region$$Table       anon$$obj.o


    Execution Region RW_IRAM1 (Exec base: 0x20000000, Load base: 0x08001798, Size: 0x00000d80, Max: 0x00005000, ABSOLUTE)

    Exec Addr    Load Addr    Size         Type   Attr      Idx    E Section Name        Object

    0x20000000   0x08001798   0x00000014   Data   RW          775    .data               stm32f10x_rcc.o
    0x20000014   0x080017ac   0x00000048   Data   RW         1477    .data               stm32_eval.o
    0x2000005c   0x080017f4   0x0000000c   Data   RW         1589    .data               common.o
    0x20000068   0x08001800   0x00000014   Data   RW         1793    .data               ymodem.o
    0x2000007c        -       0x00000400   Zero   RW         1678    .bss                download.o
    0x2000047c        -       0x00000100   Zero   RW         1792    .bss                ymodem.o
    0x2000057c   0x08001814   0x00000004   PAD
    0x20000580        -       0x00000800   Zero   RW            1    STACK               startup_stm32f10x_md.o


==============================================================================

Image component sizes


      Code (inc. data)   RO Data    RW Data    ZI Data      Debug   Object Name

      1464        656        506         12          0      23384   common.o
        32          0          0          0          0       5076   core_cm3.o
       396        296         83          0       1024       1108   download.o
        64          0          0          0          0        443   main.o
       100          6          0          0          0       1048   misc.o
        36          8        236          0       2048        788   startup_stm32f10x_md.o
       456         52        168         72          0       8790   stm32_eval.o
         0          0          0          0          0       9896   stm32f10x_dma.o
       112          4          0          0          0       1056   stm32f10x_exti.o
       692         96          0          0          0       9566   stm32f10x_flash.o
       216          6          0          0          0       3246   stm32f10x_gpio.o
        18          0          0          0          0       3622   stm32f10x_it.o
       192         28          0         20          0       4582   stm32f10x_rcc.o
       214          6          0          0          0       4220   stm32f10x_usart.o
       248         24          0          0          0     237277   system_stm32f10x.o
       636         14          0         20        256       4889   ymodem.o

    ----------------------------------------------------------------------
      4890       1196       1028        124       3332     318991   Object Totals
         0          0         32          0          0          0   (incl. Generated)
        14          0          3          0          4          0   (incl. Padding)

    ----------------------------------------------------------------------

      Code (inc. data)   RO Data    RW Data    ZI Data      Debug   Library Member Name

         0          0          0          0          0          0   entry.o
         0          0          0          0          0          0   entry10a.o
         0          0          0          0          0          0   entry11a.o
         8          4          0          0          0          0   entry2.o
         4          0          0          0          0          0   entry5.o
         0          0          0          0          0          0   entry7b.o
         0          0          0          0          0          0   entry8b.o
         8          4          0          0          0          0   entry9a.o
        30          0          0          0          0          0   handlers.o
        36          8          0          0          0         68   init.o
        36          0          0          0          0         68   memcpya.o

    ----------------------------------------------------------------------
       122         16          0          0          0        136   Library Totals
         0          0          0          0          0          0   (incl. Padding)

    ----------------------------------------------------------------------

      Code (inc. data)   RO Data    RW Data    ZI Data      Debug   Library Name

       122         16          0          0          0        136   mc_w.l

    ----------------------------------------------------------------------
       122         16          0          0          0        136   Library Totals

    ----------------------------------------------------------------------

==============================================================================


      Code (inc. data)   RO Data    RW Data    ZI Data      Debug   

      5012       1212       1028        124       3332     316575   Grand Totals
      5012       1212       1028        124       3332     316575   ELF Image Totals
      5012       1212       1028        124          0          0   ROM Totals

==============================================================================

    Total RO  Size (Code + RO Data)                 6040 (   5.90kB)
    Total RW  Size (RW Data + ZI Data)              3456 (   3.38kB)
    Total ROM Size (Code + RO Data + RW Data)       6164 (   6.02kB)

==============================================================================

