Component: ARM Compiler 5.06 update 5 (build 528) Tool: armlink [4d35e2]

==============================================================================

Section Cross References

    startup_stm32f103xb.o(STACK) refers (Special) to heapauxi.o(.text) for __use_two_region_memory
    startup_stm32f103xb.o(HEAP) refers (Special) to heapauxi.o(.text) for __use_two_region_memory
    startup_stm32f103xb.o(RESET) refers (Special) to heapauxi.o(.text) for __use_two_region_memory
    startup_stm32f103xb.o(RESET) refers to startup_stm32f103xb.o(STACK) for __initial_sp
    startup_stm32f103xb.o(RESET) refers to startup_stm32f103xb.o(.text) for Reset_Handler
    startup_stm32f103xb.o(RESET) refers to stm32f1xx_it.o(i.NMI_Handler) for NMI_Handler
    startup_stm32f103xb.o(RESET) refers to stm32f1xx_it.o(i.HardFault_Handler) for HardFault_Handler
    startup_stm32f103xb.o(RESET) refers to stm32f1xx_it.o(i.MemManage_Handler) for MemManage_Handler
    startup_stm32f103xb.o(RESET) refers to stm32f1xx_it.o(i.BusFault_Handler) for BusFault_Handler
    startup_stm32f103xb.o(RESET) refers to stm32f1xx_it.o(i.UsageFault_Handler) for UsageFault_Handler
    startup_stm32f103xb.o(RESET) refers to stm32f1xx_it.o(i.SVC_Handler) for SVC_Handler
    startup_stm32f103xb.o(RESET) refers to stm32f1xx_it.o(i.DebugMon_Handler) for DebugMon_Handler
    startup_stm32f103xb.o(RESET) refers to stm32f1xx_it.o(i.PendSV_Handler) for PendSV_Handler
    startup_stm32f103xb.o(RESET) refers to stm32f1xx_it.o(i.SysTick_Handler) for SysTick_Handler
    startup_stm32f103xb.o(RESET) refers to stm32f1xx_it.o(i.USART1_IRQHandler) for USART1_IRQHandler
    startup_stm32f103xb.o(RESET) refers to stm32f1xx_it.o(i.USART2_IRQHandler) for USART2_IRQHandler
    startup_stm32f103xb.o(.text) refers (Special) to heapauxi.o(.text) for __use_two_region_memory
    startup_stm32f103xb.o(.text) refers to system_stm32f1xx.o(i.SystemInit) for SystemInit
    startup_stm32f103xb.o(.text) refers to __main.o(!!!main) for __main
    startup_stm32f103xb.o(.text) refers to startup_stm32f103xb.o(HEAP) for Heap_Mem
    startup_stm32f103xb.o(.text) refers to startup_stm32f103xb.o(STACK) for Stack_Mem
    system_stm32f1xx.o(i.SystemCoreClockUpdate) refers to system_stm32f1xx.o(.data) for .data
    system_stm32f1xx.o(i.SystemCoreClockUpdate) refers to system_stm32f1xx.o(.constdata) for .constdata
    stm32f1xx_hal_pwr.o(i.HAL_PWR_EnterSTOPMode) refers to stm32f1xx_hal_pwr.o(i.PWR_OverloadWfe) for PWR_OverloadWfe
    stm32f1xx_hal_pwr.o(i.HAL_PWR_PVD_IRQHandler) refers to stm32f1xx_hal_pwr.o(i.HAL_PWR_PVDCallback) for HAL_PWR_PVDCallback
    stm32f1xx_hal_flash.o(i.FLASH_Program_HalfWord) refers to stm32f1xx_hal_flash.o(.bss) for .bss
    stm32f1xx_hal_flash.o(i.FLASH_SetErrorCode) refers to stm32f1xx_hal_flash.o(.bss) for .bss
    stm32f1xx_hal_flash.o(i.FLASH_WaitForLastOperation) refers to stm32f1xx_hal.o(i.HAL_GetTick) for HAL_GetTick
    stm32f1xx_hal_flash.o(i.FLASH_WaitForLastOperation) refers to stm32f1xx_hal_flash.o(i.FLASH_SetErrorCode) for FLASH_SetErrorCode
    stm32f1xx_hal_flash.o(i.HAL_FLASH_GetError) refers to stm32f1xx_hal_flash.o(.bss) for .bss
    stm32f1xx_hal_flash.o(i.HAL_FLASH_IRQHandler) refers to stm32f1xx_hal_flash.o(i.FLASH_SetErrorCode) for FLASH_SetErrorCode
    stm32f1xx_hal_flash.o(i.HAL_FLASH_IRQHandler) refers to stm32f1xx_hal_flash.o(i.HAL_FLASH_OperationErrorCallback) for HAL_FLASH_OperationErrorCallback
    stm32f1xx_hal_flash.o(i.HAL_FLASH_IRQHandler) refers to stm32f1xx_hal_flash.o(i.FLASH_Program_HalfWord) for FLASH_Program_HalfWord
    stm32f1xx_hal_flash.o(i.HAL_FLASH_IRQHandler) refers to stm32f1xx_hal_flash.o(i.HAL_FLASH_EndOfOperationCallback) for HAL_FLASH_EndOfOperationCallback
    stm32f1xx_hal_flash.o(i.HAL_FLASH_IRQHandler) refers to stm32f1xx_hal_flash_ex.o(i.FLASH_PageErase) for FLASH_PageErase
    stm32f1xx_hal_flash.o(i.HAL_FLASH_IRQHandler) refers to stm32f1xx_hal_flash.o(.bss) for .bss
    stm32f1xx_hal_flash.o(i.HAL_FLASH_OB_Launch) refers to stm32f1xx_hal_cortex.o(i.HAL_NVIC_SystemReset) for HAL_NVIC_SystemReset
    stm32f1xx_hal_flash.o(i.HAL_FLASH_Program) refers to stm32f1xx_hal_flash.o(i.FLASH_WaitForLastOperation) for FLASH_WaitForLastOperation
    stm32f1xx_hal_flash.o(i.HAL_FLASH_Program) refers to llushr.o(.text) for __aeabi_llsr
    stm32f1xx_hal_flash.o(i.HAL_FLASH_Program) refers to stm32f1xx_hal_flash.o(i.FLASH_Program_HalfWord) for FLASH_Program_HalfWord
    stm32f1xx_hal_flash.o(i.HAL_FLASH_Program) refers to stm32f1xx_hal_flash.o(.bss) for .bss
    stm32f1xx_hal_flash.o(i.HAL_FLASH_Program_IT) refers to stm32f1xx_hal_flash.o(i.FLASH_Program_HalfWord) for FLASH_Program_HalfWord
    stm32f1xx_hal_flash.o(i.HAL_FLASH_Program_IT) refers to stm32f1xx_hal_flash.o(.bss) for .bss
    stm32f1xx_hal_uart.o(i.HAL_HalfDuplex_Init) refers to usart.o(i.HAL_UART_MspInit) for HAL_UART_MspInit
    stm32f1xx_hal_uart.o(i.HAL_HalfDuplex_Init) refers to stm32f1xx_hal_uart.o(i.UART_SetConfig) for UART_SetConfig
[...]
    ../clib/stdio.c                          0x00000000   Number         0  fclose.o ABSOLUTE
    ../clib/stdio.c                          0x00000000   Number         0  fopen_locked.o ABSOLUTE
    ../clib/stdio.c                          0x00000000   Number         0  setvbuf_locked.o ABSOLUTE
    ../clib/stdio.c                          0x00000000   Number         0  fopen.o ABSOLUTE
    ../clib/stdio.c                          0x00000000   Number         0  streamlock.o ABSOLUTE
    ../clib/stdio.c                          0x00000000   Number         0  setvbuf.o ABSOLUTE
    ../clib/stdio.c                          0x00000000   Number         0  ftell.o ABSOLUTE
    ../clib/stdio.c                          0x00000000   Number         0  stdio_streams.o ABSOLUTE
    ../clib/stdio.c                          0x00000000   Number         0  stdio.o ABSOLUTE
    ../clib/stdio.c                          0x00000000   Number         0  initio.o ABSOLUTE
    ../clib/stdio.c                          0x00000000   Number         0  fseek.o ABSOLUTE
    ../clib/stdio.c                          0x00000000   Number         0  ferror.o ABSOLUTE
    ../clib/stdio.c                          0x00000000   Number         0  initio_locked.o ABSOLUTE
    ../clib/stdio.c                          0x00000000   Number         0  ferror_locked.o ABSOLUTE
    ../clib/stdlib.c                         0x00000000   Number         0  exit.o ABSOLUTE
    ../clib/string.c                         0x00000000   Number         0  strlen.o ABSOLUTE
    ../fplib/fpinit.s                        0x00000000   Number         0  fpinit.o ABSOLUTE
    ..\BSP\src\bsp_debug_usart.c             0x00000000   Number         0  bsp_debug_usart.o ABSOLUTE
    ..\BSP\src\common.c                      0x00000000   Number         0  common.o ABSOLUTE
    ..\BSP\src\download.c                    0x00000000   Number         0  download.o ABSOLUTE
    ..\BSP\src\upload.c                      0x00000000   Number         0  upload.o ABSOLUTE
    ..\BSP\src\ymodem.c                      0x00000000   Number         0  ymodem.o ABSOLUTE
    ..\Drivers\CMSIS\Device\ST\STM32F1xx\Source\Templates\system_stm32f1xx.c 0x00000000   Number         0  system_stm32f1xx.o ABSOLUTE
    ..\Drivers\STM32F1xx_HAL_Driver\Src\stm32f1xx_hal.c 0x00000000   Number         0  stm32f1xx_hal.o ABSOLUTE
    ..\Drivers\STM32F1xx_HAL_Driver\Src\stm32f1xx_hal_cortex.c 0x00000000   Number         0  stm32f1xx_hal_cortex.o ABSOLUTE
    ..\Drivers\STM32F1xx_HAL_Driver\Src\stm32f1xx_hal_dma.c 0x00000000   Number         0  stm32f1xx_hal_dma.o ABSOLUTE
    ..\Drivers\STM32F1xx_HAL_Driver\Src\stm32f1xx_hal_flash.c 0x00000000   Number         0  stm32f1xx_hal_flash.o ABSOLUTE
    ..\Drivers\STM32F1xx_HAL_Driver\Src\stm32f1xx_hal_flash_ex.c 0x00000000   Number         0  stm32f1xx_hal_flash_ex.o ABSOLUTE
    ..\Drivers\STM32F1xx_HAL_Driver\Src\stm32f1xx_hal_gpio.c 0x00000000   Number         0  stm32f1xx_hal_gpio.o ABSOLUTE
    ..\Drivers\STM32F1xx_HAL_Driver\Src\stm32f1xx_hal_gpio_ex.c 0x00000000   Number         0  stm32f1xx_hal_gpio_ex.o ABSOLUTE
    ..\Drivers\STM32F1xx_HAL_Driver\Src\stm32f1xx_hal_pwr.c 0x00000000   Number         0  stm32f1xx_hal_pwr.o ABSOLUTE
    ..\Drivers\STM32F1xx_HAL_Driver\Src\stm32f1xx_hal_rcc.c 0x00000000   Number         0  stm32f1xx_hal_rcc.o ABSOLUTE
    ..\Drivers\STM32F1xx_HAL_Driver\Src\stm32f1xx_hal_rcc_ex.c 0x00000000   Number         0  stm32f1xx_hal_rcc_ex.o ABSOLUTE
    ..\Drivers\STM32F1xx_HAL_Driver\Src\stm32f1xx_hal_spi.c 0x00000000   Number         0  stm32f1xx_hal_spi.o ABSOLUTE
    ..\Drivers\STM32F1xx_HAL_Driver\Src\stm32f1xx_hal_spi_ex.c 0x00000000   Number         0  stm32f1xx_hal_spi_ex.o ABSOLUTE
    ..\Drivers\STM32F1xx_HAL_Driver\Src\stm32f1xx_hal_tim.c 0x00000000   Number         0  stm32f1xx_hal_tim.o ABSOLUTE
    ..\Drivers\STM32F1xx_HAL_Driver\Src\stm32f1xx_hal_tim_ex.c 0x00000000   Number         0  stm32f1xx_hal_tim_ex.o ABSOLUTE
    ..\Drivers\STM32F1xx_HAL_Driver\Src\stm32f1xx_hal_uart.c 0x00000000   Number         0  stm32f1xx_hal_uart.o ABSOLUTE
    ..\Src\gpio.c                            0x00000000   Number         0  gpio.o ABSOLUTE
    ..\Src\main.c                            0x00000000   Number         0  main.o ABSOLUTE
    ..\Src\stm32f1xx_hal_msp.c               0x00000000   Number         0  stm32f1xx_hal_msp.o ABSOLUTE
    ..\Src\stm32f1xx_it.c                    0x00000000   Number         0  stm32f1xx_it.o ABSOLUTE
    ..\Src\usart.c                           0x00000000   Number         0  usart.o ABSOLUTE
    ..\\BSP\\src\\bsp_debug_usart.c          0x00000000   Number         0  bsp_debug_usart.o ABSOLUTE
    ..\\BSP\\src\\common.c                   0x00000000   Number         0  common.o ABSOLUTE
    ..\\BSP\\src\\download.c                 0x00000000   Number         0  download.o ABSOLUTE
    ..\\BSP\\src\\upload.c                   0x00000000   Number         0  upload.o ABSOLUTE
    ..\\BSP\\src\\ymodem.c                   0x00000000   Number         0  ymodem.o ABSOLUTE
    ..\\Drivers\\CMSIS\\Device\\ST\\STM32F1xx\\Source\\Templates\\system_stm32f1xx.c 0x00000000   Number         0  system_stm32f1xx.o ABSOLUTE
    ..\\Drivers\\STM32F1xx_HAL_Driver\\Src\\stm32f1xx_hal.c 0x00000000   Number         0  stm32f1xx_hal.o ABSOLUTE
    ..\\Drivers\\STM32F1xx_HAL_Driver\\Src\\stm32f1xx_hal_cortex.c 0x00000000   Number         0  stm32f1xx_hal_cortex.o ABSOLUTE
    ..\\Drivers\\STM32F1xx_HAL_Driver\\Src\\stm32f1xx_hal_dma.c 0x00000000   Number         0  stm32f1xx_hal_dma.o ABSOLUTE
    ..\\Drivers\\STM32F1xx_HAL_Driver\\Src\\stm32f1xx_hal_flash.c 0x00000000   Number         0  stm32f1xx_hal_flash.o ABSOLUTE
    ..\\Drivers\\STM32F1xx_HAL_Driver\\Src\\stm32f1xx_hal_flash_ex.c 0x00000000   Number         0  stm32f1xx_hal_flash_ex.o ABSOLUTE
    ..\\Drivers\\STM32F1xx_HAL_Driver\\Src\\stm32f1xx_hal_gpio.c 0x00000000   Number         0  stm32f1xx_hal_gpio.o ABSOLUTE
    ..\\Drivers\\STM32F1xx_HAL_Driver\\Src\\stm32f1xx_hal_gpio_ex.c 0x00000000   Number         0  stm32f1xx_hal_gpio_ex.o ABSOLUTE
    ..\\Drivers\\STM32F1xx_HAL_Driver\\Src\\stm32f1xx_hal_pwr.c 0x00000000   Number         0  stm32f1xx_hal_pwr.o ABSOLUTE
    ..\\Drivers\\STM32F1xx_HAL_Driver\\Src\\stm32f1xx_hal_rcc.c 0x00000000   Number         0  stm32f1xx_hal_rcc.o ABSOLUTE
    ..\\Drivers\\STM32F1xx_HAL_Driver\\Src\\stm32f1xx_hal_rcc_ex.c 0x00000000   Number         0  stm32f1xx_hal_rcc_ex.o ABSOLUTE
    ..\\Drivers\\STM32F1xx_HAL_Driver\\Src\\stm32f1xx_hal_spi.c 0x00000000   Number         0  stm32f1xx_hal_spi.o ABSOLUTE
    ..\\Drivers\\STM32F1xx_HAL_Driver\\Src\\stm32f1xx_hal_spi_ex.c 0x00000000   Number         0  stm32f1xx_hal_spi_ex.o ABSOLUTE
    ..\\Drivers\\STM32F1xx_HAL_Driver\\Src\\stm32f1xx_hal_tim.c 0x00000000   Number         0  stm32f1xx_hal_tim.o ABSOLUTE
    ..\\Drivers\\STM32F1xx_HAL_Driver\\Src\\stm32f1xx_hal_tim_ex.c 0x00000000   Number         0  stm32f1xx_hal_tim_ex.o ABSOLUTE
    ..\\Drivers\\STM32F1xx_HAL_Driver\\Src\\stm32f1xx_hal_uart.c 0x00000000   Number         0  stm32f1xx_hal_uart.o ABSOLUTE
    ..\\Src\\gpio.c                          0x00000000   Number         0  gpio.o ABSOLUTE
    ..\\Src\\main.c                          0x00000000   Number         0  main.o ABSOLUTE
    ..\\Src\\stm32f1xx_hal_msp.c             0x00000000   Number         0  stm32f1xx_hal_msp.o ABSOLUTE
    ..\\Src\\stm32f1xx_it.c                  0x00000000   Number         0  stm32f1xx_it.o ABSOLUTE
    ..\\Src\\usart.c                         0x00000000   Number         0  usart.o ABSOLUTE
    dc.s                                     0x00000000   Number         0  dc.o ABSOLUTE
    startup_stm32f103xb.s                    0x00000000   Number         0  startup_stm32f103xb.o ABSOLUTE
    RESET                                    0x08000000   Section      236  startup_stm32f103xb.o(RESET)
    !!!main                                  0x080000ec   Section        8  __main.o(!!!main)
    !!!scatter                               0x080000f4   Section       52  __scatter.o(!!!scatter)
    !!handler_copy                           0x08000128   Section       26  __scatter_copy.o(!!handler_copy)
    !!handler_zi                             0x08000144   Section       28  __scatter_zi.o(!!handler_zi)
    .ARM.Collect$$_printf_percent$$00000000  0x08000160   Section        0  _printf_percent.o(.ARM.Collect$$_printf_percent$$00000000)
    .ARM.Collect$$_printf_percent$$00000014  0x08000160   Section        6  _printf_s.o(.ARM.Collect$$_printf_percent$$00000014)
    .ARM.Collect$$_printf_percent$$00000017  0x08000166   Section        4  _printf_percent_end.o(.ARM.Collect$$_printf_percent$$00000017)
    .ARM.Collect$$libinit$$00000000          0x0800016a   Section        2  libinit.o(.ARM.Collect$$libinit$$00000000)
    .ARM.Collect$$libinit$$00000002          0x0800016c   Section        0  libinit2.o(.ARM.Collect$$libinit$$00000002)
    .ARM.Collect$$libinit$$00000004          0x0800016c   Section        0  libinit2.o(.ARM.Collect$$libinit$$00000004)
    .ARM.Collect$$libinit$$00000005          0x0800016c   Section        8  libinit2.o(.ARM.Collect$$libinit$$00000005)
    .ARM.Collect$$libinit$$0000000A          0x08000174   Section        0  libinit2.o(.ARM.Collect$$libinit$$0000000A)
    .ARM.Collect$$libinit$$0000000C          0x08000174   Section        0  libinit2.o(.ARM.Collect$$libinit$$0000000C)
    .ARM.Collect$$libinit$$0000000E          0x08000174   Section        0  libinit2.o(.ARM.Collect$$libinit$$0000000E)
    .ARM.Collect$$libinit$$00000011          0x08000174   Section        0  libinit2.o(.ARM.Collect$$libinit$$00000011)
    .ARM.Collect$$libinit$$00000013          0x08000174   Section        0  libinit2.o(.ARM.Collect$$libinit$$00000013)
    .ARM.Collect$$libinit$$00000015          0x08000174   Section        0  libinit2.o(.ARM.Collect$$libinit$$00000015)
    .ARM.Collect$$libinit$$00000017          0x08000174   Section        0  libinit2.o(.ARM.Collect$$libinit$$00000017)
    .ARM.Collect$$libinit$$00000019          0x08000174   Section        0  libinit2.o(.ARM.Collect$$libinit$$00000019)
    .ARM.Collect$$libinit$$0000001B          0x08000174   Section        0  libinit2.o(.ARM.Collect$$libinit$$0000001B)
    .ARM.Collect$$libinit$$0000001D          0x08000174   Section        0  libinit2.o(.ARM.Collect$$libinit$$0000001D)
    .ARM.Collect$$libinit$$0000001F          0x08000174   Section        0  libinit2.o(.ARM.Collect$$libinit$$0000001F)
    .ARM.Collect$$libinit$$00000021          0x08000174   Section        0  libinit2.o(.ARM.Collect$$libinit$$00000021)
    .ARM.Collect$$libinit$$00000023          0x08000174   Section        0  libinit2.o(.ARM.Collect$$libinit$$00000023)
    .ARM.Collect$$libinit$$00000024          0x08000174   Section        4  libinit2.o(.ARM.Collect$$libinit$$00000024)
    .ARM.Collect$$libinit$$00000025          0x08000178   Section        0  libinit2.o(.ARM.Collect$$libinit$$00000025)
    .ARM.Collect$$libinit$$0000002C          0x08000178   Section        0  libinit2.o(.ARM.Collect$$libinit$$0000002C)
    .ARM.Collect$$libinit$$0000002E          0x08000178   Section        0  libinit2.o(.ARM.Collect$$libinit$$0000002E)
    .ARM.Collect$$libinit$$00000030          0x08000178   Section        0  libinit2.o(.ARM.Collect$$libinit$$00000030)
    .ARM.Collect$$libinit$$00000032          0x08000178   Section        0  libinit2.o(.ARM.Collect$$libinit$$00000032)
    .ARM.Collect$$libinit$$00000033          0x08000178   Section        2  libinit2.o(.ARM.Collect$$libinit$$00000033)
    .ARM.Collect$$libshutdown$$00000000      0x0800017a   Section        2  libshutdown.o(.ARM.Collect$$libshutdown$$00000000)
    .ARM.Collect$$libshutdown$$00000002      0x0800017c   Section        0  libshutdown2.o(.ARM.Collect$$libshutdown$$00000002)
    .ARM.Collect$$libshutdown$$00000003      0x0800017c   Section        4  libshutdown2.o(.ARM.Collect$$libshutdown$$00000003)
    .ARM.Collect$$libshutdown$$00000004      0x08000180   Section        0  libshutdown2.o(.ARM.Collect$$libshutdown$$00000004)
    .ARM.Collect$$libshutdown$$00000007      0x08000180   Section        0  libshutdown2.o(.ARM.Collect$$libshutdown$$00000007)
    .ARM.Collect$$libshutdown$$0000000A      0x08000180   Section        0  libshutdown2.o(.ARM.Collect$$libshutdown$$0000000A)
    .ARM.Collect$$libshutdown$$0000000C      0x08000180   Section        0  libshutdown2.o(.ARM.Collect$$libshutdown$$0000000C)
    .ARM.Collect$$libshutdown$$0000000F      0x08000180   Section        0  libshutdown2.o(.ARM.Collect$$libshutdown$$0000000F)
    .ARM.Collect$$libshutdown$$00000010      0x08000180   Section        2  libshutdown2.o(.ARM.Collect$$libshutdown$$00000010)
    .ARM.Collect$$rtentry$$00000000          0x08000182   Section        0  __rtentry.o(.ARM.Collect$$rtentry$$00000000)
    .ARM.Collect$$rtentry$$00000002          0x08000182   Section        0  __rtentry2.o(.ARM.Collect$$rtentry$$00000002)
    .ARM.Collect$$rtentry$$00000004          0x08000182   Section        6  __rtentry4.o(.ARM.Collect$$rtentry$$00000004)
    .ARM.Collect$$rtentry$$00000009          0x08000188   Section        0  __rtentry2.o(.ARM.Collect$$rtentry$$00000009)
    .ARM.Collect$$rtentry$$0000000A          0x08000188   Section        4  __rtentry2.o(.ARM.Collect$$rtentry$$0000000A)
    .ARM.Collect$$rtentry$$0000000C          0x0800018c   Section        0  __rtentry2.o(.ARM.Collect$$rtentry$$0000000C)
    .ARM.Collect$$rtentry$$0000000D          0x0800018c   Section        8  __rtentry2.o(.ARM.Collect$$rtentry$$0000000D)
    .ARM.Collect$$rtexit$$00000000           0x08000194   Section        2  rtexit.o(.ARM.Collect$$rtexit$$00000000)
    .ARM.Collect$$rtexit$$00000002           0x08000196   Section        0  rtexit2.o(.ARM.Collect$$rtexit$$00000002)
    .ARM.Collect$$rtexit$$00000003           0x08000196   Section        4  rtexit2.o(.ARM.Collect$$rtexit$$00000003)
    .ARM.Collect$$rtexit$$00000004           0x0800019a   Section        6  rtexit2.o(.ARM.Collect$$rtexit$$00000004)
    .emb_text                                0x080001a0   Section        0  maybetermalloc1.o(.emb_text)
    .text                                    0x080001a0   Section       64  startup_stm32f103xb.o(.text)
    .text                                    0x080001e0   Section       38  llushr.o(.text)
    .text                                    0x08000208   Section        0  noretval__2printf.o(.text)
    .text                                    0x08000220   Section        0  __printf.o(.text)
    .text                                    0x08000288   Section        0  _printf_str.o(.text)
    .text                                    0x080002da   Section      138  rt_memcpy_v6.o(.text)
    .text                                    0x08000364   Section        0  heapauxi.o(.text)
    .text                                    0x0800036a   Section        0  _printf_char.o(.text)
    .text                                    0x08000398   Section        0  _printf_char_file.o(.text)
    .text                                    0x080003bc   Section      100  rt_memcpy_w.o(.text)
    .text                                    0x08000420   Section        0  _printf_char_common.o(.text)
    _printf_input_char                       0x08000421   Thumb Code    10  _printf_char_common.o(.text)
    .text                                    0x08000450   Section        0  ferror.o(.text)
    .text                                    0x08000458   Section        0  initio.o(.text)
    .text                                    0x08000590   Section        0  sys_io.o(.text)
    .text                                    0x080005f6   Section       74  sys_stackheap_outer.o(.text)
    .text                                    0x08000640   Section        0  h1_free.o(.text)
    .text                                    0x0800068e   Section        0  setvbuf.o(.text)
    .text                                    0x080006d4   Section        0  fopen.o(.text)
    _freopen_locked                          0x080006d5   Thumb Code     0  fopen.o(.text)
    .text                                    0x080007c0   Section        0  fclose.o(.text)
    .text                                    0x0800080c   Section        0  exit.o(.text)
    .text                                    0x0800081e   Section        0  defsig_rtred_outer.o(.text)
    .text                                    0x0800082c   Section       78  rt_memclr_w.o(.text)
    .text                                    0x0800087c   Section        8  libspace.o(.text)
    .text                                    0x08000884   Section        2  use_no_semi.o(.text)
    .text                                    0x08000886   Section        0  indicate_semi.o(.text)
    .text                                    0x08000888   Section        8  rt_heap_descriptor_intlibspace.o(.text)
    .text                                    0x08000890   Section        0  hguard.o(.text)
    .text                                    0x08000894   Section        0  init_alloc.o(.text)
    .text                                    0x0800091e   Section        0  h1_alloc.o(.text)
    .text                                    0x0800097c   Section        0  fseek.o(.text)
    .text                                    0x08000a74   Section        0  stdio.o(.text)
    .text                                    0x08000b64   Section        0  defsig_exit.o(.text)
    .text                                    0x08000b70   Section        0  defsig_rtred_inner.o(.text)
    .text                                    0x08000ba4   Section        0  strlen.o(.text)
    .text                                    0x08000be4   Section        0  sys_exit.o(.text)
    .text                                    0x08000bf0   Section        0  h1_init.o(.text)
    .text                                    0x08000bfe   Section        0  h1_extend.o(.text)
    .text                                    0x08000c32   Section        0  ftell.o(.text)
    .text                                    0x08000c74   Section        0  defsig_general.o(.text)
    .text                                    0x08000ca6   Section        0  defsig_rtmem_outer.o(.text)
    .text                                    0x08000cb4   Section        0  sys_wrch.o(.text)
    .text                                    0x08000cc4   Section        8  rt_errno_addr_intlibspace.o(.text)
    .text                                    0x08000ccc   Section        0  defsig_rtmem_inner.o(.text)
    i.BusFault_Handler                       0x08000d1c   Section        0  stm32f1xx_it.o(i.BusFault_Handler)
    i.DebugMon_Handler                       0x08000d1e   Section        0  stm32f1xx_it.o(i.DebugMon_Handler)
    i.FLASH_MassErase                        0x08000d20   Section        0  stm32f1xx_hal_flash_ex.o(i.FLASH_MassErase)
    FLASH_MassErase                          0x08000d21   Thumb Code    26  stm32f1xx_hal_flash_ex.o(i.FLASH_MassErase)
    i.FLASH_PageErase                        0x08000d44   Section        0  stm32f1xx_hal_flash_ex.o(i.FLASH_PageErase)
    i.FLASH_PagesMask                        0x08000d68   Section        0  common.o(i.FLASH_PagesMask)
    i.FLASH_Program_HalfWord                 0x08000d7c   Section        0  stm32f1xx_hal_flash.o(i.FLASH_Program_HalfWord)
    FLASH_Program_HalfWord                   0x08000d7d   Thumb Code    20  stm32f1xx_hal_flash.o(i.FLASH_Program_HalfWord)
    i.FLASH_SetErrorCode                     0x08000d98   Section        0  stm32f1xx_hal_flash.o(i.FLASH_SetErrorCode)
    FLASH_SetErrorCode                       0x08000d99   Thumb Code    60  stm32f1xx_hal_flash.o(i.FLASH_SetErrorCode)
    i.FLASH_WaitForLastOperation             0x08000ddc   Section        0  stm32f1xx_hal_flash.o(i.FLASH_WaitForLastOperation)
    i.HAL_Delay                              0x08000e30   Section        0  stm32f1xx_hal.o(i.HAL_Delay)
    i.HAL_FLASHEx_Erase                      0x08000e48   Section        0  stm32f1xx_hal_flash_ex.o(i.HAL_FLASHEx_Erase)
    i.HAL_FLASH_Lock                         0x08000ef0   Section        0  stm32f1xx_hal_flash.o(i.HAL_FLASH_Lock)
    i.HAL_FLASH_Program                      0x08000f04   Section        0  stm32f1xx_hal_flash.o(i.HAL_FLASH_Program)
    i.HAL_FLASH_Unlock                       0x08000f84   Section        0  stm32f1xx_hal_flash.o(i.HAL_FLASH_Unlock)
    i.HAL_GPIO_Init                          0x08000fa8   Section        0  stm32f1xx_hal_gpio.o(i.HAL_GPIO_Init)
    i.HAL_GetTick                            0x08001164   Section        0  stm32f1xx_hal.o(i.HAL_GetTick)
    i.HAL_IncTick                            0x08001170   Section        0  stm32f1xx_hal.o(i.HAL_IncTick)
    i.HAL_Init                               0x08001180   Section        0  stm32f1xx_hal.o(i.HAL_Init)
    i.HAL_InitTick                           0x080011a4   Section        0  stm32f1xx_hal.o(i.HAL_InitTick)
    i.HAL_MspInit                            0x080011c8   Section        0  stm32f1xx_hal_msp.o(i.HAL_MspInit)
    i.HAL_NVIC_EnableIRQ                     0x08001248   Section        0  stm32f1xx_hal_cortex.o(i.HAL_NVIC_EnableIRQ)
    i.HAL_NVIC_SetPriority                   0x08001260   Section        0  stm32f1xx_hal_cortex.o(i.HAL_NVIC_SetPriority)
    i.HAL_NVIC_SetPriorityGrouping           0x080012a0   Section        0  stm32f1xx_hal_cortex.o(i.HAL_NVIC_SetPriorityGrouping)
    i.HAL_NVIC_SystemReset                   0x080012c4   Section        0  stm32f1xx_hal_cortex.o(i.HAL_NVIC_SystemReset)
    i.HAL_RCC_ClockConfig                    0x080012e8   Section        0  stm32f1xx_hal_rcc.o(i.HAL_RCC_ClockConfig)
    i.HAL_RCC_GetHCLKFreq                    0x08001470   Section        0  stm32f1xx_hal_rcc.o(i.HAL_RCC_GetHCLKFreq)
    i.HAL_RCC_GetPCLK1Freq                   0x0800147c   Section        0  stm32f1xx_hal_rcc.o(i.HAL_RCC_GetPCLK1Freq)
    i.HAL_RCC_GetPCLK2Freq                   0x080014ac   Section        0  stm32f1xx_hal_rcc.o(i.HAL_RCC_GetPCLK2Freq)
    i.HAL_RCC_GetSysClockFreq                0x080014dc   Section        0  stm32f1xx_hal_rcc.o(i.HAL_RCC_GetSysClockFreq)
    i.HAL_RCC_OscConfig                      0x08001564   Section        0  stm32f1xx_hal_rcc.o(i.HAL_RCC_OscConfig)
    i.HAL_SYSTICK_CLKSourceConfig            0x08001ae2   Section        0  stm32f1xx_hal_cortex.o(i.HAL_SYSTICK_CLKSourceConfig)
    i.HAL_SYSTICK_Callback                   0x08001afa   Section        0  stm32f1xx_hal_cortex.o(i.HAL_SYSTICK_Callback)
    i.HAL_SYSTICK_Config                     0x08001afc   Section        0  stm32f1xx_hal_cortex.o(i.HAL_SYSTICK_Config)
    i.HAL_SYSTICK_IRQHandler                 0x08001b24   Section        0  stm32f1xx_hal_cortex.o(i.HAL_SYSTICK_IRQHandler)
    i.HAL_UART_ErrorCallback                 0x08001b2c   Section        0  stm32f1xx_hal_uart.o(i.HAL_UART_ErrorCallback)
    i.HAL_UART_IRQHandler                    0x08001b30   Section        0  stm32f1xx_hal_uart.o(i.HAL_UART_IRQHandler)
    i.HAL_UART_Init                          0x08001c0a   Section        0  stm32f1xx_hal_uart.o(i.HAL_UART_Init)
    i.HAL_UART_MspInit                       0x08001c68   Section        0  usart.o(i.HAL_UART_MspInit)
    i.HAL_UART_Receive                       0x08001d18   Section        0  stm32f1xx_hal_uart.o(i.HAL_UART_Receive)
    i.HAL_UART_Receive_IT                    0x08001de4   Section        0  stm32f1xx_hal_uart.o(i.HAL_UART_Receive_IT)
    i.HAL_UART_RxCpltCallback                0x08001e50   Section        0  bsp_debug_usart.o(i.HAL_UART_RxCpltCallback)
    i.HAL_UART_Transmit                      0x08001e70   Section        0  stm32f1xx_hal_uart.o(i.HAL_UART_Transmit)
    i.HAL_UART_TxCpltCallback                0x08001f3c   Section        0  stm32f1xx_hal_uart.o(i.HAL_UART_TxCpltCallback)
    i.HardFault_Handler                      0x08001f3e   Section        0  stm32f1xx_it.o(i.HardFault_Handler)
    i.Int2Str                                0x08001f40   Section        0  common.o(i.Int2Str)
    i.JumpToAPP                              0x08001f80   Section        0  common.o(i.JumpToAPP)
    i.MX_GPIO_Init                           0x08001fac   Section        0  gpio.o(i.MX_GPIO_Init)
    i.MX_USART1_UART_Init                    0x08001fd8   Section        0  usart.o(i.MX_USART1_UART_Init)
    i.MX_USART2_UART_Init                    0x08002024   Section        0  usart.o(i.MX_USART2_UART_Init)
    i.MemManage_Handler                      0x08002070   Section        0  stm32f1xx_it.o(i.MemManage_Handler)
    i.NMI_Handler                            0x08002072   Section        0  stm32f1xx_it.o(i.NMI_Handler)
    i.NVIC_SetPriority                       0x08002074   Section        0  stm32f1xx_hal_cortex.o(i.NVIC_SetPriority)
    NVIC_SetPriority                         0x08002075   Thumb Code    32  stm32f1xx_hal_cortex.o(i.NVIC_SetPriority)
    i.PendSV_Handler                         0x08002094   Section        0  stm32f1xx_it.o(i.PendSV_Handler)
    i.Receive_Byte                           0x08002098   Section        0  ymodem.o(i.Receive_Byte)
    Receive_Byte                             0x08002099   Thumb Code    38  ymodem.o(i.Receive_Byte)
    i.Receive_Packet                         0x080020c4   Section        0  ymodem.o(i.Receive_Packet)
    Receive_Packet                           0x080020c5   Thumb Code   152  ymodem.o(i.Receive_Packet)
    i.SVC_Handler                            0x0800215c   Section        0  stm32f1xx_it.o(i.SVC_Handler)
    i.SerialDownload                         0x08002160   Section        0  download.o(i.SerialDownload)
    i.SerialPutChar                          0x080022ec   Section        0  common.o(i.SerialPutChar)
    i.Serial_PutString                       0x08002304   Section        0  common.o(i.Serial_PutString)
    i.Str2Int                                0x0800231a   Section        0  common.o(i.Str2Int)
    i.SysTick_Handler                        0x080023d6   Section        0  stm32f1xx_it.o(i.SysTick_Handler)
    i.SystemClock_Config                     0x080023e4   Section        0  main.o(i.SystemClock_Config)
    i.SystemInit                             0x0800244c   Section        0  system_stm32f1xx.o(i.SystemInit)
    i.UART_Receive_IT                        0x08002494   Section        0  stm32f1xx_hal_uart.o(i.UART_Receive_IT)
    UART_Receive_IT                          0x08002495   Thumb Code   168  stm32f1xx_hal_uart.o(i.UART_Receive_IT)
    i.UART_SetConfig                         0x0800253c   Section        0  stm32f1xx_hal_uart.o(i.UART_SetConfig)
    UART_SetConfig                           0x0800253d   Thumb Code   364  stm32f1xx_hal_uart.o(i.UART_SetConfig)
    i.UART_Transmit_IT                       0x080026ac   Section        0  stm32f1xx_hal_uart.o(i.UART_Transmit_IT)
    UART_Transmit_IT                         0x080026ad   Thumb Code   102  stm32f1xx_hal_uart.o(i.UART_Transmit_IT)
    i.UART_WaitOnFlagUntilTimeout            0x08002712   Section        0  stm32f1xx_hal_uart.o(i.UART_WaitOnFlagUntilTimeout)
    UART_WaitOnFlagUntilTimeout              0x08002713   Thumb Code   146  stm32f1xx_hal_uart.o(i.UART_WaitOnFlagUntilTimeout)
    i.USART1_IRQHandler                      0x080027a4   Section        0  stm32f1xx_it.o(i.USART1_IRQHandler)
    i.USART2_IRQHandler                      0x080027b0   Section        0  stm32f1xx_it.o(i.USART2_IRQHandler)
    i.UsageFault_Handler                     0x080027bc   Section        0  stm32f1xx_it.o(i.UsageFault_Handler)
    i.Ymodem_Receive                         0x080027c0   Section        0  ymodem.o(i.Ymodem_Receive)
    i._Error_Handler                         0x08002988   Section        0  main.o(i._Error_Handler)
    i.fputc                                  0x0800298c   Section        0  bsp_debug_usart.o(i.fputc)
    i.main                                   0x080029a4   Section        0  main.o(i.main)
    .constdata                               0x08002a90   Section       16  system_stm32f1xx.o(.constdata)
    .constdata                               0x08002aa0   Section        8  system_stm32f1xx.o(.constdata)
    .constdata                               0x08002aa8   Section        4  sys_io.o(.constdata)
    .constdata                               0x08002aac   Section        4  sys_io.o(.constdata)
    .constdata                               0x08002ab0   Section        4  sys_io.o(.constdata)
    .conststring                             0x08002ab4   Section      377  main.o(.conststring)
    .conststring                             0x08002c30   Section       83  download.o(.conststring)
    .data                                    0x20000000   Section        4  system_stm32f1xx.o(.data)
    .data                                    0x20000004   Section        4  stm32f1xx_hal.o(.data)
    uwTick                                   0x20000004   Data           4  stm32f1xx_hal.o(.data)
    .data                                    0x20000008   Section        1  bsp_debug_usart.o(.data)
    .data                                    0x2000000c   Section       24  common.o(.data)
    .data                                    0x20000024   Section       12  ymodem.o(.data)
    .data                                    0x20000030   Section        4  stdio_streams.o(.data)
    .data                                    0x20000034   Section        4  stdio_streams.o(.data)
    .data                                    0x20000038   Section        4  stdio_streams.o(.data)
    .bss                                     0x20000040   Section       32  stm32f1xx_hal_flash.o(.bss)
    .bss                                     0x20000060   Section       20  main.o(.bss)
    .bss                                     0x20000074   Section      128  usart.o(.bss)
    .bss                                     0x200000f4   Section     1024  download.o(.bss)
    .bss                                     0x200004f4   Section      256  ymodem.o(.bss)
    .bss                                     0x200005f4   Section       84  stdio_streams.o(.bss)
    .bss                                     0x20000648   Section       84  stdio_streams.o(.bss)
    .bss                                     0x2000069c   Section       84  stdio_streams.o(.bss)
    .bss                                     0x200006f0   Section       96  libspace.o(.bss)
    HEAP                                     0x20000750   Section      512  startup_stm32f103xb.o(HEAP)
    Heap_Mem                                 0x20000750   Data         512  startup_stm32f103xb.o(HEAP)
    STACK                                    0x20000950   Section     2048  startup_stm32f103xb.o(STACK)
    Stack_Mem                                0x20000950   Data        2048  startup_stm32f103xb.o(STACK)
    __initial_sp                             0x20001150   Data           0  startup_stm32f103xb.o(STACK)

    Global Symbols

    Symbol Name                              Value     Ov Type        Size  Object(Section)

    BuildAttributes$$THM_ISAv4$P$D$K$B$S$PE$A:L22UL41UL21$X:L11$S22US41US21$IEEE1$IW$USESV6$~STKCKD$USESV7$~SHL$OTIME$ROPI$EBA8$UX$STANDARDLIB$REQ8$PRES8$EABIv2 0x00000000   Number         0  anon$$obj.o ABSOLUTE
    __ARM_use_no_argv                        0x00000000   Number         0  main.o ABSOLUTE
    __ARM_exceptions_init                     - Undefined Weak Reference
    __alloca_initialize                       - Undefined Weak Reference
    __arm_preinit_                            - Undefined Weak Reference
    __cpp_initialize__aeabi_                  - Undefined Weak Reference
    __cxa_finalize                            - Undefined Weak Reference
    __rt_locale                               - Undefined Weak Reference
    __sigvec_lookup                           - Undefined Weak Reference
    __user_heap_extent                        - Undefined Weak Reference
    _atexit_init                              - Undefined Weak Reference
    _call_atexit_fns                          - Undefined Weak Reference
    _clock_init                               - Undefined Weak Reference
    _fp_trap_init                             - Undefined Weak Reference
    _fp_trap_shutdown                         - Undefined Weak Reference
    _get_lc_collate                           - Undefined Weak Reference
    _get_lc_ctype                             - Undefined Weak Reference
    _get_lc_monetary                          - Undefined Weak Reference
    _get_lc_numeric                           - Undefined Weak Reference
    _get_lc_time                              - Undefined Weak Reference
    _getenv_init                              - Undefined Weak Reference
    _handle_redirection                       - Undefined Weak Reference
    _mutex_acquire                            - Undefined Weak Reference
    _mutex_free                               - Undefined Weak Reference
    _mutex_release                            - Undefined Weak Reference
    _printf_mbtowc                            - Undefined Weak Reference
    _printf_post_padding                      - Undefined Weak Reference
    _printf_pre_padding                       - Undefined Weak Reference
    _rand_init                                - Undefined Weak Reference
    _signal_finish                            - Undefined Weak Reference
    _signal_init                              - Undefined Weak Reference
    __Vectors_Size                           0x000000ec   Number         0  startup_stm32f103xb.o ABSOLUTE
    __Vectors                                0x08000000   Data           4  startup_stm32f103xb.o(RESET)
    __Vectors_End                            0x080000ec   Data           0  startup_stm32f103xb.o(RESET)
    __main                                   0x080000ed   Thumb Code     8  __main.o(!!!main)
    __scatterload                            0x080000f5   Thumb Code     0  __scatter.o(!!!scatter)
    __scatterload_rt2                        0x080000f5   Thumb Code    44  __scatter.o(!!!scatter)
    __scatterload_rt2_thumb_only             0x080000f5   Thumb Code     0  __scatter.o(!!!scatter)
    __scatterload_null                       0x08000103   Thumb Code     0  __scatter.o(!!!scatter)
    __scatterload_copy                       0x08000129   Thumb Code    26  __scatter_copy.o(!!handler_copy)
    __scatterload_zeroinit                   0x08000145   Thumb Code    28  __scatter_zi.o(!!handler_zi)
    _printf_percent                          0x08000161   Thumb Code     0  _printf_percent.o(.ARM.Collect$$_printf_percent$$00000000)
    _printf_s                                0x08000161   Thumb Code     0  _printf_s.o(.ARM.Collect$$_printf_percent$$00000014)
    _printf_percent_end                      0x08000167   Thumb Code     0  _printf_percent_end.o(.ARM.Collect$$_printf_percent$$00000017)
    __rt_lib_init                            0x0800016b   Thumb Code     0  libinit.o(.ARM.Collect$$libinit$$00000000)
    __rt_lib_init_fp_1                       0x0800016d   Thumb Code     0  libinit2.o(.ARM.Collect$$libinit$$00000002)
    __rt_lib_init_heap_2                     0x0800016d   Thumb Code     0  libinit2.o(.ARM.Collect$$libinit$$00000005)
    __rt_lib_init_preinit_1                  0x0800016d   Thumb Code     0  libinit2.o(.ARM.Collect$$libinit$$00000004)
    __rt_lib_init_atexit_1                   0x08000175   Thumb Code     0  libinit2.o(.ARM.Collect$$libinit$$0000001B)
    __rt_lib_init_clock_1                    0x08000175   Thumb Code     0  libinit2.o(.ARM.Collect$$libinit$$00000021)
    __rt_lib_init_fp_trap_1                  0x08000175   Thumb Code     0  libinit2.o(.ARM.Collect$$libinit$$0000001F)
    __rt_lib_init_getenv_1                   0x08000175   Thumb Code     0  libinit2.o(.ARM.Collect$$libinit$$00000023)
    __rt_lib_init_heap_1                     0x08000175   Thumb Code     0  libinit2.o(.ARM.Collect$$libinit$$0000000A)
    __rt_lib_init_lc_collate_1               0x08000175   Thumb Code     0  libinit2.o(.ARM.Collect$$libinit$$00000011)
    __rt_lib_init_lc_ctype_1                 0x08000175   Thumb Code     0  libinit2.o(.ARM.Collect$$libinit$$00000013)
    __rt_lib_init_lc_monetary_1              0x08000175   Thumb Code     0  libinit2.o(.ARM.Collect$$libinit$$00000015)
    __rt_lib_init_lc_numeric_1               0x08000175   Thumb Code     0  libinit2.o(.ARM.Collect$$libinit$$00000017)
    __rt_lib_init_lc_time_1                  0x08000175   Thumb Code     0  libinit2.o(.ARM.Collect$$libinit$$00000019)
    __rt_lib_init_rand_1                     0x08000175   Thumb Code     0  libinit2.o(.ARM.Collect$$libinit$$0000000E)
    __rt_lib_init_signal_1                   0x08000175   Thumb Code     0  libinit2.o(.ARM.Collect$$libinit$$0000001D)
    __rt_lib_init_stdio_2                    0x08000175   Thumb Code     0  libinit2.o(.ARM.Collect$$libinit$$00000024)
    __rt_lib_init_user_alloc_1               0x08000175   Thumb Code     0  libinit2.o(.ARM.Collect$$libinit$$0000000C)
    __rt_lib_init_alloca_1                   0x08000179   Thumb Code     0  libinit2.o(.ARM.Collect$$libinit$$0000002E)
    __rt_lib_init_argv_1                     0x08000179   Thumb Code     0  libinit2.o(.ARM.Collect$$libinit$$0000002C)
    __rt_lib_init_cpp_1                      0x08000179   Thumb Code     0  libinit2.o(.ARM.Collect$$libinit$$00000032)
    __rt_lib_init_exceptions_1               0x08000179   Thumb Code     0  libinit2.o(.ARM.Collect$$libinit$$00000030)
    __rt_lib_init_return                     0x08000179   Thumb Code     0  libinit2.o(.ARM.Collect$$libinit$$00000033)
    __rt_lib_init_stdio_1                    0x08000179   Thumb Code     0  libinit2.o(.ARM.Collect$$libinit$$00000025)
    __rt_lib_shutdown                        0x0800017b   Thumb Code     0  libshutdown.o(.ARM.Collect$$libshutdown$$00000000)
    __rt_lib_shutdown_cpp_1                  0x0800017d   Thumb Code     0  libshutdown2.o(.ARM.Collect$$libshutdown$$00000002)
    __rt_lib_shutdown_stdio_2                0x0800017d   Thumb Code     0  libshutdown2.o(.ARM.Collect$$libshutdown$$00000003)
    __rt_lib_shutdown_fp_trap_1              0x08000181   Thumb Code     0  libshutdown2.o(.ARM.Collect$$libshutdown$$00000007)
    __rt_lib_shutdown_heap_1                 0x08000181   Thumb Code     0  libshutdown2.o(.ARM.Collect$$libshutdown$$0000000F)
    __rt_lib_shutdown_return                 0x08000181   Thumb Code     0  libshutdown2.o(.ARM.Collect$$libshutdown$$00000010)
    __rt_lib_shutdown_signal_1               0x08000181   Thumb Code     0  libshutdown2.o(.ARM.Collect$$libshutdown$$0000000A)
    __rt_lib_shutdown_stdio_1                0x08000181   Thumb Code     0  libshutdown2.o(.ARM.Collect$$libshutdown$$00000004)
    __rt_lib_shutdown_user_alloc_1           0x08000181   Thumb Code     0  libshutdown2.o(.ARM.Collect$$libshutdown$$0000000C)
    __rt_entry                               0x08000183   Thumb Code     0  __rtentry.o(.ARM.Collect$$rtentry$$00000000)
    __rt_entry_presh_1                       0x08000183   Thumb Code     0  __rtentry2.o(.ARM.Collect$$rtentry$$00000002)
    __rt_entry_sh                            0x08000183   Thumb Code     0  __rtentry4.o(.ARM.Collect$$rtentry$$00000004)
    __rt_entry_li                            0x08000189   Thumb Code     0  __rtentry2.o(.ARM.Collect$$rtentry$$0000000A)
    __rt_entry_postsh_1                      0x08000189   Thumb Code     0  __rtentry2.o(.ARM.Collect$$rtentry$$00000009)
    __rt_entry_main                          0x0800018d   Thumb Code     0  __rtentry2.o(.ARM.Collect$$rtentry$$0000000D)
    __rt_entry_postli_1                      0x0800018d   Thumb Code     0  __rtentry2.o(.ARM.Collect$$rtentry$$0000000C)
    __rt_exit                                0x08000195   Thumb Code     0  rtexit.o(.ARM.Collect$$rtexit$$00000000)
    __rt_exit_ls                             0x08000197   Thumb Code     0  rtexit2.o(.ARM.Collect$$rtexit$$00000003)
    __rt_exit_prels_1                        0x08000197   Thumb Code     0  rtexit2.o(.ARM.Collect$$rtexit$$00000002)
    __rt_exit_exit                           0x0800019b   Thumb Code     0  rtexit2.o(.ARM.Collect$$rtexit$$00000004)
    Reset_Handler                            0x080001a1   Thumb Code     8  startup_stm32f103xb.o(.text)
    _maybe_terminate_alloc                   0x080001a1   Thumb Code     0  maybetermalloc1.o(.emb_text)
    ADC1_2_IRQHandler                        0x080001bb   Thumb Code     0  startup_stm32f103xb.o(.text)
    CAN1_RX1_IRQHandler                      0x080001bb   Thumb Code     0  startup_stm32f103xb.o(.text)
    CAN1_SCE_IRQHandler                      0x080001bb   Thumb Code     0  startup_stm32f103xb.o(.text)
    DMA1_Channel1_IRQHandler                 0x080001bb   Thumb Code     0  startup_stm32f103xb.o(.text)
    DMA1_Channel2_IRQHandler                 0x080001bb   Thumb Code     0  startup_stm32f103xb.o(.text)
    DMA1_Channel3_IRQHandler                 0x080001bb   Thumb Code     0  startup_stm32f103xb.o(.text)
    DMA1_Channel4_IRQHandler                 0x080001bb   Thumb Code     0  startup_stm32f103xb.o(.text)
    DMA1_Channel5_IRQHandler                 0x080001bb   Thumb Code     0  startup_stm32f103xb.o(.text)
    DMA1_Channel6_IRQHandler                 0x080001bb   Thumb Code     0  startup_stm32f103xb.o(.text)
    DMA1_Channel7_IRQHandler                 0x080001bb   Thumb Code     0  startup_stm32f103xb.o(.text)
    EXTI0_IRQHandler                         0x080001bb   Thumb Code     0  startup_stm32f103xb.o(.text)
    EXTI15_10_IRQHandler                     0x080001bb   Thumb Code     0  startup_stm32f103xb.o(.text)
    EXTI1_IRQHandler                         0x080001bb   Thumb Code     0  startup_stm32f103xb.o(.text)
    EXTI2_IRQHandler                         0x080001bb   Thumb Code     0  startup_stm32f103xb.o(.text)
    EXTI3_IRQHandler                         0x080001bb   Thumb Code     0  startup_stm32f103xb.o(.text)
    EXTI4_IRQHandler                         0x080001bb   Thumb Code     0  startup_stm32f103xb.o(.text)
    EXTI9_5_IRQHandler                       0x080001bb   Thumb Code     0  startup_stm32f103xb.o(.text)
    FLASH_IRQHandler                         0x080001bb   Thumb Code     0  startup_stm32f103xb.o(.text)
    I2C1_ER_IRQHandler                       0x080001bb   Thumb Code     0  startup_stm32f103xb.o(.text)
    I2C1_EV_IRQHandler                       0x080001bb   Thumb Code     0  startup_stm32f103xb.o(.text)
    I2C2_ER_IRQHandler                       0x080001bb   Thumb Code     0  startup_stm32f103xb.o(.text)
    I2C2_EV_IRQHandler                       0x080001bb   Thumb Code     0  startup_stm32f103xb.o(.text)
    PVD_IRQHandler                           0x080001bb   Thumb Code     0  startup_stm32f103xb.o(.text)
    RCC_IRQHandler                           0x080001bb   Thumb Code     0  startup_stm32f103xb.o(.text)
    RTC_Alarm_IRQHandler                     0x080001bb   Thumb Code     0  startup_stm32f103xb.o(.text)
    RTC_IRQHandler                           0x080001bb   Thumb Code     0  startup_stm32f103xb.o(.text)
    SPI1_IRQHandler                          0x080001bb   Thumb Code     0  startup_stm32f103xb.o(.text)
    SPI2_IRQHandler                          0x080001bb   Thumb Code     0  startup_stm32f103xb.o(.text)
    TAMPER_IRQHandler                        0x080001bb   Thumb Code     0  startup_stm32f103xb.o(.text)
    TIM1_BRK_IRQHandler                      0x080001bb   Thumb Code     0  startup_stm32f103xb.o(.text)
    TIM1_CC_IRQHandler                       0x080001bb   Thumb Code     0  startup_stm32f103xb.o(.text)
    TIM1_TRG_COM_IRQHandler                  0x080001bb   Thumb Code     0  startup_stm32f103xb.o(.text)
    TIM1_UP_IRQHandler                       0x080001bb   Thumb Code     0  startup_stm32f103xb.o(.text)
    TIM2_IRQHandler                          0x080001bb   Thumb Code     0  startup_stm32f103xb.o(.text)
    TIM3_IRQHandler                          0x080001bb   Thumb Code     0  startup_stm32f103xb.o(.text)
    TIM4_IRQHandler                          0x080001bb   Thumb Code     0  startup_stm32f103xb.o(.text)
    USART3_IRQHandler                        0x080001bb   Thumb Code     0  startup_stm32f103xb.o(.text)
    USBWakeUp_IRQHandler                     0x080001bb   Thumb Code     0  startup_stm32f103xb.o(.text)
    USB_HP_CAN1_TX_IRQHandler                0x080001bb   Thumb Code     0  startup_stm32f103xb.o(.text)
    USB_LP_CAN1_RX0_IRQHandler               0x080001bb   Thumb Code     0  startup_stm32f103xb.o(.text)
    WWDG_IRQHandler                          0x080001bb   Thumb Code     0  startup_stm32f103xb.o(.text)
    __user_initial_stackheap                 0x080001bd   Thumb Code     0  startup_stm32f103xb.o(.text)
    __aeabi_llsr                             0x080001e1   Thumb Code     0  llushr.o(.text)
    _ll_ushift_r                             0x080001e1   Thumb Code    38  llushr.o(.text)
    __2printf                                0x08000209   Thumb Code    20  noretval__2printf.o(.text)
    __printf                                 0x08000221   Thumb Code   104  __printf.o(.text)
    _printf_str                              0x08000289   Thumb Code    82  _printf_str.o(.text)
    __aeabi_memcpy                           0x080002db   Thumb Code     0  rt_memcpy_v6.o(.text)
    __rt_memcpy                              0x080002db   Thumb Code   138  rt_memcpy_v6.o(.text)
    _memcpy_lastbytes                        0x08000341   Thumb Code     0  rt_memcpy_v6.o(.text)
    __use_two_region_memory                  0x08000365   Thumb Code     2  heapauxi.o(.text)
    __rt_heap_escrow                         0x08000367   Thumb Code     2  heapauxi.o(.text)
    __rt_heap_expand                         0x08000369   Thumb Code     2  heapauxi.o(.text)
    _printf_cs_common                        0x0800036b   Thumb Code    20  _printf_char.o(.text)
    _printf_char                             0x0800037f   Thumb Code    16  _printf_char.o(.text)
    _printf_string                           0x0800038f   Thumb Code     8  _printf_char.o(.text)
    _printf_char_file                        0x08000399   Thumb Code    32  _printf_char_file.o(.text)
    __aeabi_memcpy4                          0x080003bd   Thumb Code     0  rt_memcpy_w.o(.text)
    __aeabi_memcpy8                          0x080003bd   Thumb Code     0  rt_memcpy_w.o(.text)
    __rt_memcpy_w                            0x080003bd   Thumb Code   100  rt_memcpy_w.o(.text)
    _memcpy_lastbytes_aligned                0x08000405   Thumb Code     0  rt_memcpy_w.o(.text)
    _printf_char_common                      0x0800042b   Thumb Code    32  _printf_char_common.o(.text)
    ferror                                   0x08000451   Thumb Code     8  ferror.o(.text)
    _initio                                  0x08000459   Thumb Code   210  initio.o(.text)
    _terminateio                             0x0800052b   Thumb Code    56  initio.o(.text)
    _sys_open                                0x08000591   Thumb Code    20  sys_io.o(.text)
    _sys_close                               0x080005a5   Thumb Code    12  sys_io.o(.text)
    _sys_write                               0x080005b1   Thumb Code    16  sys_io.o(.text)
    _sys_read                                0x080005c1   Thumb Code    14  sys_io.o(.text)
    _sys_istty                               0x080005cf   Thumb Code    12  sys_io.o(.text)
    _sys_seek                                0x080005db   Thumb Code    14  sys_io.o(.text)
    _sys_ensure                              0x080005e9   Thumb Code     2  sys_io.o(.text)
    _sys_flen                                0x080005eb   Thumb Code    12  sys_io.o(.text)
    __user_setup_stackheap                   0x080005f7   Thumb Code    74  sys_stackheap_outer.o(.text)
    free                                     0x08000641   Thumb Code    78  h1_free.o(.text)
    setvbuf                                  0x0800068f   Thumb Code    70  setvbuf.o(.text)
    freopen                                  0x080006d5   Thumb Code   158  fopen.o(.text)
    fopen                                    0x08000773   Thumb Code    74  fopen.o(.text)
    _fclose_internal                         0x080007c1   Thumb Code    76  fclose.o(.text)
    fclose                                   0x080007c1   Thumb Code     0  fclose.o(.text)
    exit                                     0x0800080d   Thumb Code    18  exit.o(.text)
    __rt_SIGRTRED                            0x0800081f   Thumb Code    14  defsig_rtred_outer.o(.text)
    __aeabi_memclr4                          0x0800082d   Thumb Code     0  rt_memclr_w.o(.text)
    __aeabi_memclr8                          0x0800082d   Thumb Code     0  rt_memclr_w.o(.text)
    __rt_memclr_w                            0x0800082d   Thumb Code    78  rt_memclr_w.o(.text)
    _memset_w                                0x08000831   Thumb Code     0  rt_memclr_w.o(.text)
    __user_libspace                          0x0800087d   Thumb Code     8  libspace.o(.text)
    __user_perproc_libspace                  0x0800087d   Thumb Code     0  libspace.o(.text)
    __user_perthread_libspace                0x0800087d   Thumb Code     0  libspace.o(.text)
    __I$use$semihosting                      0x08000885   Thumb Code     0  use_no_semi.o(.text)
    __use_no_semihosting_swi                 0x08000885   Thumb Code     2  use_no_semi.o(.text)
    __semihosting_library_function           0x08000887   Thumb Code     0  indicate_semi.o(.text)
    __rt_heap_descriptor                     0x08000889   Thumb Code     8  rt_heap_descriptor_intlibspace.o(.text)
    __use_no_heap                            0x08000891   Thumb Code     2  hguard.o(.text)
    __heap$guard                             0x08000893   Thumb Code     2  hguard.o(.text)
    _terminate_user_alloc                    0x08000895   Thumb Code     2  init_alloc.o(.text)
    _init_user_alloc                         0x08000897   Thumb Code     2  init_alloc.o(.text)
    __Heap_Full                              0x08000899   Thumb Code    34  init_alloc.o(.text)
    __Heap_Broken                            0x080008bb   Thumb Code     6  init_alloc.o(.text)
    _init_alloc                              0x080008c1   Thumb Code    94  init_alloc.o(.text)
    malloc                                   0x0800091f   Thumb Code    94  h1_alloc.o(.text)
    _fseek                                   0x0800097d   Thumb Code   242  fseek.o(.text)
    fseek                                    0x0800097d   Thumb Code     0  fseek.o(.text)
    _seterr                                  0x08000a75   Thumb Code    20  stdio.o(.text)
    _writebuf                                0x08000a89   Thumb Code    84  stdio.o(.text)
    _fflush                                  0x08000add   Thumb Code    70  stdio.o(.text)
    _deferredlazyseek                        0x08000b23   Thumb Code    60  stdio.o(.text)
    __sig_exit                               0x08000b65   Thumb Code    10  defsig_exit.o(.text)
    __rt_SIGRTRED_inner                      0x08000b71   Thumb Code    14  defsig_rtred_inner.o(.text)
    strlen                                   0x08000ba5   Thumb Code    62  strlen.o(.text)
    _sys_exit                                0x08000be5   Thumb Code     8  sys_exit.o(.text)
    __Heap_Initialize                        0x08000bf1   Thumb Code    10  h1_init.o(.text)
    __Heap_DescSize                          0x08000bfb   Thumb Code     4  h1_init.o(.text)
    __Heap_ProvideMemory                     0x08000bff   Thumb Code    52  h1_extend.o(.text)
    _ftell_internal                          0x08000c33   Thumb Code    66  ftell.o(.text)
    ftell                                    0x08000c33   Thumb Code     0  ftell.o(.text)
    __default_signal_display                 0x08000c75   Thumb Code    50  defsig_general.o(.text)
    __rt_SIGRTMEM                            0x08000ca7   Thumb Code    14  defsig_rtmem_outer.o(.text)
    _ttywrch                                 0x08000cb5   Thumb Code    14  sys_wrch.o(.text)
    __aeabi_errno_addr                       0x08000cc5   Thumb Code     8  rt_errno_addr_intlibspace.o(.text)
    __errno$intlibspace                      0x08000cc5   Thumb Code     0  rt_errno_addr_intlibspace.o(.text)
    __rt_errno_addr$intlibspace              0x08000cc5   Thumb Code     0  rt_errno_addr_intlibspace.o(.text)
    __rt_SIGRTMEM_inner                      0x08000ccd   Thumb Code    22  defsig_rtmem_inner.o(.text)
    BusFault_Handler                         0x08000d1d   Thumb Code     2  stm32f1xx_it.o(i.BusFault_Handler)
    DebugMon_Handler                         0x08000d1f   Thumb Code     2  stm32f1xx_it.o(i.DebugMon_Handler)
    FLASH_PageErase                          0x08000d45   Thumb Code    28  stm32f1xx_hal_flash_ex.o(i.FLASH_PageErase)
    FLASH_PagesMask                          0x08000d69   Thumb Code    20  common.o(i.FLASH_PagesMask)
    FLASH_WaitForLastOperation               0x08000ddd   Thumb Code    80  stm32f1xx_hal_flash.o(i.FLASH_WaitForLastOperation)
    HAL_Delay                                0x08000e31   Thumb Code    22  stm32f1xx_hal.o(i.HAL_Delay)
    HAL_FLASHEx_Erase                        0x08000e49   Thumb Code   160  stm32f1xx_hal_flash_ex.o(i.HAL_FLASHEx_Erase)
    HAL_FLASH_Lock                           0x08000ef1   Thumb Code    14  stm32f1xx_hal_flash.o(i.HAL_FLASH_Lock)
    HAL_FLASH_Program                        0x08000f05   Thumb Code   120  stm32f1xx_hal_flash.o(i.HAL_FLASH_Program)
    HAL_FLASH_Unlock                         0x08000f85   Thumb Code    24  stm32f1xx_hal_flash.o(i.HAL_FLASH_Unlock)
    HAL_GPIO_Init                            0x08000fa9   Thumb Code   408  stm32f1xx_hal_gpio.o(i.HAL_GPIO_Init)
    HAL_GetTick                              0x08001165   Thumb Code     6  stm32f1xx_hal.o(i.HAL_GetTick)
    HAL_IncTick                              0x08001171   Thumb Code    10  stm32f1xx_hal.o(i.HAL_IncTick)
    HAL_Init                                 0x08001181   Thumb Code    32  stm32f1xx_hal.o(i.HAL_Init)
    HAL_InitTick                             0x080011a5   Thumb Code    34  stm32f1xx_hal.o(i.HAL_InitTick)
    HAL_MspInit                              0x080011c9   Thumb Code   118  stm32f1xx_hal_msp.o(i.HAL_MspInit)
    HAL_NVIC_EnableIRQ                       0x08001249   Thumb Code    22  stm32f1xx_hal_cortex.o(i.HAL_NVIC_EnableIRQ)
    HAL_NVIC_SetPriority                     0x08001261   Thumb Code    60  stm32f1xx_hal_cortex.o(i.HAL_NVIC_SetPriority)
    HAL_NVIC_SetPriorityGrouping             0x080012a1   Thumb Code    26  stm32f1xx_hal_cortex.o(i.HAL_NVIC_SetPriorityGrouping)
    HAL_NVIC_SystemReset                     0x080012c5   Thumb Code    26  stm32f1xx_hal_cortex.o(i.HAL_NVIC_SystemReset)
    HAL_RCC_ClockConfig                      0x080012e9   Thumb Code   374  stm32f1xx_hal_rcc.o(i.HAL_RCC_ClockConfig)
    HAL_RCC_GetHCLKFreq                      0x08001471   Thumb Code     6  stm32f1xx_hal_rcc.o(i.HAL_RCC_GetHCLKFreq)
    HAL_RCC_GetPCLK1Freq                     0x0800147d   Thumb Code    34  stm32f1xx_hal_rcc.o(i.HAL_RCC_GetPCLK1Freq)
    HAL_RCC_GetPCLK2Freq                     0x080014ad   Thumb Code    34  stm32f1xx_hal_rcc.o(i.HAL_RCC_GetPCLK2Freq)
    HAL_RCC_GetSysClockFreq                  0x080014dd   Thumb Code   102  stm32f1xx_hal_rcc.o(i.HAL_RCC_GetSysClockFreq)
    HAL_RCC_OscConfig                        0x08001565   Thumb Code  1406  stm32f1xx_hal_rcc.o(i.HAL_RCC_OscConfig)
    HAL_SYSTICK_CLKSourceConfig              0x08001ae3   Thumb Code    24  stm32f1xx_hal_cortex.o(i.HAL_SYSTICK_CLKSourceConfig)
    HAL_SYSTICK_Callback                     0x08001afb   Thumb Code     2  stm32f1xx_hal_cortex.o(i.HAL_SYSTICK_Callback)
    HAL_SYSTICK_Config                       0x08001afd   Thumb Code    40  stm32f1xx_hal_cortex.o(i.HAL_SYSTICK_Config)
    HAL_SYSTICK_IRQHandler                   0x08001b25   Thumb Code     8  stm32f1xx_hal_cortex.o(i.HAL_SYSTICK_IRQHandler)
    HAL_UART_ErrorCallback                   0x08001b2d   Thumb Code     2  stm32f1xx_hal_uart.o(i.HAL_UART_ErrorCallback)
    HAL_UART_IRQHandler                      0x08001b31   Thumb Code   218  stm32f1xx_hal_uart.o(i.HAL_UART_IRQHandler)
    HAL_UART_Init                            0x08001c0b   Thumb Code    94  stm32f1xx_hal_uart.o(i.HAL_UART_Init)
    HAL_UART_MspInit                         0x08001c69   Thumb Code   158  usart.o(i.HAL_UART_MspInit)
    HAL_UART_Receive                         0x08001d19   Thumb Code   204  stm32f1xx_hal_uart.o(i.HAL_UART_Receive)
    HAL_UART_Receive_IT                      0x08001de5   Thumb Code   106  stm32f1xx_hal_uart.o(i.HAL_UART_Receive_IT)
    HAL_UART_RxCpltCallback                  0x08001e51   Thumb Code    20  bsp_debug_usart.o(i.HAL_UART_RxCpltCallback)
    HAL_UART_Transmit                        0x08001e71   Thumb Code   204  stm32f1xx_hal_uart.o(i.HAL_UART_Transmit)
    HAL_UART_TxCpltCallback                  0x08001f3d   Thumb Code     2  stm32f1xx_hal_uart.o(i.HAL_UART_TxCpltCallback)
    HardFault_Handler                        0x08001f3f   Thumb Code     2  stm32f1xx_it.o(i.HardFault_Handler)
    Int2Str                                  0x08001f41   Thumb Code    60  common.o(i.Int2Str)
    JumpToAPP                                0x08001f81   Thumb Code    32  common.o(i.JumpToAPP)
    MX_GPIO_Init                             0x08001fad   Thumb Code    38  gpio.o(i.MX_GPIO_Init)
    MX_USART1_UART_Init                      0x08001fd9   Thumb Code    52  usart.o(i.MX_USART1_UART_Init)
    MX_USART2_UART_Init                      0x08002025   Thumb Code    52  usart.o(i.MX_USART2_UART_Init)
    MemManage_Handler                        0x08002071   Thumb Code     2  stm32f1xx_it.o(i.MemManage_Handler)
    NMI_Handler                              0x08002073   Thumb Code     2  stm32f1xx_it.o(i.NMI_Handler)
    PendSV_Handler                           0x08002095   Thumb Code     2  stm32f1xx_it.o(i.PendSV_Handler)
    SVC_Handler                              0x0800215d   Thumb Code     2  stm32f1xx_it.o(i.SVC_Handler)
    SerialDownload                           0x08002161   Thumb Code   114  download.o(i.SerialDownload)
    SerialPutChar                            0x080022ed   Thumb Code    18  common.o(i.SerialPutChar)
    Serial_PutString                         0x08002305   Thumb Code    22  common.o(i.Serial_PutString)
    Str2Int                                  0x0800231b   Thumb Code   188  common.o(i.Str2Int)
    SysTick_Handler                          0x080023d7   Thumb Code    14  stm32f1xx_it.o(i.SysTick_Handler)
    SystemClock_Config                       0x080023e5   Thumb Code   104  main.o(i.SystemClock_Config)
    SystemInit                               0x0800244d   Thumb Code    56  system_stm32f1xx.o(i.SystemInit)
    USART1_IRQHandler                        0x080027a5   Thumb Code     6  stm32f1xx_it.o(i.USART1_IRQHandler)
    USART2_IRQHandler                        0x080027b1   Thumb Code     6  stm32f1xx_it.o(i.USART2_IRQHandler)
    UsageFault_Handler                       0x080027bd   Thumb Code     2  stm32f1xx_it.o(i.UsageFault_Handler)
    Ymodem_Receive                           0x080027c1   Thumb Code   444  ymodem.o(i.Ymodem_Receive)
    _Error_Handler                           0x08002989   Thumb Code     2  main.o(i._Error_Handler)
    fputc                                    0x0800298d   Thumb Code    20  bsp_debug_usart.o(i.fputc)
    main                                     0x080029a5   Thumb Code   144  main.o(i.main)
    AHBPrescTable                            0x08002a90   Data          16  system_stm32f1xx.o(.constdata)
    APBPrescTable                            0x08002aa0   Data           8  system_stm32f1xx.o(.constdata)
    __stdin_name                             0x08002aa8   Data           4  sys_io.o(.constdata)
    __stdout_name                            0x08002aac   Data           4  sys_io.o(.constdata)
    __stderr_name                            0x08002ab0   Data           4  sys_io.o(.constdata)
    Region$$Table$$Base                      0x08002c84   Number         0  anon$$obj.o(Region$$Table)
    Region$$Table$$Limit                     0x08002ca4   Number         0  anon$$obj.o(Region$$Table)
    SystemCoreClock                          0x20000000   Data           4  system_stm32f1xx.o(.data)
    uart2RcvOneData                          0x20000008   Data           1  bsp_debug_usart.o(.data)
    BlockNbr                                 0x2000000c   Data           4  common.o(.data)
    UserMemoryMask                           0x20000010   Data           4  common.o(.data)
    FlashProtection                          0x20000014   Data           4  common.o(.data)
    tmp_flag                                 0x20000018   Data           4  common.o(.data)
    Jump_To_Application                      0x2000001c   Data           4  common.o(.data)
    JumpAddress                              0x20000020   Data           4  common.o(.data)
    FlashDestination                         0x20000024   Data           4  ymodem.o(.data)
    NbrOfPage                                0x20000028   Data           4  ymodem.o(.data)
    RamSource                                0x2000002c   Data           4  ymodem.o(.data)
    __aeabi_stdin                            0x20000030   Data           4  stdio_streams.o(.data)
    __aeabi_stdout                           0x20000034   Data           4  stdio_streams.o(.data)
    __aeabi_stderr                           0x20000038   Data           4  stdio_streams.o(.data)
    pFlash                                   0x20000040   Data          32  stm32f1xx_hal_flash.o(.bss)
    FlagData                                 0x20000060   Data          20  main.o(.bss)
    huart1                                   0x20000074   Data          64  usart.o(.bss)
    huart2                                   0x200000b4   Data          64  usart.o(.bss)
    tab_1024                                 0x200000f4   Data        1024  download.o(.bss)
    file_name                                0x200004f4   Data         256  ymodem.o(.bss)
    __stdin                                  0x200005f4   Data          84  stdio_streams.o(.bss)
    __stdout                                 0x20000648   Data          84  stdio_streams.o(.bss)
    __stderr                                 0x2000069c   Data          84  stdio_streams.o(.bss)
    __libspace_start                         0x200006f0   Data          96  libspace.o(.bss)
    __temporary_stack_top$libspace           0x20000750   Data           0  libspace.o(.bss)



==============================================================================

Memory Map of the image

  Image Entry point : 0x080000ed

  Load Region LR_IROM1 (Base: 0x08000000, Size: 0x00002ce0, Max: 0x00010000, ABSOLUTE)

    Execution Region ER_IROM1 (Exec base: 0x08000000, Load base: 0x08000000, Size: 0x00002ca4, Max: 0x00010000, ABSOLUTE)

    Exec Addr    Load Addr    Size         Type   Attr      Idx    E Section Name        Object

    0x08000000   0x08000000   0x000000ec   Data   RO            3    RESET               startup_stm32f103xb.o
    0x080000ec   0x080000ec   0x00000008   Code   RO         1887  * !!!main             c_w.l(__main.o)
    0x080000f4   0x080000f4   0x00000034   Code   RO         2210    !!!scatter          c_w.l(__scatter.o)
    0x08000128   0x08000128   0x0000001a   Code   RO         2212    !!handler_copy      c_w.l(__scatter_copy.o)
    0x08000142   0x08000142   0x00000002   PAD
    0x08000144   0x08000144   0x0000001c   Code   RO         2214    !!handler_zi        c_w.l(__scatter_zi.o)
    0x08000160   0x08000160   0x00000000   Code   RO         1882    .ARM.Collect$$_printf_percent$$00000000  c_w.l(_printf_percent.o)
    0x08000160   0x08000160   0x00000006   Code   RO         1881    .ARM.Collect$$_printf_percent$$00000014  c_w.l(_printf_s.o)
    0x08000166   0x08000166   0x00000004   Code   RO         1894    .ARM.Collect$$_printf_percent$$00000017  c_w.l(_printf_percent_end.o)
    0x0800016a   0x0800016a   0x00000002   Code   RO         2019    .ARM.Collect$$libinit$$00000000  c_w.l(libinit.o)
    0x0800016c   0x0800016c   0x00000000   Code   RO         2021    .ARM.Collect$$libinit$$00000002  c_w.l(libinit2.o)
    0x0800016c   0x0800016c   0x00000000   Code   RO         2023    .ARM.Collect$$libinit$$00000004  c_w.l(libinit2.o)
    0x0800016c   0x0800016c   0x00000008   Code   RO         2024    .ARM.Collect$$libinit$$00000005  c_w.l(libinit2.o)
    0x08000174   0x08000174   0x00000000   Code   RO         2026    .ARM.Collect$$libinit$$0000000A  c_w.l(libinit2.o)
    0x08000174   0x08000174   0x00000000   Code   RO         2028    .ARM.Collect$$libinit$$0000000C  c_w.l(libinit2.o)
    0x08000174   0x08000174   0x00000000   Code   RO         2030    .ARM.Collect$$libinit$$0000000E  c_w.l(libinit2.o)
    0x08000174   0x08000174   0x00000000   Code   RO         2033    .ARM.Collect$$libinit$$00000011  c_w.l(libinit2.o)
    0x08000174   0x08000174   0x00000000   Code   RO         2035    .ARM.Collect$$libinit$$00000013  c_w.l(libinit2.o)
    0x08000174   0x08000174   0x00000000   Code   RO         2037    .ARM.Collect$$libinit$$00000015  c_w.l(libinit2.o)
    0x08000174   0x08000174   0x00000000   Code   RO         2039    .ARM.Collect$$libinit$$00000017  c_w.l(libinit2.o)
    0x08000174   0x08000174   0x00000000   Code   RO         2041    .ARM.Collect$$libinit$$00000019  c_w.l(libinit2.o)
    0x08000174   0x08000174   0x00000000   Code   RO         2043    .ARM.Collect$$libinit$$0000001B  c_w.l(libinit2.o)
    0x08000174   0x08000174   0x00000000   Code   RO         2045    .ARM.Collect$$libinit$$0000001D  c_w.l(libinit2.o)
    0x08000174   0x08000174   0x00000000   Code   RO         2047    .ARM.Collect$$libinit$$0000001F  c_w.l(libinit2.o)
    0x08000174   0x08000174   0x00000000   Code   RO         2049    .ARM.Collect$$libinit$$00000021  c_w.l(libinit2.o)
    0x08000174   0x08000174   0x00000000   Code   RO         2051    .ARM.Collect$$libinit$$00000023  c_w.l(libinit2.o)
    0x08000174   0x08000174   0x00000004   Code   RO         2052    .ARM.Collect$$libinit$$00000024  c_w.l(libinit2.o)
    0x08000178   0x08000178   0x00000000   Code   RO         2053    .ARM.Collect$$libinit$$00000025  c_w.l(libinit2.o)
    0x08000178   0x08000178   0x00000000   Code   RO         2057    .ARM.Collect$$libinit$$0000002C  c_w.l(libinit2.o)
    0x08000178   0x08000178   0x00000000   Code   RO         2059    .ARM.Collect$$libinit$$0000002E  c_w.l(libinit2.o)
    0x08000178   0x08000178   0x00000000   Code   RO         2061    .ARM.Collect$$libinit$$00000030  c_w.l(libinit2.o)
    0x08000178   0x08000178   0x00000000   Code   RO         2063    .ARM.Collect$$libinit$$00000032  c_w.l(libinit2.o)
    0x08000178   0x08000178   0x00000002   Code   RO         2064    .ARM.Collect$$libinit$$00000033  c_w.l(libinit2.o)
    0x0800017a   0x0800017a   0x00000002   Code   RO         2189    .ARM.Collect$$libshutdown$$00000000  c_w.l(libshutdown.o)
    0x0800017c   0x0800017c   0x00000000   Code   RO         2066    .ARM.Collect$$libshutdown$$00000002  c_w.l(libshutdown2.o)
    0x0800017c   0x0800017c   0x00000004   Code   RO         2067    .ARM.Collect$$libshutdown$$00000003  c_w.l(libshutdown2.o)
    0x08000180   0x08000180   0x00000000   Code   RO         2068    .ARM.Collect$$libshutdown$$00000004  c_w.l(libshutdown2.o)
    0x08000180   0x08000180   0x00000000   Code   RO         2071    .ARM.Collect$$libshutdown$$00000007  c_w.l(libshutdown2.o)
    0x08000180   0x08000180   0x00000000   Code   RO         2074    .ARM.Collect$$libshutdown$$0000000A  c_w.l(libshutdown2.o)
    0x08000180   0x08000180   0x00000000   Code   RO         2076    .ARM.Collect$$libshutdown$$0000000C  c_w.l(libshutdown2.o)
    0x08000180   0x08000180   0x00000000   Code   RO         2079    .ARM.Collect$$libshutdown$$0000000F  c_w.l(libshutdown2.o)
    0x08000180   0x08000180   0x00000002   Code   RO         2080    .ARM.Collect$$libshutdown$$00000010  c_w.l(libshutdown2.o)
    0x08000182   0x08000182   0x00000000   Code   RO         1889    .ARM.Collect$$rtentry$$00000000  c_w.l(__rtentry.o)
    0x08000182   0x08000182   0x00000000   Code   RO         1904    .ARM.Collect$$rtentry$$00000002  c_w.l(__rtentry2.o)
    0x08000182   0x08000182   0x00000006   Code   RO         1916    .ARM.Collect$$rtentry$$00000004  c_w.l(__rtentry4.o)
    0x08000188   0x08000188   0x00000000   Code   RO         1906    .ARM.Collect$$rtentry$$00000009  c_w.l(__rtentry2.o)
    0x08000188   0x08000188   0x00000004   Code   RO         1907    .ARM.Collect$$rtentry$$0000000A  c_w.l(__rtentry2.o)
    0x0800018c   0x0800018c   0x00000000   Code   RO         1909    .ARM.Collect$$rtentry$$0000000C  c_w.l(__rtentry2.o)
    0x0800018c   0x0800018c   0x00000008   Code   RO         1910    .ARM.Collect$$rtentry$$0000000D  c_w.l(__rtentry2.o)
    0x08000194   0x08000194   0x00000002   Code   RO         2087    .ARM.Collect$$rtexit$$00000000  c_w.l(rtexit.o)
    0x08000196   0x08000196   0x00000000   Code   RO         2135    .ARM.Collect$$rtexit$$00000002  c_w.l(rtexit2.o)
    0x08000196   0x08000196   0x00000004   Code   RO         2136    .ARM.Collect$$rtexit$$00000003  c_w.l(rtexit2.o)
    0x0800019a   0x0800019a   0x00000006   Code   RO         2137    .ARM.Collect$$rtexit$$00000004  c_w.l(rtexit2.o)
    0x080001a0   0x080001a0   0x00000000   Code   RO         2141    .emb_text           c_w.l(maybetermalloc1.o)
    0x080001a0   0x080001a0   0x00000040   Code   RO            4    .text               startup_stm32f103xb.o
    0x080001e0   0x080001e0   0x00000026   Code   RO         1851    .text               c_w.l(llushr.o)
    0x08000206   0x08000206   0x00000002   PAD
    0x08000208   0x08000208   0x00000018   Code   RO         1855    .text               c_w.l(noretval__2printf.o)
    0x08000220   0x08000220   0x00000068   Code   RO         1857    .text               c_w.l(__printf.o)
    0x08000288   0x08000288   0x00000052   Code   RO         1859    .text               c_w.l(_printf_str.o)
    0x080002da   0x080002da   0x0000008a   Code   RO         1883    .text               c_w.l(rt_memcpy_v6.o)
    0x08000364   0x08000364   0x00000006   Code   RO         1885    .text               c_w.l(heapauxi.o)
    0x0800036a   0x0800036a   0x0000002c   Code   RO         1890    .text               c_w.l(_printf_char.o)
    0x08000396   0x08000396   0x00000002   PAD
    0x08000398   0x08000398   0x00000024   Code   RO         1892    .text               c_w.l(_printf_char_file.o)
    0x080003bc   0x080003bc   0x00000064   Code   RO         1901    .text               c_w.l(rt_memcpy_w.o)
    0x08000420   0x08000420   0x00000030   Code   RO         1918    .text               c_w.l(_printf_char_common.o)
    0x08000450   0x08000450   0x00000008   Code   RO         1920    .text               c_w.l(ferror.o)
    0x08000458   0x08000458   0x00000138   Code   RO         1922    .text               c_w.l(initio.o)
    0x08000590   0x08000590   0x00000066   Code   RO         1928    .text               c_w.l(sys_io.o)
    0x080005f6   0x080005f6   0x0000004a   Code   RO         1935    .text               c_w.l(sys_stackheap_outer.o)
    0x08000640   0x08000640   0x0000004e   Code   RO         1939    .text               c_w.l(h1_free.o)
    0x0800068e   0x0800068e   0x00000046   Code   RO         1995    .text               c_w.l(setvbuf.o)
    0x080006d4   0x080006d4   0x000000ec   Code   RO         1998    .text               c_w.l(fopen.o)
    0x080007c0   0x080007c0   0x0000004c   Code   RO         2000    .text               c_w.l(fclose.o)
    0x0800080c   0x0800080c   0x00000012   Code   RO         2006    .text               c_w.l(exit.o)
    0x0800081e   0x0800081e   0x0000000e   Code   RO         2008    .text               c_w.l(defsig_rtred_outer.o)
    0x0800082c   0x0800082c   0x0000004e   Code   RO         2012    .text               c_w.l(rt_memclr_w.o)
    0x0800087a   0x0800087a   0x00000002   PAD
    0x0800087c   0x0800087c   0x00000008   Code   RO         2081    .text               c_w.l(libspace.o)
    0x08000884   0x08000884   0x00000002   Code   RO         2084    .text               c_w.l(use_no_semi.o)
    0x08000886   0x08000886   0x00000000   Code   RO         2086    .text               c_w.l(indicate_semi.o)
    0x08000886   0x08000886   0x00000002   PAD
    0x08000888   0x08000888   0x00000008   Code   RO         2094    .text               c_w.l(rt_heap_descriptor_intlibspace.o)
    0x08000890   0x08000890   0x00000004   Code   RO         2096    .text               c_w.l(hguard.o)
    0x08000894   0x08000894   0x0000008a   Code   RO         2098    .text               c_w.l(init_alloc.o)
    0x0800091e   0x0800091e   0x0000005e   Code   RO         2104    .text               c_w.l(h1_alloc.o)
    0x0800097c   0x0800097c   0x000000f8   Code   RO         2118    .text               c_w.l(fseek.o)
    0x08000a74   0x08000a74   0x000000f0   Code   RO         2120    .text               c_w.l(stdio.o)
    0x08000b64   0x08000b64   0x0000000a   Code   RO         2122    .text               c_w.l(defsig_exit.o)
    0x08000b6e   0x08000b6e   0x00000002   PAD
    0x08000b70   0x08000b70   0x00000034   Code   RO         2124    .text               c_w.l(defsig_rtred_inner.o)
    0x08000ba4   0x08000ba4   0x0000003e   Code   RO         2126    .text               c_w.l(strlen.o)
    0x08000be2   0x08000be2   0x00000002   PAD
    0x08000be4   0x08000be4   0x0000000c   Code   RO         2132    .text               c_w.l(sys_exit.o)
    0x08000bf0   0x08000bf0   0x0000000e   Code   RO         2143    .text               c_w.l(h1_init.o)
    0x08000bfe   0x08000bfe   0x00000034   Code   RO         2145    .text               c_w.l(h1_extend.o)
    0x08000c32   0x08000c32   0x00000042   Code   RO         2151    .text               c_w.l(ftell.o)
    0x08000c74   0x08000c74   0x00000032   Code   RO         2155    .text               c_w.l(defsig_general.o)
    0x08000ca6   0x08000ca6   0x0000000e   Code   RO         2157    .text               c_w.l(defsig_rtmem_outer.o)
    0x08000cb4   0x08000cb4   0x0000000e   Code   RO         2170    .text               c_w.l(sys_wrch.o)
    0x08000cc2   0x08000cc2   0x00000002   PAD
    0x08000cc4   0x08000cc4   0x00000008   Code   RO         2177    .text               c_w.l(rt_errno_addr_intlibspace.o)
    0x08000ccc   0x08000ccc   0x00000050   Code   RO         2183    .text               c_w.l(defsig_rtmem_inner.o)
    0x08000d1c   0x08000d1c   0x00000002   Code   RO         1424    i.BusFault_Handler  stm32f1xx_it.o
    0x08000d1e   0x08000d1e   0x00000002   Code   RO         1425    i.DebugMon_Handler  stm32f1xx_it.o
    0x08000d20   0x08000d20   0x00000024   Code   RO         1115    i.FLASH_MassErase   stm32f1xx_hal_flash_ex.o
    0x08000d44   0x08000d44   0x00000024   Code   RO         1120    i.FLASH_PageErase   stm32f1xx_hal_flash_ex.o
    0x08000d68   0x08000d68   0x00000014   Code   RO         1611    i.FLASH_PagesMask   common.o
    0x08000d7c   0x08000d7c   0x0000001c   Code   RO          291    i.FLASH_Program_HalfWord  stm32f1xx_hal_flash.o
    0x08000d98   0x08000d98   0x00000044   Code   RO          292    i.FLASH_SetErrorCode  stm32f1xx_hal_flash.o
    0x08000ddc   0x08000ddc   0x00000054   Code   RO          293    i.FLASH_WaitForLastOperation  stm32f1xx_hal_flash.o
    0x08000e30   0x08000e30   0x00000016   Code   RO          809    i.HAL_Delay         stm32f1xx_hal.o
    0x08000e46   0x08000e46   0x00000002   PAD
    0x08000e48   0x08000e48   0x000000a8   Code   RO         1121    i.HAL_FLASHEx_Erase  stm32f1xx_hal_flash_ex.o
    0x08000ef0   0x08000ef0   0x00000014   Code   RO          297    i.HAL_FLASH_Lock    stm32f1xx_hal_flash.o
    0x08000f04   0x08000f04   0x00000080   Code   RO          302    i.HAL_FLASH_Program  stm32f1xx_hal_flash.o
    0x08000f84   0x08000f84   0x00000024   Code   RO          304    i.HAL_FLASH_Unlock  stm32f1xx_hal_flash.o
    0x08000fa8   0x08000fa8   0x000001bc   Code   RO          975    i.HAL_GPIO_Init     stm32f1xx_hal_gpio.o
    0x08001164   0x08001164   0x0000000c   Code   RO          813    i.HAL_GetTick       stm32f1xx_hal.o
    0x08001170   0x08001170   0x00000010   Code   RO          814    i.HAL_IncTick       stm32f1xx_hal.o
    0x08001180   0x08001180   0x00000024   Code   RO          815    i.HAL_Init          stm32f1xx_hal.o
    0x080011a4   0x080011a4   0x00000022   Code   RO          816    i.HAL_InitTick      stm32f1xx_hal.o
    0x080011c6   0x080011c6   0x00000002   PAD
    0x080011c8   0x080011c8   0x00000080   Code   RO         1400    i.HAL_MspInit       stm32f1xx_hal_msp.o
    0x08001248   0x08001248   0x00000016   Code   RO          687    i.HAL_NVIC_EnableIRQ  stm32f1xx_hal_cortex.o
    0x0800125e   0x0800125e   0x00000002   PAD
    0x08001260   0x08001260   0x00000040   Code   RO          693    i.HAL_NVIC_SetPriority  stm32f1xx_hal_cortex.o
    0x080012a0   0x080012a0   0x00000024   Code   RO          694    i.HAL_NVIC_SetPriorityGrouping  stm32f1xx_hal_cortex.o
    0x080012c4   0x080012c4   0x00000024   Code   RO          695    i.HAL_NVIC_SystemReset  stm32f1xx_hal_cortex.o
    0x080012e8   0x080012e8   0x00000188   Code   RO         1219    i.HAL_RCC_ClockConfig  stm32f1xx_hal_rcc.o
    0x08001470   0x08001470   0x0000000c   Code   RO         1224    i.HAL_RCC_GetHCLKFreq  stm32f1xx_hal_rcc.o
    0x0800147c   0x0800147c   0x00000030   Code   RO         1226    i.HAL_RCC_GetPCLK1Freq  stm32f1xx_hal_rcc.o
    0x080014ac   0x080014ac   0x00000030   Code   RO         1227    i.HAL_RCC_GetPCLK2Freq  stm32f1xx_hal_rcc.o
    0x080014dc   0x080014dc   0x00000088   Code   RO         1228    i.HAL_RCC_GetSysClockFreq  stm32f1xx_hal_rcc.o
    0x08001564   0x08001564   0x0000057e   Code   RO         1231    i.HAL_RCC_OscConfig  stm32f1xx_hal_rcc.o
    0x08001ae2   0x08001ae2   0x00000018   Code   RO          696    i.HAL_SYSTICK_CLKSourceConfig  stm32f1xx_hal_cortex.o
    0x08001afa   0x08001afa   0x00000002   Code   RO          697    i.HAL_SYSTICK_Callback  stm32f1xx_hal_cortex.o
    0x08001afc   0x08001afc   0x00000028   Code   RO          698    i.HAL_SYSTICK_Config  stm32f1xx_hal_cortex.o
    0x08001b24   0x08001b24   0x00000008   Code   RO          699    i.HAL_SYSTICK_IRQHandler  stm32f1xx_hal_cortex.o
    0x08001b2c   0x08001b2c   0x00000002   Code   RO          460    i.HAL_UART_ErrorCallback  stm32f1xx_hal_uart.o
    0x08001b2e   0x08001b2e   0x00000002   PAD
    0x08001b30   0x08001b30   0x000000da   Code   RO          463    i.HAL_UART_IRQHandler  stm32f1xx_hal_uart.o
    0x08001c0a   0x08001c0a   0x0000005e   Code   RO          464    i.HAL_UART_Init     stm32f1xx_hal_uart.o
    0x08001c68   0x08001c68   0x000000b0   Code   RO         1513    i.HAL_UART_MspInit  usart.o
    0x08001d18   0x08001d18   0x000000cc   Code   RO          467    i.HAL_UART_Receive  stm32f1xx_hal_uart.o
    0x08001de4   0x08001de4   0x0000006a   Code   RO          469    i.HAL_UART_Receive_IT  stm32f1xx_hal_uart.o
    0x08001e4e   0x08001e4e   0x00000002   PAD
    0x08001e50   0x08001e50   0x00000020   Code   RO         1560    i.HAL_UART_RxCpltCallback  bsp_debug_usart.o
    0x08001e70   0x08001e70   0x000000cc   Code   RO          472    i.HAL_UART_Transmit  stm32f1xx_hal_uart.o
    0x08001f3c   0x08001f3c   0x00000002   Code   RO          475    i.HAL_UART_TxCpltCallback  stm32f1xx_hal_uart.o
    0x08001f3e   0x08001f3e   0x00000002   Code   RO         1426    i.HardFault_Handler  stm32f1xx_it.o
    0x08001f40   0x08001f40   0x00000040   Code   RO         1615    i.Int2Str           common.o
    0x08001f80   0x08001f80   0x0000002c   Code   RO         1616    i.JumpToAPP         common.o
    0x08001fac   0x08001fac   0x0000002c   Code   RO         1320    i.MX_GPIO_Init      gpio.o
    0x08001fd8   0x08001fd8   0x0000004c   Code   RO         1514    i.MX_USART1_UART_Init  usart.o
    0x08002024   0x08002024   0x0000004c   Code   RO         1515    i.MX_USART2_UART_Init  usart.o
    0x08002070   0x08002070   0x00000002   Code   RO         1427    i.MemManage_Handler  stm32f1xx_it.o
    0x08002072   0x08002072   0x00000002   Code   RO         1428    i.NMI_Handler       stm32f1xx_it.o
    0x08002074   0x08002074   0x00000020   Code   RO          700    i.NVIC_SetPriority  stm32f1xx_hal_cortex.o
    0x08002094   0x08002094   0x00000002   Code   RO         1429    i.PendSV_Handler    stm32f1xx_it.o
    0x08002096   0x08002096   0x00000002   PAD
    0x08002098   0x08002098   0x0000002c   Code   RO         1765    i.Receive_Byte      ymodem.o
    0x080020c4   0x080020c4   0x00000098   Code   RO         1766    i.Receive_Packet    ymodem.o
    0x0800215c   0x0800215c   0x00000002   Code   RO         1430    i.SVC_Handler       stm32f1xx_it.o
    0x0800215e   0x0800215e   0x00000002   PAD
    0x08002160   0x08002160   0x0000018c   Code   RO         1710    i.SerialDownload    download.o
    0x080022ec   0x080022ec   0x00000018   Code   RO         1619    i.SerialPutChar     common.o
    0x08002304   0x08002304   0x00000016   Code   RO         1620    i.Serial_PutString  common.o
    0x0800231a   0x0800231a   0x000000bc   Code   RO         1621    i.Str2Int           common.o
    0x080023d6   0x080023d6   0x0000000e   Code   RO         1431    i.SysTick_Handler   stm32f1xx_it.o
    0x080023e4   0x080023e4   0x00000068   Code   RO         1347    i.SystemClock_Config  main.o
    0x0800244c   0x0800244c   0x00000048   Code   RO           14    i.SystemInit        system_stm32f1xx.o
    0x08002494   0x08002494   0x000000a8   Code   RO          482    i.UART_Receive_IT   stm32f1xx_hal_uart.o
    0x0800253c   0x0800253c   0x00000170   Code   RO          483    i.UART_SetConfig    stm32f1xx_hal_uart.o
    0x080026ac   0x080026ac   0x00000066   Code   RO          484    i.UART_Transmit_IT  stm32f1xx_hal_uart.o
    0x08002712   0x08002712   0x00000092   Code   RO          485    i.UART_WaitOnFlagUntilTimeout  stm32f1xx_hal_uart.o
    0x080027a4   0x080027a4   0x0000000c   Code   RO         1432    i.USART1_IRQHandler  stm32f1xx_it.o
    0x080027b0   0x080027b0   0x0000000c   Code   RO         1433    i.USART2_IRQHandler  stm32f1xx_it.o
    0x080027bc   0x080027bc   0x00000002   Code   RO         1434    i.UsageFault_Handler  stm32f1xx_it.o
    0x080027be   0x080027be   0x00000002   PAD
    0x080027c0   0x080027c0   0x000001c8   Code   RO         1771    i.Ymodem_Receive    ymodem.o
    0x08002988   0x08002988   0x00000002   Code   RO         1348    i._Error_Handler    main.o
    0x0800298a   0x0800298a   0x00000002   PAD
    0x0800298c   0x0800298c   0x00000018   Code   RO         1562    i.fputc             bsp_debug_usart.o
    0x080029a4   0x080029a4   0x000000ec   Code   RO         1349    i.main              main.o
    0x08002a90   0x08002a90   0x00000010   Data   RO           15    .constdata          system_stm32f1xx.o
    0x08002aa0   0x08002aa0   0x00000008   Data   RO           16    .constdata          system_stm32f1xx.o
    0x08002aa8   0x08002aa8   0x00000004   Data   RO         1929    .constdata          c_w.l(sys_io.o)
    0x08002aac   0x08002aac   0x00000004   Data   RO         1930    .constdata          c_w.l(sys_io.o)
    0x08002ab0   0x08002ab0   0x00000004   Data   RO         1931    .constdata          c_w.l(sys_io.o)
    0x08002ab4   0x08002ab4   0x00000179   Data   RO         1351    .conststring        main.o
    0x08002c2d   0x08002c2d   0x00000003   PAD
    0x08002c30   0x08002c30   0x00000053   Data   RO         1712    .conststring        download.o
    0x08002c83   0x08002c83   0x00000001   PAD
    0x08002c84   0x08002c84   0x00000020   Data   RO         2208    Region$$Table       anon$$obj.o


    Execution Region RW_IRAM1 (Exec base: 0x20000000, Load base: 0x08002ca4, Size: 0x00001150, Max: 0x00005000, ABSOLUTE)

    Exec Addr    Load Addr    Size         Type   Attr      Idx    E Section Name        Object

    0x20000000   0x08002ca4   0x00000004   Data   RW           17    .data               system_stm32f1xx.o
    0x20000004   0x08002ca8   0x00000004   Data   RW          821    .data               stm32f1xx_hal.o
    0x20000008   0x08002cac   0x00000001   Data   RW         1563    .data               bsp_debug_usart.o
    0x20000009   0x08002cad   0x00000003   PAD
    0x2000000c   0x08002cb0   0x00000018   Data   RW         1624    .data               common.o
    0x20000024   0x08002cc8   0x0000000c   Data   RW         1775    .data               ymodem.o
    0x20000030   0x08002cd4   0x00000004   Data   RW         1898    .data               c_w.l(stdio_streams.o)
    0x20000034   0x08002cd8   0x00000004   Data   RW         1899    .data               c_w.l(stdio_streams.o)
    0x20000038   0x08002cdc   0x00000004   Data   RW         1900    .data               c_w.l(stdio_streams.o)
    0x2000003c   0x08002ce0   0x00000004   PAD
    0x20000040        -       0x00000020   Zero   RW          305    .bss                stm32f1xx_hal_flash.o
    0x20000060        -       0x00000014   Zero   RW         1350    .bss                main.o
    0x20000074        -       0x00000080   Zero   RW         1516    .bss                usart.o
    0x200000f4        -       0x00000400   Zero   RW         1711    .bss                download.o
    0x200004f4        -       0x00000100   Zero   RW         1774    .bss                ymodem.o
    0x200005f4        -       0x00000054   Zero   RW         1895    .bss                c_w.l(stdio_streams.o)
    0x20000648        -       0x00000054   Zero   RW         1896    .bss                c_w.l(stdio_streams.o)
    0x2000069c        -       0x00000054   Zero   RW         1897    .bss                c_w.l(stdio_streams.o)
    0x200006f0        -       0x00000060   Zero   RW         2082    .bss                c_w.l(libspace.o)
    0x20000750        -       0x00000200   Zero   RW            2    HEAP                startup_stm32f103xb.o
    0x20000950        -       0x00000800   Zero   RW            1    STACK               startup_stm32f103xb.o


==============================================================================

Image component sizes


      Code (inc. data)   RO Data    RW Data    ZI Data      Debug   Object Name

        56         16          0          1          0       3332   bsp_debug_usart.o
       362         22          0         24          0       7229   common.o
       396        282         83          0       1024       1144   download.o
        44          6          0          0          0        731   gpio.o
       342         92        377          0         20       3324   main.o
        64         26        236          0       2560        796   startup_stm32f103xb.o
       120         16          0          4          0       3510   stm32f1xx_hal.o
       264         24          0          0          0      27844   stm32f1xx_hal_cortex.o
       364         46          0          0         32       4542   stm32f1xx_hal_flash.o
       240         26          0          0          0       3249   stm32f1xx_hal_flash_ex.o
       444         36          0          0          0       2400   stm32f1xx_hal_gpio.o
       128         10          0          0          0        818   stm32f1xx_hal_msp.o
      2042         98          0          0          0       5740   stm32f1xx_hal_rcc.o
      1614          4          0          0          0       9214   stm32f1xx_hal_uart.o
        54         12          0          0          0       4538   stm32f1xx_it.o
        72         16         24          4          0     433791   system_stm32f1xx.o
       328         66          0          0        128       2195   usart.o
       652         18          0         12        256       4983   ymodem.o

    ----------------------------------------------------------------------
      7604        816        756         48       4020     519380   Object Totals
         0          0         32          0          0          0   (incl. Generated)
        18          0          4          3          0          0   (incl. Padding)

    ----------------------------------------------------------------------

      Code (inc. data)   RO Data    RW Data    ZI Data      Debug   Library Member Name

         8          0          0          0          0         68   __main.o
       104          0          0          0          0         84   __printf.o
         0          0          0          0          0          0   __rtentry.o
        12          0          0          0          0          0   __rtentry2.o
         6          0          0          0          0          0   __rtentry4.o
        52          8          0          0          0          0   __scatter.o
        26          0          0          0          0          0   __scatter_copy.o
        28          0          0          0          0          0   __scatter_zi.o
        44          0          0          0          0        108   _printf_char.o
        48          6          0          0          0         96   _printf_char_common.o
        36          4          0          0          0         80   _printf_char_file.o
         0          0          0          0          0          0   _printf_percent.o
         4          0          0          0          0          0   _printf_percent_end.o
         6          0          0          0          0          0   _printf_s.o
        82          0          0          0          0         80   _printf_str.o
        10          0          0          0          0         68   defsig_exit.o
        50          0          0          0          0         88   defsig_general.o
        80         58          0          0          0         76   defsig_rtmem_inner.o
        14          0          0          0          0         80   defsig_rtmem_outer.o
        52         38          0          0          0         76   defsig_rtred_inner.o
        14          0          0          0          0         80   defsig_rtred_outer.o
        18          0          0          0          0         80   exit.o
        76          0          0          0          0         88   fclose.o
         8          0          0          0          0         68   ferror.o
       236          4          0          0          0        128   fopen.o
       248          6          0          0          0         84   fseek.o
        66          0          0          0          0         76   ftell.o
        94          0          0          0          0         80   h1_alloc.o
        52          0          0          0          0         68   h1_extend.o
        78          0          0          0          0         80   h1_free.o
        14          0          0          0          0         84   h1_init.o
         6          0          0          0          0        152   heapauxi.o
         4          0          0          0          0        136   hguard.o
         0          0          0          0          0          0   indicate_semi.o
       138          0          0          0          0        168   init_alloc.o
       312         46          0          0          0        112   initio.o
         2          0          0          0          0          0   libinit.o
        14          0          0          0          0          0   libinit2.o
         2          0          0          0          0          0   libshutdown.o
         6          0          0          0          0          0   libshutdown2.o
         8          4          0          0         96         68   libspace.o
        38          0          0          0          0         68   llushr.o
         0          0          0          0          0          0   maybetermalloc1.o
        24          4          0          0          0         84   noretval__2printf.o
         8          4          0          0          0         68   rt_errno_addr_intlibspace.o
         8          4          0          0          0         68   rt_heap_descriptor_intlibspace.o
        78          0          0          0          0         80   rt_memclr_w.o
       138          0          0          0          0         68   rt_memcpy_v6.o
       100          0          0          0          0         80   rt_memcpy_w.o
         2          0          0          0          0          0   rtexit.o
        10          0          0          0          0          0   rtexit2.o
        70          0          0          0          0         80   setvbuf.o
       240          6          0          0          0        156   stdio.o
         0          0          0         12        252          0   stdio_streams.o
        62          0          0          0          0         76   strlen.o
        12          4          0          0          0         68   sys_exit.o
       102          0         12          0          0        240   sys_io.o
        74          0          0          0          0         80   sys_stackheap_outer.o
        14          0          0          0          0         76   sys_wrch.o
         2          0          0          0          0         68   use_no_semi.o

    ----------------------------------------------------------------------
      3056        196         12         12        352       3816   Library Totals
        16          0          0          0          4          0   (incl. Padding)

    ----------------------------------------------------------------------

      Code (inc. data)   RO Data    RW Data    ZI Data      Debug   Library Name

      3040        196         12         12        348       3816   c_w.l

    ----------------------------------------------------------------------
      3056        196         12         12        352       3816   Library Totals

    ----------------------------------------------------------------------

==============================================================================


      Code (inc. data)   RO Data    RW Data    ZI Data      Debug   

     10660       1012        768         60       4372     517680   Grand Totals
     10660       1012        768         60       4372     517680   ELF Image Totals
     10660       1012        768         60          0          0   ROM Totals

==============================================================================

    Total RO  Size (Code + RO Data)                11428 (  11.16kB)
    Total RW  Size (RW Data + ZI Data)              4432 (   4.33kB)
    Total ROM Size (Code + RO Data + RW Data)      11488 (  11.22kB)

==============================================================================

