<html>
<body>
<pre>
<h1>µVision Build Log</h1>
<h2>Tool Versions:</h2>
IDE-Version: ¦ÌVision V5.15
Copyright (C) 2015 ARM Ltd and ARM Germany GmbH. All rights reserved.
License Information: xibei Windows, HP Inc., LIC=ZB4EI-TUAP0-PCTJ8-3VT5Z-YPS1U-KGZ4C
 
Tool Versions:
Toolchain:       MDK-ARM Standard  Version: 5.15.0
Toolchain Path:  D:\Keil_v5\ARM\ARMCC\Bin
C Compiler:      Armcc.exe V5.05 update 2 (build 169)
Assembler:       Armasm.exe V5.05 update 2 (build 169)
Linker/Locator:  ArmLink.exe V5.05 update 2 (build 169)
Library Manager: ArmAr.exe V5.05 update 2 (build 169)
Hex Converter:   FromElf.exe V5.05 update 2 (build 169)
CPU DLL:         SARMCM3.DLL V5.15.0
Dialog DLL:      DCM.DLL V1.13.2.0
Target DLL:      STLink\ST-LINKIII-KEIL_SWO.dll V2.0.15.0_KEIL
Dialog DLL:      TCM.DLL V1.14.5.0
 
<h2>Project:</h2>
C:\Users\xibei\Desktop\data-set\Cortex-M3\stm32f103\beike IOT\Project\STM32F10x_LED\MDK-ARM\Project.uvprojx
Project File Date:  03/09/2020

<h2>Output:</h2>
*** Using Compiler 'V5.05 update 2 (build 169)', folder: 'D:\Keil_v5\ARM\ARMCC\Bin'
Rebuild target 'STM32100E-EVAL'
compiling stm32f10x_it.c...
compiling main.c...
compiling cJSON.c...
..\drivers\cJSON\cJSON.c(117): warning:  #1293-D: assignment in condition
      if (!(copy = (unsigned char*)hooks->allocate(length)))
..\drivers\cJSON\cJSON.c: 1 warning, 0 errors
compiling LED.c...
compiling millis.c...
compiling esp8266.c...
compiling bigiot.c...
compiling ds18b20.c...
..\drivers\DS18B20\ds18b20.c(19): warning:  #61-D: integer operation result is out of range
        
S18B20_IO_IN();//SET PA0 INPUT   
..\drivers\DS18B20\ds18b20.c(19): warning:  #68-D: integer conversion resulted in a change of sign
        
S18B20_IO_IN();//SET PA0 INPUT   
..\drivers\DS18B20\ds18b20.c(44): warning:  #61-D: integer operation result is out of range
        
S18B20_IO_IN();//SET PA0 INPUT
..\drivers\DS18B20\ds18b20.c(44): warning:  #68-D: integer conversion resulted in a change of sign
        
S18B20_IO_IN();//SET PA0 INPUT
..\drivers\DS18B20\ds18b20.c: 4 warnings, 0 errors
compiling key.c...
compiling stm32f10x_rcc.c...
compiling stm32f10x_gpio.c...
compiling misc.c...
compiling stm32f10x_exti.c...
compiling stm32f10x_spi.c...
compiling stm32f10x_fsmc.c...
compiling stm32f10x_usart.c...
compiling stm32f10x_sdio.c...
compiling stm32f10x_dma.c...
compiling stm32f10x_i2c.c...
compiling stm32f10x_adc.c...
compiling stm32f10x_bkp.c...
compiling stm32f10x_can.c...
compiling stm32f10x_cec.c...
compiling stm32f10x_crc.c...
compiling stm32f10x_dac.c...
compiling stm32f10x_dbgmcu.c...
compiling stm32f10x_flash.c...
compiling stm32f10x_iwdg.c...
compiling stm32f10x_pwr.c...
compiling stm32f10x_rtc.c...
compiling stm32f10x_tim.c...
compiling stm32f10x_wwdg.c...
compiling core_cm3.c...
compiling system_stm32f10x.c...
assembling startup_stm32f10x_md.s...
compiling delay.c...
compiling sys.c...
compiling usart.c...
linking...
Program Size: Code=14668 RO-data=668 RW-data=148 ZI-data=4972  
FromELF: creating hex file...
After Build - User command #1: D:\Keil_v5\\ARM\ARMCC\bin\fromelf.exe --bin --output=STM32100E-EVAL.bin .\STM32100E-EVAL.axf
".\STM32100E-EVAL.axf" - 0 Error(s), 5 Warning(s).

<h2>Software Packages used:</h2>

Package Vendor: ARM
                http://www.keil.com/pack/ARM.CMSIS.4.3.0.pack
                ARM::CMSIS:CORE:4.1.0
                CMSIS (Cortex Microcontroller Software Interface Standard)
   * Component: CORE Version: 4.1.0

<h2>Collection of Component include folders:</h2>
  C:\Users\xibei\Desktop\data-set\Cortex-M3\stm32f103\beike IOT\Project\STM32F10x_LED\MDK-ARM\RTE
  D:\Keil_v5\ARM\PACK\ARM\CMSIS\4.3.0\CMSIS\Include
  D:\Keil_v5\ARM\PACK\Keil\STM32F1xx_DFP\2.1.0\Device\Include

<h2>Collection of Component Files used:</h2>

   * Component: ARM::CMSIS:CORE:4.1.0
</pre>
</body>
</html>
