###############################################################################
#
# IAR ELF Linker V8.22.1.15669/W32 for ARM                10/Apr/2018  13:53:26
# Copyright 2007-2018 IAR Systems AB.
#
#    Output file  =  E:\STM32-IAR\demo\Debug\Exe\demo.out
#    Map file     =  E:\STM32-IAR\demo\Debug\List\demo.map
#    Command line =  
#        -f C:\Users\security\AppData\Local\Temp\EWE537.tmp
#        (E:\STM32-IAR\demo\Debug\Obj\main.o E:\STM32-IAR\demo\Debug\Obj\misc.o
#        E:\STM32-IAR\demo\Debug\Obj\startup_stm32f10x_hd.o
#        E:\STM32-IAR\demo\Debug\Obj\stm32f10x_adc.o
#        E:\STM32-IAR\demo\Debug\Obj\stm32f10x_bkp.o
#        E:\STM32-IAR\demo\Debug\Obj\stm32f10x_can.o
#        E:\STM32-IAR\demo\Debug\Obj\stm32f10x_cec.o
#        E:\STM32-IAR\demo\Debug\Obj\stm32f10x_crc.o
#        E:\STM32-IAR\demo\Debug\Obj\stm32f10x_dac.o
#        E:\STM32-IAR\demo\Debug\Obj\stm32f10x_dbgmcu.o
#        E:\STM32-IAR\demo\Debug\Obj\stm32f10x_dma.o
#        E:\STM32-IAR\demo\Debug\Obj\stm32f10x_exti.o
#        E:\STM32-IAR\demo\Debug\Obj\stm32f10x_flash.o
#        E:\STM32-IAR\demo\Debug\Obj\stm32f10x_fsmc.o
#        E:\STM32-IAR\demo\Debug\Obj\stm32f10x_gpio.o
#        E:\STM32-IAR\demo\Debug\Obj\stm32f10x_i2c.o
#        E:\STM32-IAR\demo\Debug\Obj\stm32f10x_it.o
#        E:\STM32-IAR\demo\Debug\Obj\stm32f10x_iwdg.o
#        E:\STM32-IAR\demo\Debug\Obj\stm32f10x_pwr.o
#        E:\STM32-IAR\demo\Debug\Obj\stm32f10x_rcc.o
#        E:\STM32-IAR\demo\Debug\Obj\stm32f10x_rtc.o
#        E:\STM32-IAR\demo\Debug\Obj\stm32f10x_sdio.o
#        E:\STM32-IAR\demo\Debug\Obj\stm32f10x_spi.o
#        E:\STM32-IAR\demo\Debug\Obj\stm32f10x_tim.o
#        E:\STM32-IAR\demo\Debug\Obj\stm32f10x_usart.o
#        E:\STM32-IAR\demo\Debug\Obj\stm32f10x_wwdg.o
#        E:\STM32-IAR\demo\Debug\Obj\system_stm32f10x.o -o
#        E:\STM32-IAR\demo\Debug\Exe\demo.out --map
#        E:\STM32-IAR\demo\Debug\List\demo.map --config
#        E:\STM32-IAR\demo\Config\stm32f10x_flash.icf --semihosting --entry
#        __iar_program_start --vfe --text_out locale)
#
###############################################################################

*******************************************************************************
*** RUNTIME MODEL ATTRIBUTES
***

CppFlavor       = *
__SystemLibrary = DLib
__dlib_version  = 6


*******************************************************************************
*** HEAP SELECTION
***

The basic heap was selected because no calls to memory allocation
functions were found in the application outside of system library
functions, and there are calls to deallocation functions in the
application.


*******************************************************************************
*** PLACEMENT SUMMARY
***

"A0":  place at 0x08000000 { ro section .intvec };
"P1":  place in [from 0x08000000 to 0x080fffff] { ro };
define block CSTACK with size = 1K, alignment = 8 { };
define block HEAP with size = 512, alignment = 8 { };
"P2":  place in [from 0x20000000 to 0x20017fff] {
          rw, block CSTACK, block HEAP };
initialize by copy { rw };

  Section            Kind        Address   Size  Object
  -------            ----        -------   ----  ------
"A0":                                     0x130
  .intvec            ro code  0x08000000  0x130  startup_stm32f10x_hd.o [1]
                            - 0x08000130  0x130

"P1":                                     0x5c8
  .text              ro code  0x08000130  0x188  stm32f10x_flash.o [1]
  .text              ro code  0x080002b8  0x158  system_stm32f10x.o [1]
  .text              ro code  0x08000410   0xe0  main.o [1]
  .text              ro code  0x080004f0   0x2c  copy_init3.o [4]
  .text              ro code  0x0800051c   0x28  data_init.o [4]
  .iar.init_table    const    0x08000544   0x14  - Linker created -
  .text              ro code  0x08000558   0x1e  cmain.o [4]
  .text              ro code  0x08000576    0x4  low_level_init.o [3]
  .text              ro code  0x0800057a    0x4  exit.o [3]
  .text              ro code  0x08000580    0xa  cexit.o [4]
  .text              ro code  0x0800058c   0x14  exit.o [5]
  .text              ro code  0x080005a0   0x12  stm32f10x_it.o [1]
  Initializer bytes  const    0x080005b4   0x14  <for P2-1>
  .text              ro code  0x080005c8   0x10  startup_stm32f10x_hd.o [1]
  .text              ro code  0x080005d8    0xc  cstartup_M.o [4]
  .text              ro code  0x080005e4    0x4  startup_stm32f10x_hd.o [1]
  .text              ro code  0x080005e8    0x4  startup_stm32f10x_hd.o [1]
  .text              ro code  0x080005ec    0x4  startup_stm32f10x_hd.o [1]
  .text              ro code  0x080005f0    0x4  startup_stm32f10x_hd.o [1]
  .text              ro code  0x080005f4    0x4  startup_stm32f10x_hd.o [1]
  .text              ro code  0x080005f8    0x4  startup_stm32f10x_hd.o [1]
  .text              ro code  0x080005fc    0x4  startup_stm32f10x_hd.o [1]
  .text              ro code  0x08000600    0x4  startup_stm32f10x_hd.o [1]
  .text              ro code  0x08000604    0x4  startup_stm32f10x_hd.o [1]
  .text              ro code  0x08000608    0x4  startup_stm32f10x_hd.o [1]
  .text              ro code  0x0800060c    0x4  startup_stm32f10x_hd.o [1]
  .text              ro code  0x08000610    0x4  startup_stm32f10x_hd.o [1]
  .text              ro code  0x08000614    0x4  startup_stm32f10x_hd.o [1]
  .text              ro code  0x08000618    0x4  startup_stm32f10x_hd.o [1]
  .text              ro code  0x0800061c    0x4  startup_stm32f10x_hd.o [1]
  .text              ro code  0x08000620    0x4  startup_stm32f10x_hd.o [1]
  .text              ro code  0x08000624    0x4  startup_stm32f10x_hd.o [1]
  .text              ro code  0x08000628    0x4  startup_stm32f10x_hd.o [1]
  .text              ro code  0x0800062c    0x4  startup_stm32f10x_hd.o [1]
  .text              ro code  0x08000630    0x4  startup_stm32f10x_hd.o [1]
  .text              ro code  0x08000634    0x4  startup_stm32f10x_hd.o [1]
  .text              ro code  0x08000638    0x4  startup_stm32f10x_hd.o [1]
  .text              ro code  0x0800063c    0x4  startup_stm32f10x_hd.o [1]
  .text              ro code  0x08000640    0x4  startup_stm32f10x_hd.o [1]
  .text              ro code  0x08000644    0x4  startup_stm32f10x_hd.o [1]
  .text              ro code  0x08000648    0x4  startup_stm32f10x_hd.o [1]
  .text              ro code  0x0800064c    0x4  startup_stm32f10x_hd.o [1]
  .text              ro code  0x08000650    0x4  startup_stm32f10x_hd.o [1]
  .text              ro code  0x08000654    0x4  startup_stm32f10x_hd.o [1]
  .text              ro code  0x08000658    0x4  startup_stm32f10x_hd.o [1]
  .text              ro code  0x0800065c    0x4  startup_stm32f10x_hd.o [1]
  .text              ro code  0x08000660    0x4  startup_stm32f10x_hd.o [1]
  .text              ro code  0x08000664    0x4  startup_stm32f10x_hd.o [1]
  .text              ro code  0x08000668    0x4  startup_stm32f10x_hd.o [1]
  .text              ro code  0x0800066c    0x4  startup_stm32f10x_hd.o [1]
  .text              ro code  0x08000670    0x4  startup_stm32f10x_hd.o [1]
  .text              ro code  0x08000674    0x4  startup_stm32f10x_hd.o [1]
  .text              ro code  0x08000678    0x4  startup_stm32f10x_hd.o [1]
  .text              ro code  0x0800067c    0x4  startup_stm32f10x_hd.o [1]
  .text              ro code  0x08000680    0x4  startup_stm32f10x_hd.o [1]
  .text              ro code  0x08000684    0x4  startup_stm32f10x_hd.o [1]
  .text              ro code  0x08000688    0x4  startup_stm32f10x_hd.o [1]
  .text              ro code  0x0800068c    0x4  startup_stm32f10x_hd.o [1]
  .text              ro code  0x08000690    0x4  startup_stm32f10x_hd.o [1]
  .text              ro code  0x08000694    0x4  startup_stm32f10x_hd.o [1]
  .text              ro code  0x08000698    0x4  startup_stm32f10x_hd.o [1]
  .text              ro code  0x0800069c    0x4  startup_stm32f10x_hd.o [1]
  .text              ro code  0x080006a0    0x4  startup_stm32f10x_hd.o [1]
  .text              ro code  0x080006a4    0x4  startup_stm32f10x_hd.o [1]
  .text              ro code  0x080006a8    0x4  startup_stm32f10x_hd.o [1]
  .text              ro code  0x080006ac    0x4  startup_stm32f10x_hd.o [1]
  .text              ro code  0x080006b0    0x4  startup_stm32f10x_hd.o [1]
  .text              ro code  0x080006b4    0x4  startup_stm32f10x_hd.o [1]
  .text              ro code  0x080006b8    0x4  startup_stm32f10x_hd.o [1]
  .text              ro code  0x080006bc    0x4  startup_stm32f10x_hd.o [1]
  .text              ro code  0x080006c0    0x4  startup_stm32f10x_hd.o [1]
  .text              ro code  0x080006c4    0x4  startup_stm32f10x_hd.o [1]
  .text              ro code  0x080006c8    0x4  startup_stm32f10x_hd.o [1]
  .text              ro code  0x080006cc    0x4  startup_stm32f10x_hd.o [1]
  .text              ro code  0x080006d0    0x4  startup_stm32f10x_hd.o [1]
  .text              ro code  0x080006d4    0x4  startup_stm32f10x_hd.o [1]
  .text              ro code  0x080006d8    0x4  startup_stm32f10x_hd.o [1]
  .text              ro code  0x080006dc    0x4  startup_stm32f10x_hd.o [1]
  .text              ro code  0x080006e0    0x4  startup_stm32f10x_hd.o [1]
  .text              ro code  0x080006e4    0x4  startup_stm32f10x_hd.o [1]
  .text              ro code  0x080006e8    0x4  startup_stm32f10x_hd.o [1]
  .text              ro code  0x080006ec    0x4  startup_stm32f10x_hd.o [1]
  .text              ro code  0x080006f0    0x4  startup_stm32f10x_hd.o [1]
  .text              ro code  0x080006f4    0x4  startup_stm32f10x_hd.o [1]
  .rodata            const    0x080006f8    0x0  copy_init3.o [4]
                            - 0x080006f8  0x5c8

"P2", part 1 of 2:                         0x14
  P2-1                        0x20000000   0x12  <Init block>
    .data            inited   0x20000000    0x4  main.o [1]
    .bss             inited   0x20000004    0x4  main.o [1]
    .bss             inited   0x20000008    0x4  main.o [1]
    .bss             inited   0x2000000c    0x4  main.o [1]
    .data            inited   0x20000010    0x1  main.o [1]
    .data            inited   0x20000011    0x1  main.o [1]
                            - 0x20000012   0x12

"P2", part 2 of 2:                        0x400
  CSTACK                      0x20000018  0x400  <Block>
    CSTACK           uninit   0x20000018  0x400  <Block tail>
                            - 0x20000418  0x400


*******************************************************************************
*** INIT TABLE
***

          Address     Size
          -------     ----
Copy (__iar_copy_init3)
    1 source range, total size 0x14 (111% of destination):
          0x080005b4  0x14
    1 destination range, total size 0x12:
          0x20000000  0x12



*******************************************************************************
*** MODULE SUMMARY
***

    Module                  ro code  ro data  rw data
    ------                  -------  -------  -------
E:\STM32-IAR\demo\Debug\Obj: [1]
    main.o                      224       18       18
    startup_stm32f10x_hd.o      596
    stm32f10x_flash.o           392
    stm32f10x_it.o               18
    system_stm32f10x.o          344
    -------------------------------------------------
    Total:                    1 574       18       18

command line: [2]
    -------------------------------------------------
    Total:

dl7M_tln.a: [3]
    exit.o                        4
    low_level_init.o              4
    -------------------------------------------------
    Total:                        8

rt7M_tl.a: [4]
    cexit.o                      10
    cmain.o                      30
    copy_init3.o                 44
    cstartup_M.o                 12
    data_init.o                  40
    -------------------------------------------------
    Total:                      136

shb_l.a: [5]
    exit.o                       20
    -------------------------------------------------
    Total:                       20

    Gaps                          4
    Linker created                        24    1 024
-----------------------------------------------------
    Grand Total:              1 742       42    1 042


*******************************************************************************
*** ENTRY LIST
***

Entry                      Address  Size  Type      Object
-----                      -------  ----  ----      ------
.iar.init_table$$Base   0x08000544         --   Gb  - Linker created -
.iar.init_table$$Limit  0x08000558         --   Gb  - Linker created -
?main                   0x08000559        Code  Gb  cmain.o [4]
Address                 0x20000008   0x4  Data  Gb  main.o [1]
BusFault_Handler        0x080005a7   0x2  Code  Gb  stm32f10x_it.o [1]
CSTACK$$Base            0x20000018         --   Gb  - Linker created -
CSTACK$$Limit           0x20000418         --   Gb  - Linker created -
Data                    0x20000000   0x4  Data  Gb  main.o [1]
DebugMon_Handler        0x080005ad   0x2  Code  Gb  stm32f10x_it.o [1]
EraseCounter            0x20000004   0x4  Data  Gb  main.o [1]
FLASHStatus             0x20000010   0x1  Data  Gb  main.o [1]
FLASH_ClearFlag         0x0800023d   0x6  Code  Gb  stm32f10x_flash.o [1]
FLASH_ErasePage         0x08000159  0x60  Code  Gb  stm32f10x_flash.o [1]
FLASH_GetBank1Status    0x08000243  0x2c  Code  Gb  stm32f10x_flash.o [1]
FLASH_LockBank1         0x08000147  0x12  Code  Gb  stm32f10x_flash.o [1]
FLASH_ProgramWord       0x080001b9  0x84  Code  Gb  stm32f10x_flash.o [1]
FLASH_UnlockBank1       0x08000131  0x16  Code  Gb  stm32f10x_flash.o [1]
FLASH_WaitForLastOperation
                        0x08000289  0x30  Code  Gb  stm32f10x_flash.o [1]
HardFault_Handler       0x080005a3   0x2  Code  Gb  stm32f10x_it.o [1]
MemManage_Handler       0x080005a5   0x2  Code  Gb  stm32f10x_it.o [1]
MemoryProgramStatus     0x20000011   0x1  Data  Gb  main.o [1]
NMI_Handler             0x080005a1   0x2  Code  Gb  stm32f10x_it.o [1]
NbrOfPage               0x2000000c   0x4  Data  Gb  main.o [1]
PendSV_Handler          0x080005af   0x2  Code  Gb  stm32f10x_it.o [1]
Region$$Table$$Base     0x08000544         --   Gb  - Linker created -
Region$$Table$$Limit    0x08000558         --   Gb  - Linker created -
SVC_Handler             0x080005ab   0x2  Code  Gb  stm32f10x_it.o [1]
SetSysClock             0x0800030d   0x8  Code  Lc  system_stm32f10x.o [1]
SetSysClockTo72         0x08000315  0xe0  Code  Lc  system_stm32f10x.o [1]
SysTick_Handler         0x080005b1   0x2  Code  Gb  stm32f10x_it.o [1]
SystemInit              0x080002b9  0x54  Code  Gb  system_stm32f10x.o [1]
UsageFault_Handler      0x080005a9   0x2  Code  Gb  stm32f10x_it.o [1]
__cmain                 0x08000559        Code  Gb  cmain.o [4]
__exit                  0x0800058d  0x14  Code  Gb  exit.o [5]
__iar_copy_init3        0x080004f1  0x2c  Code  Gb  copy_init3.o [4]
__iar_data_init3        0x0800051d  0x28  Code  Gb  data_init.o [4]
__iar_program_start     0x080005d9        Code  Gb  cstartup_M.o [4]
__iar_systems$$module {Abs}
                        0x00000001        Data  Gb  command line/config [2]
__low_level_init        0x08000577   0x4  Code  Gb  low_level_init.o [3]
__vector_table          0x08000000        Data  Gb  startup_stm32f10x_hd.o [1]
_call_main              0x08000565        Code  Gb  cmain.o [4]
_exit                   0x08000581        Code  Gb  cexit.o [4]
_main                   0x08000573        Code  Gb  cmain.o [4]
exit                    0x0800057b   0x4  Code  Gb  exit.o [3]
main                    0x08000411  0xe0  Code  Gb  main.o [1]


[1] = E:\STM32-IAR\demo\Debug\Obj
[2] = command line
[3] = dl7M_tln.a
[4] = rt7M_tl.a
[5] = shb_l.a

  1 742 bytes of readonly  code memory
     42 bytes of readonly  data memory
  1 042 bytes of readwrite data memory

Errors: none
Warnings: none
