Component: ARM Compiler 5.05 update 2 (build 169) Tool: armlink [4d0f33]

==============================================================================

Section Cross References

    startup_stm32f302x8.o(RESET) refers to startup_stm32f302x8.o(STACK) for __initial_sp
    startup_stm32f302x8.o(RESET) refers to startup_stm32f302x8.o(.text) for Reset_Handler
    startup_stm32f302x8.o(RESET) refers to stm32f3xx_it.o(i.SysTick_Handler) for SysTick_Handler
    startup_stm32f302x8.o(RESET) refers to stm32f3xx_it.o(i.ADC1_IRQHandler) for ADC1_IRQHandler
    startup_stm32f302x8.o(RESET) refers to stm32f3xx_it.o(i.USART1_IRQHandler) for USART1_IRQHandler
    startup_stm32f302x8.o(.text) refers to system_stm32f3xx.o(i.SystemInit) for SystemInit
    startup_stm32f302x8.o(.text) refers to entry.o(.ARM.Collect$$$$00000000) for __main
    main.o(i.HAL_ADC_ConvCpltCallback) refers to stm32f3xx_hal_adc_ex.o(i.HAL_ADC_GetValue) for HAL_ADC_GetValue
    main.o(i.HAL_ADC_ConvCpltCallback) refers to stm32f3xx_hal_adc_ex.o(i.HAL_ADC_Stop_IT) for HAL_ADC_Stop_IT
    main.o(i.HAL_ADC_ConvCpltCallback) refers to main.o(.data) for .data
    main.o(i.HAL_UART_RxCpltCallback) refers to _scanf_int.o(.text) for _scanf_int
    main.o(i.HAL_UART_RxCpltCallback) refers to __0sscanf.o(.text) for __0sscanf
    main.o(i.HAL_UART_RxCpltCallback) refers to si7021.o(i.SI7021_Read_Temperature_Hold) for SI7021_Read_Temperature_Hold
    main.o(i.HAL_UART_RxCpltCallback) refers to crc8.o(i.Crc8_Calculate) for Crc8_Calculate
    main.o(i.HAL_UART_RxCpltCallback) refers to si7021.o(i.SI7021_Read_Humidity_Hold) for SI7021_Read_Humidity_Hold
    main.o(i.HAL_UART_RxCpltCallback) refers to main.o(i.convertToLux) for convertToLux
    main.o(i.HAL_UART_RxCpltCallback) refers to f2d.o(.text) for __aeabi_f2d
    main.o(i.HAL_UART_RxCpltCallback) refers to si7021.o(i.convertToRH) for convertToRH
    main.o(i.HAL_UART_RxCpltCallback) refers to si7021.o(i.convertToCelsius) for convertToCelsius
    main.o(i.HAL_UART_RxCpltCallback) refers to printfa.o(i.__0sprintf) for __2sprintf
    main.o(i.HAL_UART_RxCpltCallback) refers to stm32f3xx_hal_uart.o(i.HAL_UART_Transmit) for HAL_UART_Transmit
    main.o(i.HAL_UART_RxCpltCallback) refers to stm32f3xx_hal_uart.o(i.HAL_UART_Receive_IT) for HAL_UART_Receive_IT
    main.o(i.HAL_UART_RxCpltCallback) refers to main.o(.data) for .data
    main.o(i.HAL_UART_RxCpltCallback) refers to main.o(.bss) for .bss
    main.o(i.MX_ADC1_Init) refers to memseta.o(.text) for __aeabi_memclr4
    main.o(i.MX_ADC1_Init) refers to stm32f3xx_hal_adc_ex.o(i.HAL_ADC_Init) for HAL_ADC_Init
    main.o(i.MX_ADC1_Init) refers to stm32f3xx_hal_adc_ex.o(i.HAL_ADC_ConfigChannel) for HAL_ADC_ConfigChannel
    main.o(i.MX_ADC1_Init) refers to main.o(.bss) for .bss
    main.o(i.MX_GPIO_Init) refers to memseta.o(.text) for __aeabi_memclr4
    main.o(i.MX_GPIO_Init) refers to stm32f3xx_hal_gpio.o(i.HAL_GPIO_WritePin) for HAL_GPIO_WritePin
    main.o(i.MX_GPIO_Init) refers to stm32f3xx_hal_gpio.o(i.HAL_GPIO_Init) for HAL_GPIO_Init
    main.o(i.MX_I2C1_Init) refers to stm32f3xx_hal_i2c.o(i.HAL_I2C_Init) for HAL_I2C_Init
    main.o(i.MX_I2C1_Init) refers to stm32f3xx_hal_i2c_ex.o(i.HAL_I2CEx_ConfigAnalogFilter) for HAL_I2CEx_ConfigAnalogFilter
    main.o(i.MX_I2C1_Init) refers to stm32f3xx_hal_i2c_ex.o(i.HAL_I2CEx_ConfigDigitalFilter) for HAL_I2CEx_ConfigDigitalFilter
    main.o(i.MX_I2C1_Init) refers to main.o(.bss) for .bss
    main.o(i.MX_USART1_UART_Init) refers to stm32f3xx_hal_uart.o(i.HAL_UART_Init) for HAL_UART_Init
    main.o(i.MX_USART1_UART_Init) refers to main.o(.bss) for .bss
    main.o(i.SystemClock_Config) refers to memseta.o(.text) for __aeabi_memclr4
    main.o(i.SystemClock_Config) refers to stm32f3xx_hal_rcc.o(i.HAL_RCC_OscConfig) for HAL_RCC_OscConfig
    main.o(i.SystemClock_Config) refers to stm32f3xx_hal_rcc.o(i.HAL_RCC_ClockConfig) for HAL_RCC_ClockConfig
    main.o(i.SystemClock_Config) refers to stm32f3xx_hal_rcc_ex.o(i.HAL_RCCEx_PeriphCLKConfig) for HAL_RCCEx_PeriphCLKConfig
    main.o(i.convertToLux) refers to dfltui.o(.text) for __aeabi_ui2d
    main.o(i.convertToLux) refers to dmul.o(.text) for __aeabi_dmul
    main.o(i.convertToLux) refers to ddiv.o(.text) for __aeabi_ddiv
    main.o(i.convertToLux) refers to d2f.o(.text) for __aeabi_d2f
    main.o(i.convertToLux) refers to f2d.o(.text) for __aeabi_f2d
    main.o(i.convertToLux) refers to dadd.o(.text) for __aeabi_drsub
    main.o(i.convertToLux) refers to pow.o(i.__hardfp_pow) for __hardfp_pow
    main.o(i.convertToLux) refers to main.o(.data) for .data
    main.o(i.main) refers to stm32f3xx_hal.o(i.HAL_Init) for HAL_Init
    main.o(i.main) refers to main.o(i.SystemClock_Config) for SystemClock_Config
    main.o(i.main) refers to main.o(i.MX_GPIO_Init) for MX_GPIO_Init
    main.o(i.main) refers to main.o(i.MX_ADC1_Init) for MX_ADC1_Init
    main.o(i.main) refers to main.o(i.MX_I2C1_Init) for MX_I2C1_Init
[...]
    Removing stm32f3xx_hal_i2c.o(i.HAL_I2C_Slave_Seq_Receive_IT), (196 bytes).
    Removing stm32f3xx_hal_i2c.o(i.HAL_I2C_Slave_Seq_Transmit_DMA), (360 bytes).
    Removing stm32f3xx_hal_i2c.o(i.HAL_I2C_Slave_Seq_Transmit_IT), (196 bytes).
    Removing stm32f3xx_hal_i2c.o(i.HAL_I2C_Slave_Transmit), (302 bytes).
    Removing stm32f3xx_hal_i2c.o(i.HAL_I2C_Slave_Transmit_DMA), (212 bytes).
    Removing stm32f3xx_hal_i2c.o(i.HAL_I2C_Slave_Transmit_IT), (92 bytes).
    Removing stm32f3xx_hal_i2c.o(i.I2C_ConvertOtherXferOptions), (26 bytes).
    Removing stm32f3xx_hal_i2c.o(i.I2C_DMAAbort), (40 bytes).
    Removing stm32f3xx_hal_i2c.o(i.I2C_DMAError), (18 bytes).
    Removing stm32f3xx_hal_i2c.o(i.I2C_DMAMasterReceiveCplt), (78 bytes).
    Removing stm32f3xx_hal_i2c.o(i.I2C_DMAMasterTransmitCplt), (78 bytes).
    Removing stm32f3xx_hal_i2c.o(i.I2C_DMASlaveReceiveCplt), (36 bytes).
    Removing stm32f3xx_hal_i2c.o(i.I2C_DMASlaveTransmitCplt), (30 bytes).
    Removing stm32f3xx_hal_i2c.o(i.I2C_Disable_IRQ), (86 bytes).
    Removing stm32f3xx_hal_i2c.o(i.I2C_Enable_IRQ), (92 bytes).
    Removing stm32f3xx_hal_i2c.o(i.I2C_ITAddrCplt), (136 bytes).
    Removing stm32f3xx_hal_i2c.o(i.I2C_ITError), (224 bytes).
    Removing stm32f3xx_hal_i2c.o(i.I2C_ITListenCplt), (96 bytes).
    Removing stm32f3xx_hal_i2c.o(i.I2C_ITMasterCplt), (180 bytes).
    Removing stm32f3xx_hal_i2c.o(i.I2C_ITMasterSeqCplt), (76 bytes).
    Removing stm32f3xx_hal_i2c.o(i.I2C_ITSlaveCplt), (240 bytes).
    Removing stm32f3xx_hal_i2c.o(i.I2C_ITSlaveSeqCplt), (84 bytes).
    Removing stm32f3xx_hal_i2c.o(i.I2C_Master_ISR_DMA), (272 bytes).
    Removing stm32f3xx_hal_i2c.o(i.I2C_Master_ISR_IT), (296 bytes).
    Removing stm32f3xx_hal_i2c.o(i.I2C_RequestMemoryWrite), (100 bytes).
    Removing stm32f3xx_hal_i2c.o(i.I2C_Slave_ISR_DMA), (236 bytes).
    Removing stm32f3xx_hal_i2c.o(i.I2C_Slave_ISR_IT), (288 bytes).
    Removing stm32f3xx_hal_i2c.o(i.I2C_WaitOnRXNEFlagUntilTimeout), (136 bytes).
    Removing stm32f3xx_hal_i2c_ex.o(.rev16_text), (4 bytes).
    Removing stm32f3xx_hal_i2c_ex.o(.revsh_text), (4 bytes).
    Removing stm32f3xx_hal_i2c_ex.o(.rrx_text), (6 bytes).
    Removing stm32f3xx_hal_i2c_ex.o(i.HAL_I2CEx_DisableFastModePlus), (40 bytes).
    Removing stm32f3xx_hal_i2c_ex.o(i.HAL_I2CEx_DisableWakeUp), (78 bytes).
    Removing stm32f3xx_hal_i2c_ex.o(i.HAL_I2CEx_EnableFastModePlus), (40 bytes).
    Removing stm32f3xx_hal_i2c_ex.o(i.HAL_I2CEx_EnableWakeUp), (78 bytes).
    Removing stm32f3xx_hal_exti.o(.rev16_text), (4 bytes).
    Removing stm32f3xx_hal_exti.o(.revsh_text), (4 bytes).
    Removing stm32f3xx_hal_exti.o(.rrx_text), (6 bytes).
    Removing stm32f3xx_hal_exti.o(i.HAL_EXTI_ClearConfigLine), (128 bytes).
    Removing stm32f3xx_hal_exti.o(i.HAL_EXTI_ClearPending), (28 bytes).
    Removing stm32f3xx_hal_exti.o(i.HAL_EXTI_GenerateSWI), (28 bytes).
    Removing stm32f3xx_hal_exti.o(i.HAL_EXTI_GetConfigLine), (172 bytes).
    Removing stm32f3xx_hal_exti.o(i.HAL_EXTI_GetHandle), (12 bytes).
    Removing stm32f3xx_hal_exti.o(i.HAL_EXTI_GetPending), (32 bytes).
    Removing stm32f3xx_hal_exti.o(i.HAL_EXTI_IRQHandler), (44 bytes).
    Removing stm32f3xx_hal_exti.o(i.HAL_EXTI_RegisterCallback), (14 bytes).
    Removing stm32f3xx_hal_exti.o(i.HAL_EXTI_SetConfigLine), (176 bytes).
    Removing stm32f3xx_hal_tim.o(.rev16_text), (4 bytes).
    Removing stm32f3xx_hal_tim.o(.revsh_text), (4 bytes).
    Removing stm32f3xx_hal_tim.o(.rrx_text), (6 bytes).
    Removing stm32f3xx_hal_tim_ex.o(.rev16_text), (4 bytes).
    Removing stm32f3xx_hal_tim_ex.o(.revsh_text), (4 bytes).
    Removing stm32f3xx_hal_tim_ex.o(.rrx_text), (6 bytes).
    Removing stm32f3xx_hal_uart.o(.rev16_text), (4 bytes).
    Removing stm32f3xx_hal_uart.o(.revsh_text), (4 bytes).
    Removing stm32f3xx_hal_uart.o(.rrx_text), (6 bytes).
    Removing stm32f3xx_hal_uart.o(i.HAL_HalfDuplex_EnableReceiver), (56 bytes).
    Removing stm32f3xx_hal_uart.o(i.HAL_HalfDuplex_EnableTransmitter), (56 bytes).
    Removing stm32f3xx_hal_uart.o(i.HAL_HalfDuplex_Init), (112 bytes).
    Removing stm32f3xx_hal_uart.o(i.HAL_LIN_Init), (136 bytes).
    Removing stm32f3xx_hal_uart.o(i.HAL_LIN_SendBreak), (46 bytes).
    Removing stm32f3xx_hal_uart.o(i.HAL_MultiProcessor_DisableMuteMode), (40 bytes).
    Removing stm32f3xx_hal_uart.o(i.HAL_MultiProcessor_EnableMuteMode), (40 bytes).
    Removing stm32f3xx_hal_uart.o(i.HAL_MultiProcessor_EnterMuteMode), (12 bytes).
    Removing stm32f3xx_hal_uart.o(i.HAL_MultiProcessor_Init), (134 bytes).
    Removing stm32f3xx_hal_uart.o(i.HAL_UART_Abort), (154 bytes).
    Removing stm32f3xx_hal_uart.o(i.HAL_UART_AbortCpltCallback), (2 bytes).
    Removing stm32f3xx_hal_uart.o(i.HAL_UART_AbortReceive), (104 bytes).
    Removing stm32f3xx_hal_uart.o(i.HAL_UART_AbortReceiveCpltCallback), (2 bytes).
    Removing stm32f3xx_hal_uart.o(i.HAL_UART_AbortReceive_IT), (124 bytes).
    Removing stm32f3xx_hal_uart.o(i.HAL_UART_AbortTransmit), (78 bytes).
    Removing stm32f3xx_hal_uart.o(i.HAL_UART_AbortTransmitCpltCallback), (2 bytes).
    Removing stm32f3xx_hal_uart.o(i.HAL_UART_AbortTransmit_IT), (84 bytes).
    Removing stm32f3xx_hal_uart.o(i.HAL_UART_Abort_IT), (192 bytes).
    Removing stm32f3xx_hal_uart.o(i.HAL_UART_DMAPause), (96 bytes).
    Removing stm32f3xx_hal_uart.o(i.HAL_UART_DMAResume), (88 bytes).
    Removing stm32f3xx_hal_uart.o(i.HAL_UART_DMAStop), (114 bytes).
    Removing stm32f3xx_hal_uart.o(i.HAL_UART_DeInit), (58 bytes).
    Removing stm32f3xx_hal_uart.o(i.HAL_UART_DisableReceiverTimeout), (52 bytes).
    Removing stm32f3xx_hal_uart.o(i.HAL_UART_EnableReceiverTimeout), (52 bytes).
    Removing stm32f3xx_hal_uart.o(i.HAL_UART_GetError), (4 bytes).
    Removing stm32f3xx_hal_uart.o(i.HAL_UART_GetState), (8 bytes).
    Removing stm32f3xx_hal_uart.o(i.HAL_UART_MspDeInit), (2 bytes).
    Removing stm32f3xx_hal_uart.o(i.HAL_UART_MspInit), (2 bytes).
    Removing stm32f3xx_hal_uart.o(i.HAL_UART_Receive), (232 bytes).
    Removing stm32f3xx_hal_uart.o(i.HAL_UART_Receive_DMA), (156 bytes).
    Removing stm32f3xx_hal_uart.o(i.HAL_UART_ReceiverTimeout_Config), (14 bytes).
    Removing stm32f3xx_hal_uart.o(i.HAL_UART_RxCpltCallback), (2 bytes).
    Removing stm32f3xx_hal_uart.o(i.HAL_UART_RxHalfCpltCallback), (2 bytes).
    Removing stm32f3xx_hal_uart.o(i.HAL_UART_Transmit_DMA), (144 bytes).
    Removing stm32f3xx_hal_uart.o(i.HAL_UART_Transmit_IT), (100 bytes).
    Removing stm32f3xx_hal_uart.o(i.HAL_UART_TxHalfCpltCallback), (2 bytes).
    Removing stm32f3xx_hal_uart.o(i.UART_DMAError), (72 bytes).
    Removing stm32f3xx_hal_uart.o(i.UART_DMAReceiveCplt), (58 bytes).
    Removing stm32f3xx_hal_uart.o(i.UART_DMARxAbortCallback), (58 bytes).
    Removing stm32f3xx_hal_uart.o(i.UART_DMARxHalfCplt), (10 bytes).
    Removing stm32f3xx_hal_uart.o(i.UART_DMARxOnlyAbortCallback), (36 bytes).
    Removing stm32f3xx_hal_uart.o(i.UART_DMATransmitCplt), (46 bytes).
    Removing stm32f3xx_hal_uart.o(i.UART_DMATxAbortCallback), (48 bytes).
    Removing stm32f3xx_hal_uart.o(i.UART_DMATxHalfCplt), (10 bytes).
    Removing stm32f3xx_hal_uart.o(i.UART_DMATxOnlyAbortCallback), (20 bytes).
    Removing stm32f3xx_hal_uart.o(i.UART_EndTxTransfer), (16 bytes).
    Removing stm32f3xx_hal_uart.o(i.UART_TxISR_16BIT), (64 bytes).
    Removing stm32f3xx_hal_uart.o(i.UART_TxISR_8BIT), (60 bytes).
    Removing stm32f3xx_hal_uart_ex.o(.rev16_text), (4 bytes).
    Removing stm32f3xx_hal_uart_ex.o(.revsh_text), (4 bytes).
    Removing stm32f3xx_hal_uart_ex.o(.rrx_text), (6 bytes).
    Removing stm32f3xx_hal_uart_ex.o(i.HAL_MultiProcessorEx_AddressLength_Set), (46 bytes).
    Removing stm32f3xx_hal_uart_ex.o(i.HAL_RS485Ex_Init), (136 bytes).
    Removing stm32f3xx_hal_uart_ex.o(i.HAL_UARTEx_DisableStopMode), (38 bytes).
    Removing stm32f3xx_hal_uart_ex.o(i.HAL_UARTEx_EnableStopMode), (38 bytes).
    Removing stm32f3xx_hal_uart_ex.o(i.HAL_UARTEx_StopModeWakeUpSourceConfig), (134 bytes).
    Removing dneg.o(.text), (6 bytes).
    Removing cdcmple.o(.text), (48 bytes).

369 unused section(s) (total 24794 bytes) removed from the image.

==============================================================================

Image Symbol Table

    Local Symbols

    Symbol Name                              Value     Ov Type        Size  Object(Section)

    ../Drivers/STM32F3xx_HAL_Driver/Src/stm32f3xx_hal.c 0x00000000   Number         0  stm32f3xx_hal.o ABSOLUTE
    ../Drivers/STM32F3xx_HAL_Driver/Src/stm32f3xx_hal_adc.c 0x00000000   Number         0  stm32f3xx_hal_adc.o ABSOLUTE
    ../Drivers/STM32F3xx_HAL_Driver/Src/stm32f3xx_hal_adc_ex.c 0x00000000   Number         0  stm32f3xx_hal_adc_ex.o ABSOLUTE
    ../Drivers/STM32F3xx_HAL_Driver/Src/stm32f3xx_hal_cortex.c 0x00000000   Number         0  stm32f3xx_hal_cortex.o ABSOLUTE
    ../Drivers/STM32F3xx_HAL_Driver/Src/stm32f3xx_hal_dma.c 0x00000000   Number         0  stm32f3xx_hal_dma.o ABSOLUTE
    ../Drivers/STM32F3xx_HAL_Driver/Src/stm32f3xx_hal_exti.c 0x00000000   Number         0  stm32f3xx_hal_exti.o ABSOLUTE
    ../Drivers/STM32F3xx_HAL_Driver/Src/stm32f3xx_hal_flash.c 0x00000000   Number         0  stm32f3xx_hal_flash.o ABSOLUTE
    ../Drivers/STM32F3xx_HAL_Driver/Src/stm32f3xx_hal_flash_ex.c 0x00000000   Number         0  stm32f3xx_hal_flash_ex.o ABSOLUTE
    ../Drivers/STM32F3xx_HAL_Driver/Src/stm32f3xx_hal_gpio.c 0x00000000   Number         0  stm32f3xx_hal_gpio.o ABSOLUTE
    ../Drivers/STM32F3xx_HAL_Driver/Src/stm32f3xx_hal_i2c.c 0x00000000   Number         0  stm32f3xx_hal_i2c.o ABSOLUTE
    ../Drivers/STM32F3xx_HAL_Driver/Src/stm32f3xx_hal_i2c_ex.c 0x00000000   Number         0  stm32f3xx_hal_i2c_ex.o ABSOLUTE
    ../Drivers/STM32F3xx_HAL_Driver/Src/stm32f3xx_hal_pwr.c 0x00000000   Number         0  stm32f3xx_hal_pwr.o ABSOLUTE
    ../Drivers/STM32F3xx_HAL_Driver/Src/stm32f3xx_hal_pwr_ex.c 0x00000000   Number         0  stm32f3xx_hal_pwr_ex.o ABSOLUTE
    ../Drivers/STM32F3xx_HAL_Driver/Src/stm32f3xx_hal_rcc.c 0x00000000   Number         0  stm32f3xx_hal_rcc.o ABSOLUTE
    ../Drivers/STM32F3xx_HAL_Driver/Src/stm32f3xx_hal_rcc_ex.c 0x00000000   Number         0  stm32f3xx_hal_rcc_ex.o ABSOLUTE
    ../Drivers/STM32F3xx_HAL_Driver/Src/stm32f3xx_hal_tim.c 0x00000000   Number         0  stm32f3xx_hal_tim.o ABSOLUTE
    ../Drivers/STM32F3xx_HAL_Driver/Src/stm32f3xx_hal_tim_ex.c 0x00000000   Number         0  stm32f3xx_hal_tim_ex.o ABSOLUTE
    ../Drivers/STM32F3xx_HAL_Driver/Src/stm32f3xx_hal_uart.c 0x00000000   Number         0  stm32f3xx_hal_uart.o ABSOLUTE
    ../Drivers/STM32F3xx_HAL_Driver/Src/stm32f3xx_hal_uart_ex.c 0x00000000   Number         0  stm32f3xx_hal_uart_ex.o ABSOLUTE
    ../Src/main.c                            0x00000000   Number         0  main.o ABSOLUTE
    ../Src/stm32f3xx_hal_msp.c               0x00000000   Number         0  stm32f3xx_hal_msp.o ABSOLUTE
    ../Src/stm32f3xx_it.c                    0x00000000   Number         0  stm32f3xx_it.o ABSOLUTE
    ../clib/microlib/ctype/ctype.c           0x00000000   Number         0  ctype_c.o ABSOLUTE
    ../clib/microlib/ctype/ctype.c           0x00000000   Number         0  isspace_c.o ABSOLUTE
    ../clib/microlib/division.c              0x00000000   Number         0  uldiv.o ABSOLUTE
    ../clib/microlib/division.c              0x00000000   Number         0  uidiv.o ABSOLUTE
    ../clib/microlib/errno.c                 0x00000000   Number         0  errno.o ABSOLUTE
    ../clib/microlib/init/entry.s            0x00000000   Number         0  entry10b.o ABSOLUTE
    ../clib/microlib/init/entry.s            0x00000000   Number         0  entry10a.o ABSOLUTE
    ../clib/microlib/init/entry.s            0x00000000   Number         0  entry9b.o ABSOLUTE
    ../clib/microlib/init/entry.s            0x00000000   Number         0  entry9a.o ABSOLUTE
    ../clib/microlib/init/entry.s            0x00000000   Number         0  entry8b.o ABSOLUTE
    ../clib/microlib/init/entry.s            0x00000000   Number         0  entry8a.o ABSOLUTE
    ../clib/microlib/init/entry.s            0x00000000   Number         0  entry.o ABSOLUTE
    ../clib/microlib/init/entry.s            0x00000000   Number         0  entry7b.o ABSOLUTE
    ../clib/microlib/init/entry.s            0x00000000   Number         0  entry5.o ABSOLUTE
    ../clib/microlib/init/entry.s            0x00000000   Number         0  entry11b.o ABSOLUTE
    ../clib/microlib/init/entry.s            0x00000000   Number         0  entry11a.o ABSOLUTE
    ../clib/microlib/init/entry.s            0x00000000   Number         0  entry7a.o ABSOLUTE
    ../clib/microlib/init/entry.s            0x00000000   Number         0  entry2.o ABSOLUTE
    ../clib/microlib/longlong.c              0x00000000   Number         0  llushr.o ABSOLUTE
    ../clib/microlib/longlong.c              0x00000000   Number         0  llshl.o ABSOLUTE
    ../clib/microlib/longlong.c              0x00000000   Number         0  llsshr.o ABSOLUTE
    ../clib/microlib/printf/printf.c         0x00000000   Number         0  printf2.o ABSOLUTE
    ../clib/microlib/printf/printf.c         0x00000000   Number         0  printf4.o ABSOLUTE
    ../clib/microlib/printf/printf.c         0x00000000   Number         0  printf3.o ABSOLUTE
    ../clib/microlib/printf/printf.c         0x00000000   Number         0  printf1.o ABSOLUTE
    ../clib/microlib/printf/printf.c         0x00000000   Number         0  printf0.o ABSOLUTE
    ../clib/microlib/printf/printf.c         0x00000000   Number         0  printfb.o ABSOLUTE
    ../clib/microlib/printf/printf.c         0x00000000   Number         0  printf7.o ABSOLUTE
    ../clib/microlib/printf/printf.c         0x00000000   Number         0  printfa.o ABSOLUTE
    ../clib/microlib/printf/printf.c         0x00000000   Number         0  printf8.o ABSOLUTE
    ../clib/microlib/printf/printf.c         0x00000000   Number         0  printf6.o ABSOLUTE
    ../clib/microlib/printf/printf.c         0x00000000   Number         0  printf5.o ABSOLUTE
    ../clib/microlib/printf/stubs.s          0x00000000   Number         0  stubs.o ABSOLUTE
    ../clib/microlib/stdio/fputc.c           0x00000000   Number         0  fputc.o ABSOLUTE
    ../clib/microlib/stdio/semi.s            0x00000000   Number         0  semi.o ABSOLUTE
    ../clib/microlib/stdio/streams.c         0x00000000   Number         0  stdout.o ABSOLUTE
    ../clib/microlib/string/memcpy.c         0x00000000   Number         0  memcpya.o ABSOLUTE
    ../clib/microlib/string/memcpy.c         0x00000000   Number         0  memcpyb.o ABSOLUTE
    ../clib/microlib/string/memset.c         0x00000000   Number         0  memseta.o ABSOLUTE
    ../clib/microlib/stubs.s                 0x00000000   Number         0  iusesemip.o ABSOLUTE
    ../clib/microlib/stubs.s                 0x00000000   Number         0  iusefp.o ABSOLUTE
    ../clib/scanf.c                          0x00000000   Number         0  _scanf_int.o ABSOLUTE
    ../clib/scanf.c                          0x00000000   Number         0  _scanf.o ABSOLUTE
    ../clib/scanf.c                          0x00000000   Number         0  __0sscanf.o ABSOLUTE
    ../clib/scanf.c                          0x00000000   Number         0  _sgetc.o ABSOLUTE
    ../clib/scanf.c                          0x00000000   Number         0  scanf_char.o ABSOLUTE
    ../clib/scanf.c                          0x00000000   Number         0  _chval.o ABSOLUTE
    ../fplib/microlib/d2f.c                  0x00000000   Number         0  d2f.o ABSOLUTE
    ../fplib/microlib/f2d.c                  0x00000000   Number         0  f2d.o ABSOLUTE
    ../fplib/microlib/fpadd.c                0x00000000   Number         0  dadd.o ABSOLUTE
    ../fplib/microlib/fpdiv.c                0x00000000   Number         0  ddiv.o ABSOLUTE
    ../fplib/microlib/fpepilogue.c           0x00000000   Number         0  depilogue.o ABSOLUTE
    ../fplib/microlib/fpepilogue.c           0x00000000   Number         0  fepilogue.o ABSOLUTE
    ../fplib/microlib/fpfix.c                0x00000000   Number         0  dfixul.o ABSOLUTE
    ../fplib/microlib/fpflt.c                0x00000000   Number         0  dflti.o ABSOLUTE
    ../fplib/microlib/fpflt.c                0x00000000   Number         0  dfltui.o ABSOLUTE
    ../fplib/microlib/fpmul.c                0x00000000   Number         0  dmul.o ABSOLUTE
    ../fplib/microlib/fpneg.c                0x00000000   Number         0  dneg.o ABSOLUTE
    ../fplib/microlib/fpscalb.c              0x00000000   Number         0  dscalb.o ABSOLUTE
    ../fplib/microlib/fpsqrt.c               0x00000000   Number         0  dsqrt.o ABSOLUTE
    ../mathlib/dunder.c                      0x00000000   Number         0  dunder.o ABSOLUTE
    ../mathlib/fabs.c                        0x00000000   Number         0  fabs.o ABSOLUTE
    ../mathlib/fpclassify.c                  0x00000000   Number         0  fpclassify.o ABSOLUTE
    ../mathlib/poly.c                        0x00000000   Number         0  poly.o ABSOLUTE
    ../mathlib/pow.c                         0x00000000   Number         0  pow.o ABSOLUTE
    ../mathlib/pow.c                         0x00000000   Number         0  pow_x.o ABSOLUTE
    ../mathlib/qnan.c                        0x00000000   Number         0  qnan.o ABSOLUTE
    ../mathlib/sqrt.c                        0x00000000   Number         0  sqrt_x.o ABSOLUTE
    ../mathlib/sqrt.c                        0x00000000   Number         0  sqrt.o ABSOLUTE
    ..\Drivers\STM32F3xx_HAL_Driver\Src\stm32f3xx_hal.c 0x00000000   Number         0  stm32f3xx_hal.o ABSOLUTE
    ..\Drivers\STM32F3xx_HAL_Driver\Src\stm32f3xx_hal_adc.c 0x00000000   Number         0  stm32f3xx_hal_adc.o ABSOLUTE
    ..\Drivers\STM32F3xx_HAL_Driver\Src\stm32f3xx_hal_adc_ex.c 0x00000000   Number         0  stm32f3xx_hal_adc_ex.o ABSOLUTE
    ..\Drivers\STM32F3xx_HAL_Driver\Src\stm32f3xx_hal_cortex.c 0x00000000   Number         0  stm32f3xx_hal_cortex.o ABSOLUTE
    ..\Drivers\STM32F3xx_HAL_Driver\Src\stm32f3xx_hal_dma.c 0x00000000   Number         0  stm32f3xx_hal_dma.o ABSOLUTE
    ..\Drivers\STM32F3xx_HAL_Driver\Src\stm32f3xx_hal_exti.c 0x00000000   Number         0  stm32f3xx_hal_exti.o ABSOLUTE
    ..\Drivers\STM32F3xx_HAL_Driver\Src\stm32f3xx_hal_flash.c 0x00000000   Number         0  stm32f3xx_hal_flash.o ABSOLUTE
    ..\Drivers\STM32F3xx_HAL_Driver\Src\stm32f3xx_hal_flash_ex.c 0x00000000   Number         0  stm32f3xx_hal_flash_ex.o ABSOLUTE
    ..\Drivers\STM32F3xx_HAL_Driver\Src\stm32f3xx_hal_gpio.c 0x00000000   Number         0  stm32f3xx_hal_gpio.o ABSOLUTE
    ..\Drivers\STM32F3xx_HAL_Driver\Src\stm32f3xx_hal_i2c.c 0x00000000   Number         0  stm32f3xx_hal_i2c.o ABSOLUTE
    ..\Drivers\STM32F3xx_HAL_Driver\Src\stm32f3xx_hal_i2c_ex.c 0x00000000   Number         0  stm32f3xx_hal_i2c_ex.o ABSOLUTE
    ..\Drivers\STM32F3xx_HAL_Driver\Src\stm32f3xx_hal_pwr.c 0x00000000   Number         0  stm32f3xx_hal_pwr.o ABSOLUTE
    ..\Drivers\STM32F3xx_HAL_Driver\Src\stm32f3xx_hal_pwr_ex.c 0x00000000   Number         0  stm32f3xx_hal_pwr_ex.o ABSOLUTE
    ..\Drivers\STM32F3xx_HAL_Driver\Src\stm32f3xx_hal_rcc.c 0x00000000   Number         0  stm32f3xx_hal_rcc.o ABSOLUTE
    ..\Drivers\STM32F3xx_HAL_Driver\Src\stm32f3xx_hal_rcc_ex.c 0x00000000   Number         0  stm32f3xx_hal_rcc_ex.o ABSOLUTE
    ..\Drivers\STM32F3xx_HAL_Driver\Src\stm32f3xx_hal_tim.c 0x00000000   Number         0  stm32f3xx_hal_tim.o ABSOLUTE
    ..\Drivers\STM32F3xx_HAL_Driver\Src\stm32f3xx_hal_tim_ex.c 0x00000000   Number         0  stm32f3xx_hal_tim_ex.o ABSOLUTE
    ..\Drivers\STM32F3xx_HAL_Driver\Src\stm32f3xx_hal_uart.c 0x00000000   Number         0  stm32f3xx_hal_uart.o ABSOLUTE
    ..\Drivers\STM32F3xx_HAL_Driver\Src\stm32f3xx_hal_uart_ex.c 0x00000000   Number         0  stm32f3xx_hal_uart_ex.o ABSOLUTE
    ..\Src\crc8.c                            0x00000000   Number         0  crc8.o ABSOLUTE
    ..\Src\main.c                            0x00000000   Number         0  main.o ABSOLUTE
    ..\Src\si7021.c                          0x00000000   Number         0  si7021.o ABSOLUTE
    ..\Src\stm32f3xx_hal_msp.c               0x00000000   Number         0  stm32f3xx_hal_msp.o ABSOLUTE
    ..\Src\stm32f3xx_it.c                    0x00000000   Number         0  stm32f3xx_it.o ABSOLUTE
    ..\Src\system_stm32f3xx.c                0x00000000   Number         0  system_stm32f3xx.o ABSOLUTE
    ..\\Src\\crc8.c                          0x00000000   Number         0  crc8.o ABSOLUTE
    ..\\Src\\si7021.c                        0x00000000   Number         0  si7021.o ABSOLUTE
    ..\\Src\\system_stm32f3xx.c              0x00000000   Number         0  system_stm32f3xx.o ABSOLUTE
    cdcmple.s                                0x00000000   Number         0  cdcmple.o ABSOLUTE
    cdrcmple.s                               0x00000000   Number         0  cdrcmple.o ABSOLUTE
    dc.s                                     0x00000000   Number         0  dc.o ABSOLUTE
    handlers.s                               0x00000000   Number         0  handlers.o ABSOLUTE
    init.s                                   0x00000000   Number         0  init.o ABSOLUTE
    startup_stm32f302x8.s                    0x00000000   Number         0  startup_stm32f302x8.o ABSOLUTE
    RESET                                    0x08000000   Section      392  startup_stm32f302x8.o(RESET)
    .ARM.Collect$$$$00000000                 0x08000188   Section        0  entry.o(.ARM.Collect$$$$00000000)
    .ARM.Collect$$$$00000001                 0x08000188   Section        4  entry2.o(.ARM.Collect$$$$00000001)
    .ARM.Collect$$$$00000004                 0x0800018c   Section        4  entry5.o(.ARM.Collect$$$$00000004)
    .ARM.Collect$$$$00000008                 0x08000190   Section        0  entry7b.o(.ARM.Collect$$$$00000008)
    .ARM.Collect$$$$0000000A                 0x08000190   Section        0  entry8b.o(.ARM.Collect$$$$0000000A)
    .ARM.Collect$$$$0000000B                 0x08000190   Section        8  entry9a.o(.ARM.Collect$$$$0000000B)
    .ARM.Collect$$$$0000000D                 0x08000198   Section        0  entry10a.o(.ARM.Collect$$$$0000000D)
    .ARM.Collect$$$$0000000F                 0x08000198   Section        0  entry11a.o(.ARM.Collect$$$$0000000F)
    .ARM.Collect$$$$00002712                 0x08000198   Section        4  entry2.o(.ARM.Collect$$$$00002712)
    __lit__00000000                          0x08000198   Data           4  entry2.o(.ARM.Collect$$$$00002712)
    .text                                    0x0800019c   Section       36  startup_stm32f302x8.o(.text)
    $v0                                      0x0800019c   Number         0  startup_stm32f302x8.o(.text)
    .text                                    0x080001c0   Section        0  uldiv.o(.text)
    .text                                    0x08000222   Section        0  llushr.o(.text)
    .text                                    0x08000242   Section        0  memseta.o(.text)
    .text                                    0x08000268   Section        0  __0sscanf.o(.text)
    .text                                    0x080002a0   Section        0  _scanf_int.o(.text)
    .text                                    0x080003ec   Section        0  dadd.o(.text)
    .text                                    0x0800053a   Section        0  dmul.o(.text)
    .text                                    0x0800061e   Section        0  ddiv.o(.text)
    .text                                    0x080006fc   Section        0  dfltui.o(.text)
    .text                                    0x08000716   Section        0  f2d.o(.text)
    .text                                    0x0800073c   Section        0  d2f.o(.text)
    .text                                    0x08000774   Section        0  uidiv.o(.text)
    .text                                    0x080007a0   Section        0  llshl.o(.text)
    .text                                    0x080007be   Section        0  llsshr.o(.text)
    .text                                    0x080007e2   Section        0  _chval.o(.text)
    .text                                    0x08000800   Section        0  scanf_char.o(.text)
    _scanf_char_input                        0x08000801   Thumb Code    12  scanf_char.o(.text)
    .text                                    0x08000828   Section        0  _sgetc.o(.text)
    .text                                    0x08000868   Section        0  fepilogue.o(.text)
    .text                                    0x08000868   Section        0  iusefp.o(.text)
    .text                                    0x080008d6   Section        0  depilogue.o(.text)
    .text                                    0x08000990   Section        0  dscalb.o(.text)
    .text                                    0x080009be   Section        0  dflti.o(.text)
    .text                                    0x080009e0   Section        0  dfixul.o(.text)
    .text                                    0x08000a10   Section       48  cdrcmple.o(.text)
    .text                                    0x08000a40   Section       36  init.o(.text)
    .text                                    0x08000a64   Section        0  isspace_c.o(.text)
    .text                                    0x08000a70   Section        0  _scanf.o(.text)
    .text                                    0x08000d9c   Section        0  dsqrt.o(.text)
    .text                                    0x08000e40   Section        0  ctype_c.o(.text)
    i.ADC1_IRQHandler                        0x08000e68   Section        0  stm32f3xx_it.o(i.ADC1_IRQHandler)
    i.ADC_ConversionStop                     0x08000e74   Section        0  stm32f3xx_hal_adc_ex.o(i.ADC_ConversionStop)
    ADC_ConversionStop                       0x08000e75   Thumb Code   178  stm32f3xx_hal_adc_ex.o(i.ADC_ConversionStop)
    i.ADC_Disable                            0x08000f2c   Section        0  stm32f3xx_hal_adc_ex.o(i.ADC_Disable)
    ADC_Disable                              0x08000f2d   Thumb Code    96  stm32f3xx_hal_adc_ex.o(i.ADC_Disable)
    i.ADC_Enable                             0x08000f8c   Section        0  stm32f3xx_hal_adc_ex.o(i.ADC_Enable)
    ADC_Enable                               0x08000f8d   Thumb Code    90  stm32f3xx_hal_adc_ex.o(i.ADC_Enable)
    i.Crc8_Calculate                         0x08000fec   Section        0  crc8.o(i.Crc8_Calculate)
    i.HAL_ADCEx_InjectedConvCpltCallback     0x08001014   Section        0  stm32f3xx_hal_adc_ex.o(i.HAL_ADCEx_InjectedConvCpltCallback)
    i.HAL_ADCEx_InjectedQueueOverflowCallback 0x08001016   Section        0  stm32f3xx_hal_adc_ex.o(i.HAL_ADCEx_InjectedQueueOverflowCallback)
    i.HAL_ADCEx_LevelOutOfWindow2Callback    0x08001018   Section        0  stm32f3xx_hal_adc_ex.o(i.HAL_ADCEx_LevelOutOfWindow2Callback)
    i.HAL_ADCEx_LevelOutOfWindow3Callback    0x0800101a   Section        0  stm32f3xx_hal_adc_ex.o(i.HAL_ADCEx_LevelOutOfWindow3Callback)
    i.HAL_ADC_ConfigChannel                  0x0800101c   Section        0  stm32f3xx_hal_adc_ex.o(i.HAL_ADC_ConfigChannel)
    i.HAL_ADC_ConvCpltCallback               0x08001344   Section        0  main.o(i.HAL_ADC_ConvCpltCallback)
    i.HAL_ADC_ErrorCallback                  0x08001360   Section        0  stm32f3xx_hal_adc.o(i.HAL_ADC_ErrorCallback)
    i.HAL_ADC_GetValue                       0x08001362   Section        0  stm32f3xx_hal_adc_ex.o(i.HAL_ADC_GetValue)
    i.HAL_ADC_IRQHandler                     0x08001368   Section        0  stm32f3xx_hal_adc_ex.o(i.HAL_ADC_IRQHandler)
    i.HAL_ADC_Init                           0x08001558   Section        0  stm32f3xx_hal_adc_ex.o(i.HAL_ADC_Init)
    i.HAL_ADC_LevelOutOfWindowCallback       0x08001718   Section        0  stm32f3xx_hal_adc.o(i.HAL_ADC_LevelOutOfWindowCallback)
    i.HAL_ADC_MspInit                        0x0800171c   Section        0  stm32f3xx_hal_msp.o(i.HAL_ADC_MspInit)
    i.HAL_ADC_Start_IT                       0x08001784   Section        0  stm32f3xx_hal_adc_ex.o(i.HAL_ADC_Start_IT)
    i.HAL_ADC_Stop_IT                        0x08001832   Section        0  stm32f3xx_hal_adc_ex.o(i.HAL_ADC_Stop_IT)
    i.HAL_DMA_Abort_IT                       0x0800187a   Section        0  stm32f3xx_hal_dma.o(i.HAL_DMA_Abort_IT)
    i.HAL_Delay                              0x080018c4   Section        0  stm32f3xx_hal.o(i.HAL_Delay)
    i.HAL_GPIO_Init                          0x080018e8   Section        0  stm32f3xx_hal_gpio.o(i.HAL_GPIO_Init)
    i.HAL_GPIO_WritePin                      0x08001a68   Section        0  stm32f3xx_hal_gpio.o(i.HAL_GPIO_WritePin)
    i.HAL_GetTick                            0x08001a74   Section        0  stm32f3xx_hal.o(i.HAL_GetTick)
    i.HAL_I2CEx_ConfigAnalogFilter           0x08001a80   Section        0  stm32f3xx_hal_i2c_ex.o(i.HAL_I2CEx_ConfigAnalogFilter)
    i.HAL_I2CEx_ConfigDigitalFilter          0x08001ad6   Section        0  stm32f3xx_hal_i2c_ex.o(i.HAL_I2CEx_ConfigDigitalFilter)
    i.HAL_I2C_Init                           0x08001b28   Section        0  stm32f3xx_hal_i2c.o(i.HAL_I2C_Init)
    i.HAL_I2C_Mem_Read                       0x08001be0   Section        0  stm32f3xx_hal_i2c.o(i.HAL_I2C_Mem_Read)
    i.HAL_I2C_MspInit                        0x08001d44   Section        0  stm32f3xx_hal_msp.o(i.HAL_I2C_MspInit)
    i.HAL_IncTick                            0x08001dc8   Section        0  stm32f3xx_hal.o(i.HAL_IncTick)
    i.HAL_Init                               0x08001dd8   Section        0  stm32f3xx_hal.o(i.HAL_Init)
    i.HAL_InitTick                           0x08001dfc   Section        0  stm32f3xx_hal.o(i.HAL_InitTick)
    i.HAL_MspInit                            0x08001e3c   Section        0  stm32f3xx_hal_msp.o(i.HAL_MspInit)
    i.HAL_NVIC_EnableIRQ                     0x08001e6c   Section        0  stm32f3xx_hal_cortex.o(i.HAL_NVIC_EnableIRQ)
    i.HAL_NVIC_SetPriority                   0x08001e88   Section        0  stm32f3xx_hal_cortex.o(i.HAL_NVIC_SetPriority)
    i.HAL_NVIC_SetPriorityGrouping           0x08001ec8   Section        0  stm32f3xx_hal_cortex.o(i.HAL_NVIC_SetPriorityGrouping)
    i.HAL_RCCEx_PeriphCLKConfig              0x08001eec   Section        0  stm32f3xx_hal_rcc_ex.o(i.HAL_RCCEx_PeriphCLKConfig)
    i.HAL_RCC_ClockConfig                    0x080020e0   Section        0  stm32f3xx_hal_rcc.o(i.HAL_RCC_ClockConfig)
    i.HAL_RCC_GetPCLK1Freq                   0x08002230   Section        0  stm32f3xx_hal_rcc.o(i.HAL_RCC_GetPCLK1Freq)
    i.HAL_RCC_GetPCLK2Freq                   0x08002260   Section        0  stm32f3xx_hal_rcc.o(i.HAL_RCC_GetPCLK2Freq)
    i.HAL_RCC_GetSysClockFreq                0x08002290   Section        0  stm32f3xx_hal_rcc.o(i.HAL_RCC_GetSysClockFreq)
    i.HAL_RCC_OscConfig                      0x080022fc   Section        0  stm32f3xx_hal_rcc.o(i.HAL_RCC_OscConfig)
    i.HAL_SYSTICK_Config                     0x080028a6   Section        0  stm32f3xx_hal_cortex.o(i.HAL_SYSTICK_Config)
    i.HAL_UARTEx_WakeupCallback              0x080028ce   Section        0  stm32f3xx_hal_uart_ex.o(i.HAL_UARTEx_WakeupCallback)
    i.HAL_UART_ErrorCallback                 0x080028d0   Section        0  stm32f3xx_hal_uart.o(i.HAL_UART_ErrorCallback)
    i.HAL_UART_IRQHandler                    0x080028d4   Section        0  stm32f3xx_hal_uart.o(i.HAL_UART_IRQHandler)
    i.HAL_UART_Init                          0x08002a34   Section        0  stm32f3xx_hal_uart.o(i.HAL_UART_Init)
    i.HAL_UART_MspInit                       0x08002a9c   Section        0  stm32f3xx_hal_msp.o(i.HAL_UART_MspInit)
    i.HAL_UART_Receive_IT                    0x08002b10   Section        0  stm32f3xx_hal_uart.o(i.HAL_UART_Receive_IT)
    i.HAL_UART_RxCpltCallback                0x08002bbc   Section        0  main.o(i.HAL_UART_RxCpltCallback)
    i.HAL_UART_Transmit                      0x08002cb8   Section        0  stm32f3xx_hal_uart.o(i.HAL_UART_Transmit)
    i.HAL_UART_TxCpltCallback                0x08002d6c   Section        0  stm32f3xx_hal_uart.o(i.HAL_UART_TxCpltCallback)
    i.I2C_Flush_TXDR                         0x08002d6e   Section        0  stm32f3xx_hal_i2c.o(i.I2C_Flush_TXDR)
    I2C_Flush_TXDR                           0x08002d6f   Thumb Code    34  stm32f3xx_hal_i2c.o(i.I2C_Flush_TXDR)
    i.I2C_IsAcknowledgeFailed                0x08002d90   Section        0  stm32f3xx_hal_i2c.o(i.I2C_IsAcknowledgeFailed)
    I2C_IsAcknowledgeFailed                  0x08002d91   Thumb Code   136  stm32f3xx_hal_i2c.o(i.I2C_IsAcknowledgeFailed)
    i.I2C_RequestMemoryRead                  0x08002e1c   Section        0  stm32f3xx_hal_i2c.o(i.I2C_RequestMemoryRead)
    I2C_RequestMemoryRead                    0x08002e1d   Thumb Code    94  stm32f3xx_hal_i2c.o(i.I2C_RequestMemoryRead)
    i.I2C_TransferConfig                     0x08002e80   Section        0  stm32f3xx_hal_i2c.o(i.I2C_TransferConfig)
    I2C_TransferConfig                       0x08002e81   Thumb Code    40  stm32f3xx_hal_i2c.o(i.I2C_TransferConfig)
    i.I2C_WaitOnFlagUntilTimeout             0x08002eac   Section        0  stm32f3xx_hal_i2c.o(i.I2C_WaitOnFlagUntilTimeout)
    I2C_WaitOnFlagUntilTimeout               0x08002ead   Thumb Code    88  stm32f3xx_hal_i2c.o(i.I2C_WaitOnFlagUntilTimeout)
    i.I2C_WaitOnSTOPFlagUntilTimeout         0x08002f04   Section        0  stm32f3xx_hal_i2c.o(i.I2C_WaitOnSTOPFlagUntilTimeout)
    I2C_WaitOnSTOPFlagUntilTimeout           0x08002f05   Thumb Code    76  stm32f3xx_hal_i2c.o(i.I2C_WaitOnSTOPFlagUntilTimeout)
    i.I2C_WaitOnTXISFlagUntilTimeout         0x08002f50   Section        0  stm32f3xx_hal_i2c.o(i.I2C_WaitOnTXISFlagUntilTimeout)
    I2C_WaitOnTXISFlagUntilTimeout           0x08002f51   Thumb Code    80  stm32f3xx_hal_i2c.o(i.I2C_WaitOnTXISFlagUntilTimeout)
    i.MX_ADC1_Init                           0x08002fa0   Section        0  main.o(i.MX_ADC1_Init)
    MX_ADC1_Init                             0x08002fa1   Thumb Code   100  main.o(i.MX_ADC1_Init)
    i.MX_GPIO_Init                           0x08003008   Section        0  main.o(i.MX_GPIO_Init)
    MX_GPIO_Init                             0x08003009   Thumb Code   160  main.o(i.MX_GPIO_Init)
    i.MX_I2C1_Init                           0x080030b8   Section        0  main.o(i.MX_I2C1_Init)
    MX_I2C1_Init                             0x080030b9   Thumb Code    66  main.o(i.MX_I2C1_Init)
    i.MX_USART1_UART_Init                    0x08003108   Section        0  main.o(i.MX_USART1_UART_Init)
    MX_USART1_UART_Init                      0x08003109   Thumb Code    46  main.o(i.MX_USART1_UART_Init)
    i.SI7021_Init                            0x08003140   Section        0  si7021.o(i.SI7021_Init)
    i.SI7021_Read_Humidity_Hold              0x0800314c   Section        0  si7021.o(i.SI7021_Read_Humidity_Hold)
    i.SI7021_Read_Temperature_Hold           0x08003178   Section        0  si7021.o(i.SI7021_Read_Temperature_Hold)
    i.SysTick_Handler                        0x080031a4   Section        0  stm32f3xx_it.o(i.SysTick_Handler)
    i.SystemClock_Config                     0x080031a8   Section        0  main.o(i.SystemClock_Config)
    i.SystemInit                             0x0800321c   Section        0  system_stm32f3xx.o(i.SystemInit)
    i.UART_AdvFeatureConfig                  0x08003238   Section        0  stm32f3xx_hal_uart.o(i.UART_AdvFeatureConfig)
    i.UART_CheckIdleState                    0x08003300   Section        0  stm32f3xx_hal_uart.o(i.UART_CheckIdleState)
    i.UART_DMAAbortOnError                   0x08003358   Section        0  stm32f3xx_hal_uart.o(i.UART_DMAAbortOnError)
    UART_DMAAbortOnError                     0x08003359   Thumb Code    20  stm32f3xx_hal_uart.o(i.UART_DMAAbortOnError)
    i.UART_EndRxTransfer                     0x0800336c   Section        0  stm32f3xx_hal_uart.o(i.UART_EndRxTransfer)
    UART_EndRxTransfer                       0x0800336d   Thumb Code    30  stm32f3xx_hal_uart.o(i.UART_EndRxTransfer)
    i.UART_RxISR_16BIT                       0x0800338a   Section        0  stm32f3xx_hal_uart.o(i.UART_RxISR_16BIT)
    UART_RxISR_16BIT                         0x0800338b   Thumb Code    90  stm32f3xx_hal_uart.o(i.UART_RxISR_16BIT)
    i.UART_RxISR_8BIT                        0x080033e4   Section        0  stm32f3xx_hal_uart.o(i.UART_RxISR_8BIT)
    UART_RxISR_8BIT                          0x080033e5   Thumb Code    90  stm32f3xx_hal_uart.o(i.UART_RxISR_8BIT)
    i.UART_SetConfig                         0x08003440   Section        0  stm32f3xx_hal_uart.o(i.UART_SetConfig)
    i.UART_WaitOnFlagUntilTimeout            0x080035a0   Section        0  stm32f3xx_hal_uart.o(i.UART_WaitOnFlagUntilTimeout)
    i.USART1_IRQHandler                      0x08003640   Section        0  stm32f3xx_it.o(i.USART1_IRQHandler)
    i.__0sprintf                             0x0800364c   Section        0  printfa.o(i.__0sprintf)
    i.__ARM_fpclassify                       0x08003674   Section        0  fpclassify.o(i.__ARM_fpclassify)
    i.__NVIC_SetPriority                     0x080036a4   Section        0  stm32f3xx_hal_cortex.o(i.__NVIC_SetPriority)
    __NVIC_SetPriority                       0x080036a5   Thumb Code    32  stm32f3xx_hal_cortex.o(i.__NVIC_SetPriority)
    i.__hardfp_pow                           0x080036c8   Section        0  pow.o(i.__hardfp_pow)
    i.__kernel_poly                          0x08004300   Section        0  poly.o(i.__kernel_poly)
    i.__mathlib_dbl_divzero                  0x080043f8   Section        0  dunder.o(i.__mathlib_dbl_divzero)
    i.__mathlib_dbl_infnan2                  0x08004428   Section        0  dunder.o(i.__mathlib_dbl_infnan2)
    i.__mathlib_dbl_invalid                  0x08004440   Section        0  dunder.o(i.__mathlib_dbl_invalid)
    i.__mathlib_dbl_overflow                 0x08004460   Section        0  dunder.o(i.__mathlib_dbl_overflow)
    i.__mathlib_dbl_underflow                0x08004480   Section        0  dunder.o(i.__mathlib_dbl_underflow)
    i.__scatterload_copy                     0x080044a0   Section       14  handlers.o(i.__scatterload_copy)
    i.__scatterload_null                     0x080044ae   Section        2  handlers.o(i.__scatterload_null)
    i.__scatterload_zeroinit                 0x080044b0   Section       14  handlers.o(i.__scatterload_zeroinit)
    i.__set_errno                            0x080044c0   Section        0  errno.o(i.__set_errno)
    i._fp_digits                             0x080044cc   Section        0  printfa.o(i._fp_digits)
    _fp_digits                               0x080044cd   Thumb Code   334  printfa.o(i._fp_digits)
    i._printf_core                           0x08004630   Section        0  printfa.o(i._printf_core)
    _printf_core                             0x08004631   Thumb Code  1744  printfa.o(i._printf_core)
    i._printf_post_padding                   0x08004d0c   Section        0  printfa.o(i._printf_post_padding)
    _printf_post_padding                     0x08004d0d   Thumb Code    36  printfa.o(i._printf_post_padding)
    i._printf_pre_padding                    0x08004d30   Section        0  printfa.o(i._printf_pre_padding)
    _printf_pre_padding                      0x08004d31   Thumb Code    46  printfa.o(i._printf_pre_padding)
    i._sputc                                 0x08004d5e   Section        0  printfa.o(i._sputc)
    _sputc                                   0x08004d5f   Thumb Code    10  printfa.o(i._sputc)
    i.convertToCelsius                       0x08004d68   Section        0  si7021.o(i.convertToCelsius)
    i.convertToLux                           0x08004db8   Section        0  main.o(i.convertToLux)
    i.convertToRH                            0x08004ea0   Section        0  si7021.o(i.convertToRH)
    i.fabs                                   0x08004ec0   Section        0  fabs.o(i.fabs)
    i.main                                   0x08004ed8   Section        0  main.o(i.main)
    i.sqrt                                   0x0800502c   Section        0  sqrt.o(i.sqrt)
    .constdata                               0x0800509a   Section      256  crc8.o(.constdata)
    crc8_Table                               0x0800509a   Data         256  crc8.o(.constdata)
    .constdata                               0x0800519a   Section       16  system_stm32f3xx.o(.constdata)
    .constdata                               0x080051aa   Section        8  system_stm32f3xx.o(.constdata)
    .constdata                               0x080051b2   Section       32  stm32f3xx_hal_rcc.o(.constdata)
    .constdata                               0x080051d8   Section      136  pow.o(.constdata)
    bp                                       0x080051d8   Data          16  pow.o(.constdata)
    dp_h                                     0x080051e8   Data          16  pow.o(.constdata)
    dp_l                                     0x080051f8   Data          16  pow.o(.constdata)
    L                                        0x08005208   Data          48  pow.o(.constdata)
    P                                        0x08005238   Data          40  pow.o(.constdata)
    .constdata                               0x08005260   Section        8  qnan.o(.constdata)
    .constdata                               0x08005268   Section       64  ctype_c.o(.constdata)
    .data                                    0x20000000   Section       36  main.o(.data)
    RLDR                                     0x2000000c   Data           4  main.o(.data)
    Voltage                                  0x20000010   Data           4  main.o(.data)
    lux                                      0x20000014   Data           4  main.o(.data)
    .data                                    0x20000024   Section       12  si7021.o(.data)
    RH_value                                 0x20000024   Data           1  si7021.o(.data)
    temp                                     0x20000028   Data           4  si7021.o(.data)
    i2c_handle                               0x2000002c   Data           4  si7021.o(.data)
    .data                                    0x20000030   Section        4  system_stm32f3xx.o(.data)
    .data                                    0x20000034   Section       12  stm32f3xx_hal.o(.data)
    .data                                    0x20000040   Section        4  errno.o(.data)
    _errno                                   0x20000040   Data           4  errno.o(.data)
    .bss                                     0x20000044   Section      384  main.o(.bss)
    STACK                                    0x200001c8   Section     1024  startup_stm32f302x8.o(STACK)

    Global Symbols

    Symbol Name                              Value     Ov Type        Size  Object(Section)

    BuildAttributes$$THM_ISAv4$E$P$D$K$B$S$7EM$VFPi3$EXTD16$VFPS$VFMA$PE$A:L22UL41UL21$X:L11$S22US41US21$IEEE1$IW$USESV6$~STKCKD$USESV7$~SHL$OTIME$ROPI$IEEEX$EBA8$MICROLIB$REQ8$PRES8$EABIv2 0x00000000   Number         0  anon$$obj.o ABSOLUTE
    __ARM_use_no_argv                        0x00000000   Number         0  main.o ABSOLUTE
    _printf_a                                0x00000000   Number         0  stubs.o ABSOLUTE
    _printf_c                                0x00000000   Number         0  stubs.o ABSOLUTE
    _printf_charcount                        0x00000000   Number         0  stubs.o ABSOLUTE
    _printf_d                                0x00000000   Number         0  stubs.o ABSOLUTE
    _printf_e                                0x00000000   Number         0  stubs.o ABSOLUTE
    _printf_f                                0x00000000   Number         0  stubs.o ABSOLUTE
    _printf_flags                            0x00000000   Number         0  stubs.o ABSOLUTE
    _printf_fp_dec                           0x00000000   Number         0  stubs.o ABSOLUTE
    _printf_fp_hex                           0x00000000   Number         0  stubs.o ABSOLUTE
    _printf_g                                0x00000000   Number         0  stubs.o ABSOLUTE
    _printf_i                                0x00000000   Number         0  stubs.o ABSOLUTE
    _printf_int_dec                          0x00000000   Number         0  stubs.o ABSOLUTE
    _printf_l                                0x00000000   Number         0  stubs.o ABSOLUTE
    _printf_lc                               0x00000000   Number         0  stubs.o ABSOLUTE
    _printf_ll                               0x00000000   Number         0  stubs.o ABSOLUTE
    _printf_lld                              0x00000000   Number         0  stubs.o ABSOLUTE
    _printf_lli                              0x00000000   Number         0  stubs.o ABSOLUTE
    _printf_llo                              0x00000000   Number         0  stubs.o ABSOLUTE
    _printf_llu                              0x00000000   Number         0  stubs.o ABSOLUTE
    _printf_llx                              0x00000000   Number         0  stubs.o ABSOLUTE
    _printf_longlong_dec                     0x00000000   Number         0  stubs.o ABSOLUTE
    _printf_longlong_hex                     0x00000000   Number         0  stubs.o ABSOLUTE
    _printf_longlong_oct                     0x00000000   Number         0  stubs.o ABSOLUTE
    _printf_ls                               0x00000000   Number         0  stubs.o ABSOLUTE
    _printf_mbtowc                           0x00000000   Number         0  stubs.o ABSOLUTE
    _printf_n                                0x00000000   Number         0  stubs.o ABSOLUTE
    _printf_o                                0x00000000   Number         0  stubs.o ABSOLUTE
    _printf_p                                0x00000000   Number         0  stubs.o ABSOLUTE
    _printf_percent                          0x00000000   Number         0  stubs.o ABSOLUTE
    _printf_pre_padding                      0x00000000   Number         0  stubs.o ABSOLUTE
    _printf_return_value                     0x00000000   Number         0  stubs.o ABSOLUTE
    _printf_s                                0x00000000   Number         0  stubs.o ABSOLUTE
    _printf_sizespec                         0x00000000   Number         0  stubs.o ABSOLUTE
    _printf_str                              0x00000000   Number         0  stubs.o ABSOLUTE
    _printf_truncate_signed                  0x00000000   Number         0  stubs.o ABSOLUTE
    _printf_truncate_unsigned                0x00000000   Number         0  stubs.o ABSOLUTE
    _printf_u                                0x00000000   Number         0  stubs.o ABSOLUTE
    _printf_wc                               0x00000000   Number         0  stubs.o ABSOLUTE
    _printf_wctomb                           0x00000000   Number         0  stubs.o ABSOLUTE
    _printf_widthprec                        0x00000000   Number         0  stubs.o ABSOLUTE
    _printf_x                                0x00000000   Number         0  stubs.o ABSOLUTE
    __cpp_initialize__aeabi_                  - Undefined Weak Reference
    __cxa_finalize                            - Undefined Weak Reference
    __decompress                              - Undefined Weak Reference
    _clock_init                               - Undefined Weak Reference
    _microlib_exit                            - Undefined Weak Reference
    _scanf_longlong                           - Undefined Weak Reference
    _scanf_real                               - Undefined Weak Reference
    _scanf_string                             - Undefined Weak Reference
    __Vectors_Size                           0x00000188   Number         0  startup_stm32f302x8.o ABSOLUTE
    __Vectors                                0x08000000   Data           4  startup_stm32f302x8.o(RESET)
    __Vectors_End                            0x08000188   Data           0  startup_stm32f302x8.o(RESET)
    __main                                   0x08000189   Thumb Code     0  entry.o(.ARM.Collect$$$$00000000)
    _main_stk                                0x08000189   Thumb Code     0  entry2.o(.ARM.Collect$$$$00000001)
    _main_scatterload                        0x0800018d   Thumb Code     0  entry5.o(.ARM.Collect$$$$00000004)
    __main_after_scatterload                 0x08000191   Thumb Code     0  entry5.o(.ARM.Collect$$$$00000004)
    _main_clock                              0x08000191   Thumb Code     0  entry7b.o(.ARM.Collect$$$$00000008)
    _main_cpp_init                           0x08000191   Thumb Code     0  entry8b.o(.ARM.Collect$$$$0000000A)
    _main_init                               0x08000191   Thumb Code     0  entry9a.o(.ARM.Collect$$$$0000000B)
    __rt_final_cpp                           0x08000199   Thumb Code     0  entry10a.o(.ARM.Collect$$$$0000000D)
    __rt_final_exit                          0x08000199   Thumb Code     0  entry11a.o(.ARM.Collect$$$$0000000F)
    Reset_Handler                            0x0800019d   Thumb Code     8  startup_stm32f302x8.o(.text)
    NMI_Handler                              0x080001a5   Thumb Code     2  startup_stm32f302x8.o(.text)
    HardFault_Handler                        0x080001a7   Thumb Code     2  startup_stm32f302x8.o(.text)
    MemManage_Handler                        0x080001a9   Thumb Code     2  startup_stm32f302x8.o(.text)
    BusFault_Handler                         0x080001ab   Thumb Code     2  startup_stm32f302x8.o(.text)
    UsageFault_Handler                       0x080001ad   Thumb Code     2  startup_stm32f302x8.o(.text)
    SVC_Handler                              0x080001af   Thumb Code     2  startup_stm32f302x8.o(.text)
    DebugMon_Handler                         0x080001b1   Thumb Code     2  startup_stm32f302x8.o(.text)
    PendSV_Handler                           0x080001b3   Thumb Code     2  startup_stm32f302x8.o(.text)
    CAN_RX1_IRQHandler                       0x080001b7   Thumb Code     0  startup_stm32f302x8.o(.text)
    CAN_SCE_IRQHandler                       0x080001b7   Thumb Code     0  startup_stm32f302x8.o(.text)
    COMP2_IRQHandler                         0x080001b7   Thumb Code     0  startup_stm32f302x8.o(.text)
    COMP4_6_IRQHandler                       0x080001b7   Thumb Code     0  startup_stm32f302x8.o(.text)
    DMA1_Channel1_IRQHandler                 0x080001b7   Thumb Code     0  startup_stm32f302x8.o(.text)
    DMA1_Channel2_IRQHandler                 0x080001b7   Thumb Code     0  startup_stm32f302x8.o(.text)
    DMA1_Channel3_IRQHandler                 0x080001b7   Thumb Code     0  startup_stm32f302x8.o(.text)
    DMA1_Channel4_IRQHandler                 0x080001b7   Thumb Code     0  startup_stm32f302x8.o(.text)
    DMA1_Channel5_IRQHandler                 0x080001b7   Thumb Code     0  startup_stm32f302x8.o(.text)
    DMA1_Channel6_IRQHandler                 0x080001b7   Thumb Code     0  startup_stm32f302x8.o(.text)
    DMA1_Channel7_IRQHandler                 0x080001b7   Thumb Code     0  startup_stm32f302x8.o(.text)
    EXTI0_IRQHandler                         0x080001b7   Thumb Code     0  startup_stm32f302x8.o(.text)
    EXTI15_10_IRQHandler                     0x080001b7   Thumb Code     0  startup_stm32f302x8.o(.text)
    EXTI1_IRQHandler                         0x080001b7   Thumb Code     0  startup_stm32f302x8.o(.text)
    EXTI2_TSC_IRQHandler                     0x080001b7   Thumb Code     0  startup_stm32f302x8.o(.text)
    EXTI3_IRQHandler                         0x080001b7   Thumb Code     0  startup_stm32f302x8.o(.text)
    EXTI4_IRQHandler                         0x080001b7   Thumb Code     0  startup_stm32f302x8.o(.text)
    EXTI9_5_IRQHandler                       0x080001b7   Thumb Code     0  startup_stm32f302x8.o(.text)
    FLASH_IRQHandler                         0x080001b7   Thumb Code     0  startup_stm32f302x8.o(.text)
    FPU_IRQHandler                           0x080001b7   Thumb Code     0  startup_stm32f302x8.o(.text)
    I2C1_ER_IRQHandler                       0x080001b7   Thumb Code     0  startup_stm32f302x8.o(.text)
    I2C1_EV_IRQHandler                       0x080001b7   Thumb Code     0  startup_stm32f302x8.o(.text)
    I2C2_ER_IRQHandler                       0x080001b7   Thumb Code     0  startup_stm32f302x8.o(.text)
    I2C2_EV_IRQHandler                       0x080001b7   Thumb Code     0  startup_stm32f302x8.o(.text)
    I2C3_ER_IRQHandler                       0x080001b7   Thumb Code     0  startup_stm32f302x8.o(.text)
    I2C3_EV_IRQHandler                       0x080001b7   Thumb Code     0  startup_stm32f302x8.o(.text)
    PVD_IRQHandler                           0x080001b7   Thumb Code     0  startup_stm32f302x8.o(.text)
    RCC_IRQHandler                           0x080001b7   Thumb Code     0  startup_stm32f302x8.o(.text)
    RTC_Alarm_IRQHandler                     0x080001b7   Thumb Code     0  startup_stm32f302x8.o(.text)
    RTC_WKUP_IRQHandler                      0x080001b7   Thumb Code     0  startup_stm32f302x8.o(.text)
    SPI2_IRQHandler                          0x080001b7   Thumb Code     0  startup_stm32f302x8.o(.text)
    SPI3_IRQHandler                          0x080001b7   Thumb Code     0  startup_stm32f302x8.o(.text)
    TAMP_STAMP_IRQHandler                    0x080001b7   Thumb Code     0  startup_stm32f302x8.o(.text)
    TIM1_BRK_TIM15_IRQHandler                0x080001b7   Thumb Code     0  startup_stm32f302x8.o(.text)
    TIM1_CC_IRQHandler                       0x080001b7   Thumb Code     0  startup_stm32f302x8.o(.text)
    TIM1_TRG_COM_TIM17_IRQHandler            0x080001b7   Thumb Code     0  startup_stm32f302x8.o(.text)
    TIM1_UP_TIM16_IRQHandler                 0x080001b7   Thumb Code     0  startup_stm32f302x8.o(.text)
    TIM2_IRQHandler                          0x080001b7   Thumb Code     0  startup_stm32f302x8.o(.text)
    TIM6_DAC_IRQHandler                      0x080001b7   Thumb Code     0  startup_stm32f302x8.o(.text)
    USART2_IRQHandler                        0x080001b7   Thumb Code     0  startup_stm32f302x8.o(.text)
    USART3_IRQHandler                        0x080001b7   Thumb Code     0  startup_stm32f302x8.o(.text)
    USBWakeUp_IRQHandler                     0x080001b7   Thumb Code     0  startup_stm32f302x8.o(.text)
    USBWakeUp_RMP_IRQHandler                 0x080001b7   Thumb Code     0  startup_stm32f302x8.o(.text)
    USB_HP_CAN_TX_IRQHandler                 0x080001b7   Thumb Code     0  startup_stm32f302x8.o(.text)
    USB_HP_IRQHandler                        0x080001b7   Thumb Code     0  startup_stm32f302x8.o(.text)
    USB_LP_CAN_RX0_IRQHandler                0x080001b7   Thumb Code     0  startup_stm32f302x8.o(.text)
    USB_LP_IRQHandler                        0x080001b7   Thumb Code     0  startup_stm32f302x8.o(.text)
    WWDG_IRQHandler                          0x080001b7   Thumb Code     0  startup_stm32f302x8.o(.text)
    __aeabi_uldivmod                         0x080001c1   Thumb Code    98  uldiv.o(.text)
    __aeabi_llsr                             0x08000223   Thumb Code    32  llushr.o(.text)
    _ll_ushift_r                             0x08000223   Thumb Code     0  llushr.o(.text)
    __aeabi_memset                           0x08000243   Thumb Code    14  memseta.o(.text)
    __aeabi_memset4                          0x08000243   Thumb Code     0  memseta.o(.text)
    __aeabi_memset8                          0x08000243   Thumb Code     0  memseta.o(.text)
    __aeabi_memclr                           0x08000251   Thumb Code     4  memseta.o(.text)
    __aeabi_memclr4                          0x08000251   Thumb Code     0  memseta.o(.text)
    __aeabi_memclr8                          0x08000251   Thumb Code     0  memseta.o(.text)
    _memset$wrapper                          0x08000255   Thumb Code    18  memseta.o(.text)
    __0sscanf                                0x08000269   Thumb Code    48  __0sscanf.o(.text)
    _scanf_int                               0x080002a1   Thumb Code   332  _scanf_int.o(.text)
    __aeabi_dadd                             0x080003ed   Thumb Code   322  dadd.o(.text)
    __aeabi_dsub                             0x0800052f   Thumb Code     6  dadd.o(.text)
    __aeabi_drsub                            0x08000535   Thumb Code     6  dadd.o(.text)
    __aeabi_dmul                             0x0800053b   Thumb Code   228  dmul.o(.text)
    __aeabi_ddiv                             0x0800061f   Thumb Code   222  ddiv.o(.text)
    __aeabi_ui2d                             0x080006fd   Thumb Code    26  dfltui.o(.text)
    __aeabi_f2d                              0x08000717   Thumb Code    38  f2d.o(.text)
    __aeabi_d2f                              0x0800073d   Thumb Code    56  d2f.o(.text)
    __aeabi_uidiv                            0x08000775   Thumb Code     0  uidiv.o(.text)
    __aeabi_uidivmod                         0x08000775   Thumb Code    44  uidiv.o(.text)
    __aeabi_llsl                             0x080007a1   Thumb Code    30  llshl.o(.text)
    _ll_shift_l                              0x080007a1   Thumb Code     0  llshl.o(.text)
    __aeabi_lasr                             0x080007bf   Thumb Code    36  llsshr.o(.text)
    _ll_sshift_r                             0x080007bf   Thumb Code     0  llsshr.o(.text)
    _chval                                   0x080007e3   Thumb Code    28  _chval.o(.text)
    __vfscanf_char                           0x0800080d   Thumb Code    20  scanf_char.o(.text)
    _sgetc                                   0x08000829   Thumb Code    30  _sgetc.o(.text)
    _sbackspace                              0x08000847   Thumb Code    34  _sgetc.o(.text)
    __I$use$fp                               0x08000869   Thumb Code     0  iusefp.o(.text)
    _float_round                             0x08000869   Thumb Code    18  fepilogue.o(.text)
    _float_epilogue                          0x0800087b   Thumb Code    92  fepilogue.o(.text)
    _double_round                            0x080008d7   Thumb Code    30  depilogue.o(.text)
    _double_epilogue                         0x080008f5   Thumb Code   156  depilogue.o(.text)
    __ARM_scalbn                             0x08000991   Thumb Code    46  dscalb.o(.text)
    scalbn                                   0x08000991   Thumb Code     0  dscalb.o(.text)
    __aeabi_i2d                              0x080009bf   Thumb Code    34  dflti.o(.text)
    __aeabi_d2ulz                            0x080009e1   Thumb Code    48  dfixul.o(.text)
    __aeabi_cdrcmple                         0x08000a11   Thumb Code    48  cdrcmple.o(.text)
    __scatterload                            0x08000a41   Thumb Code    28  init.o(.text)
    __scatterload_rt2                        0x08000a41   Thumb Code     0  init.o(.text)
    isspace                                  0x08000a65   Thumb Code    10  isspace_c.o(.text)
    __vfscanf                                0x08000a71   Thumb Code   808  _scanf.o(.text)
    _dsqrt                                   0x08000d9d   Thumb Code   162  dsqrt.o(.text)
    __ctype_lookup                           0x08000e41   Thumb Code    34  ctype_c.o(.text)
    ADC1_IRQHandler                          0x08000e69   Thumb Code     6  stm32f3xx_it.o(i.ADC1_IRQHandler)
    Crc8_Calculate                           0x08000fed   Thumb Code    34  crc8.o(i.Crc8_Calculate)
    HAL_ADCEx_InjectedConvCpltCallback       0x08001015   Thumb Code     2  stm32f3xx_hal_adc_ex.o(i.HAL_ADCEx_InjectedConvCpltCallback)
    HAL_ADCEx_InjectedQueueOverflowCallback  0x08001017   Thumb Code     2  stm32f3xx_hal_adc_ex.o(i.HAL_ADCEx_InjectedQueueOverflowCallback)
    HAL_ADCEx_LevelOutOfWindow2Callback      0x08001019   Thumb Code     2  stm32f3xx_hal_adc_ex.o(i.HAL_ADCEx_LevelOutOfWindow2Callback)
    HAL_ADCEx_LevelOutOfWindow3Callback      0x0800101b   Thumb Code     2  stm32f3xx_hal_adc_ex.o(i.HAL_ADCEx_LevelOutOfWindow3Callback)
    HAL_ADC_ConfigChannel                    0x0800101d   Thumb Code   790  stm32f3xx_hal_adc_ex.o(i.HAL_ADC_ConfigChannel)
    HAL_ADC_ConvCpltCallback                 0x08001345   Thumb Code    24  main.o(i.HAL_ADC_ConvCpltCallback)
    HAL_ADC_ErrorCallback                    0x08001361   Thumb Code     2  stm32f3xx_hal_adc.o(i.HAL_ADC_ErrorCallback)
    HAL_ADC_GetValue                         0x08001363   Thumb Code     6  stm32f3xx_hal_adc_ex.o(i.HAL_ADC_GetValue)
    HAL_ADC_IRQHandler                       0x08001369   Thumb Code   492  stm32f3xx_hal_adc_ex.o(i.HAL_ADC_IRQHandler)
    HAL_ADC_Init                             0x08001559   Thumb Code   428  stm32f3xx_hal_adc_ex.o(i.HAL_ADC_Init)
    HAL_ADC_LevelOutOfWindowCallback         0x08001719   Thumb Code     2  stm32f3xx_hal_adc.o(i.HAL_ADC_LevelOutOfWindowCallback)
    HAL_ADC_MspInit                          0x0800171d   Thumb Code    96  stm32f3xx_hal_msp.o(i.HAL_ADC_MspInit)
    HAL_ADC_Start_IT                         0x08001785   Thumb Code   174  stm32f3xx_hal_adc_ex.o(i.HAL_ADC_Start_IT)
    HAL_ADC_Stop_IT                          0x08001833   Thumb Code    72  stm32f3xx_hal_adc_ex.o(i.HAL_ADC_Stop_IT)
    HAL_DMA_Abort_IT                         0x0800187b   Thumb Code    74  stm32f3xx_hal_dma.o(i.HAL_DMA_Abort_IT)
    HAL_Delay                                0x080018c5   Thumb Code    32  stm32f3xx_hal.o(i.HAL_Delay)
    HAL_GPIO_Init                            0x080018e9   Thumb Code   360  stm32f3xx_hal_gpio.o(i.HAL_GPIO_Init)
    HAL_GPIO_WritePin                        0x08001a69   Thumb Code    10  stm32f3xx_hal_gpio.o(i.HAL_GPIO_WritePin)
    HAL_GetTick                              0x08001a75   Thumb Code     6  stm32f3xx_hal.o(i.HAL_GetTick)
    HAL_I2CEx_ConfigAnalogFilter             0x08001a81   Thumb Code    86  stm32f3xx_hal_i2c_ex.o(i.HAL_I2CEx_ConfigAnalogFilter)
    HAL_I2CEx_ConfigDigitalFilter            0x08001ad7   Thumb Code    82  stm32f3xx_hal_i2c_ex.o(i.HAL_I2CEx_ConfigDigitalFilter)
    HAL_I2C_Init                             0x08001b29   Thumb Code   178  stm32f3xx_hal_i2c.o(i.HAL_I2C_Init)
    HAL_I2C_Mem_Read                         0x08001be1   Thumb Code   346  stm32f3xx_hal_i2c.o(i.HAL_I2C_Mem_Read)
    HAL_I2C_MspInit                          0x08001d45   Thumb Code   118  stm32f3xx_hal_msp.o(i.HAL_I2C_MspInit)
    HAL_IncTick                              0x08001dc9   Thumb Code    12  stm32f3xx_hal.o(i.HAL_IncTick)
    HAL_Init                                 0x08001dd9   Thumb Code    32  stm32f3xx_hal.o(i.HAL_Init)
    HAL_InitTick                             0x08001dfd   Thumb Code    54  stm32f3xx_hal.o(i.HAL_InitTick)
    HAL_MspInit                              0x08001e3d   Thumb Code    44  stm32f3xx_hal_msp.o(i.HAL_MspInit)
    HAL_NVIC_EnableIRQ                       0x08001e6d   Thumb Code    26  stm32f3xx_hal_cortex.o(i.HAL_NVIC_EnableIRQ)
    HAL_NVIC_SetPriority                     0x08001e89   Thumb Code    60  stm32f3xx_hal_cortex.o(i.HAL_NVIC_SetPriority)
    HAL_NVIC_SetPriorityGrouping             0x08001ec9   Thumb Code    26  stm32f3xx_hal_cortex.o(i.HAL_NVIC_SetPriorityGrouping)
    HAL_RCCEx_PeriphCLKConfig                0x08001eed   Thumb Code   486  stm32f3xx_hal_rcc_ex.o(i.HAL_RCCEx_PeriphCLKConfig)
    HAL_RCC_ClockConfig                      0x080020e1   Thumb Code   316  stm32f3xx_hal_rcc.o(i.HAL_RCC_ClockConfig)
    HAL_RCC_GetPCLK1Freq                     0x08002231   Thumb Code    34  stm32f3xx_hal_rcc.o(i.HAL_RCC_GetPCLK1Freq)
    HAL_RCC_GetPCLK2Freq                     0x08002261   Thumb Code    34  stm32f3xx_hal_rcc.o(i.HAL_RCC_GetPCLK2Freq)
    HAL_RCC_GetSysClockFreq                  0x08002291   Thumb Code    92  stm32f3xx_hal_rcc.o(i.HAL_RCC_GetSysClockFreq)
    HAL_RCC_OscConfig                        0x080022fd   Thumb Code  1450  stm32f3xx_hal_rcc.o(i.HAL_RCC_OscConfig)
    HAL_SYSTICK_Config                       0x080028a7   Thumb Code    40  stm32f3xx_hal_cortex.o(i.HAL_SYSTICK_Config)
    HAL_UARTEx_WakeupCallback                0x080028cf   Thumb Code     2  stm32f3xx_hal_uart_ex.o(i.HAL_UARTEx_WakeupCallback)
    HAL_UART_ErrorCallback                   0x080028d1   Thumb Code     2  stm32f3xx_hal_uart.o(i.HAL_UART_ErrorCallback)
    HAL_UART_IRQHandler                      0x080028d5   Thumb Code   348  stm32f3xx_hal_uart.o(i.HAL_UART_IRQHandler)
    HAL_UART_Init                            0x08002a35   Thumb Code   102  stm32f3xx_hal_uart.o(i.HAL_UART_Init)
    HAL_UART_MspInit                         0x08002a9d   Thumb Code   104  stm32f3xx_hal_msp.o(i.HAL_UART_MspInit)
    HAL_UART_Receive_IT                      0x08002b11   Thumb Code   164  stm32f3xx_hal_uart.o(i.HAL_UART_Receive_IT)
    HAL_UART_RxCpltCallback                  0x08002bbd   Thumb Code   182  main.o(i.HAL_UART_RxCpltCallback)
    HAL_UART_Transmit                        0x08002cb9   Thumb Code   180  stm32f3xx_hal_uart.o(i.HAL_UART_Transmit)
    HAL_UART_TxCpltCallback                  0x08002d6d   Thumb Code     2  stm32f3xx_hal_uart.o(i.HAL_UART_TxCpltCallback)
    SI7021_Init                              0x08003141   Thumb Code     6  si7021.o(i.SI7021_Init)
    SI7021_Read_Humidity_Hold                0x0800314d   Thumb Code    38  si7021.o(i.SI7021_Read_Humidity_Hold)
    SI7021_Read_Temperature_Hold             0x08003179   Thumb Code    38  si7021.o(i.SI7021_Read_Temperature_Hold)
    SysTick_Handler                          0x080031a5   Thumb Code     4  stm32f3xx_it.o(i.SysTick_Handler)
    SystemClock_Config                       0x080031a9   Thumb Code   114  main.o(i.SystemClock_Config)
    SystemInit                               0x0800321d   Thumb Code    22  system_stm32f3xx.o(i.SystemInit)
    UART_AdvFeatureConfig                    0x08003239   Thumb Code   200  stm32f3xx_hal_uart.o(i.UART_AdvFeatureConfig)
    UART_CheckIdleState                      0x08003301   Thumb Code    88  stm32f3xx_hal_uart.o(i.UART_CheckIdleState)
    UART_SetConfig                           0x08003441   Thumb Code   324  stm32f3xx_hal_uart.o(i.UART_SetConfig)
    UART_WaitOnFlagUntilTimeout              0x080035a1   Thumb Code   160  stm32f3xx_hal_uart.o(i.UART_WaitOnFlagUntilTimeout)
    USART1_IRQHandler                        0x08003641   Thumb Code     6  stm32f3xx_it.o(i.USART1_IRQHandler)
    __0sprintf                               0x0800364d   Thumb Code    34  printfa.o(i.__0sprintf)
    __1sprintf                               0x0800364d   Thumb Code     0  printfa.o(i.__0sprintf)
    __2sprintf                               0x0800364d   Thumb Code     0  printfa.o(i.__0sprintf)
    __c89sprintf                             0x0800364d   Thumb Code     0  printfa.o(i.__0sprintf)
    sprintf                                  0x0800364d   Thumb Code     0  printfa.o(i.__0sprintf)
    __ARM_fpclassify                         0x08003675   Thumb Code    48  fpclassify.o(i.__ARM_fpclassify)
    __hardfp_pow                             0x080036c9   Thumb Code  3044  pow.o(i.__hardfp_pow)
    __kernel_poly                            0x08004301   Thumb Code   248  poly.o(i.__kernel_poly)
    __mathlib_dbl_divzero                    0x080043f9   Thumb Code    28  dunder.o(i.__mathlib_dbl_divzero)
    __mathlib_dbl_infnan2                    0x08004429   Thumb Code    20  dunder.o(i.__mathlib_dbl_infnan2)
    __mathlib_dbl_invalid                    0x08004441   Thumb Code    24  dunder.o(i.__mathlib_dbl_invalid)
    __mathlib_dbl_overflow                   0x08004461   Thumb Code    24  dunder.o(i.__mathlib_dbl_overflow)
    __mathlib_dbl_underflow                  0x08004481   Thumb Code    24  dunder.o(i.__mathlib_dbl_underflow)
    __scatterload_copy                       0x080044a1   Thumb Code    14  handlers.o(i.__scatterload_copy)
    __scatterload_null                       0x080044af   Thumb Code     2  handlers.o(i.__scatterload_null)
    __scatterload_zeroinit                   0x080044b1   Thumb Code    14  handlers.o(i.__scatterload_zeroinit)
    __set_errno                              0x080044c1   Thumb Code     6  errno.o(i.__set_errno)
    convertToCelsius                         0x08004d69   Thumb Code    56  si7021.o(i.convertToCelsius)
    convertToLux                             0x08004db9   Thumb Code   176  main.o(i.convertToLux)
    convertToRH                              0x08004ea1   Thumb Code    26  si7021.o(i.convertToRH)
    fabs                                     0x08004ec1   Thumb Code    24  fabs.o(i.fabs)
    main                                     0x08004ed9   Thumb Code   300  main.o(i.main)
    sqrt                                     0x0800502d   Thumb Code   110  sqrt.o(i.sqrt)
    AHBPrescTable                            0x0800519a   Data          16  system_stm32f3xx.o(.constdata)
    APBPrescTable                            0x080051aa   Data           8  system_stm32f3xx.o(.constdata)
    aPLLMULFactorTable                       0x080051b2   Data          16  stm32f3xx_hal_rcc.o(.constdata)
    aPredivFactorTable                       0x080051c2   Data          16  stm32f3xx_hal_rcc.o(.constdata)
    __mathlib_zero                           0x08005260   Data           8  qnan.o(.constdata)
    __ctype_categories                       0x08005268   Data          64  ctype_c.o(.constdata)
    Region$$Table$$Base                      0x080052a8   Number         0  anon$$obj.o(Region$$Table)
    Region$$Table$$Limit                     0x080052c8   Number         0  anon$$obj.o(Region$$Table)
    checksum                                 0x20000000   Data           1  main.o(.data)
    adc_ready                                0x20000001   Data           1  main.o(.data)
    light                                    0x20000002   Data           2  main.o(.data)
    length                                   0x20000004   Data           2  main.o(.data)
    temperature                              0x20000006   Data           3  main.o(.data)
    humidity                                 0x20000009   Data           3  main.o(.data)
    freq                                     0x20000018   Data           4  main.o(.data)
    immediate                                0x2000001c   Data           4  main.o(.data)
    normal                                   0x20000020   Data           4  main.o(.data)
    SystemCoreClock                          0x20000030   Data           4  system_stm32f3xx.o(.data)
    uwTickFreq                               0x20000034   Data           1  stm32f3xx_hal.o(.data)
    uwTickPrio                               0x20000038   Data           4  stm32f3xx_hal.o(.data)
    uwTick                                   0x2000003c   Data           4  stm32f3xx_hal.o(.data)
    hadc1                                    0x20000044   Data          80  main.o(.bss)
    hi2c1                                    0x20000094   Data          76  main.o(.bss)
    huart1                                   0x200000e0   Data         128  main.o(.bss)
    tx_buffer                                0x20000160   Data          50  main.o(.bss)
    rx_buffer                                0x20000192   Data          50  main.o(.bss)
    __initial_sp                             0x200005c8   Data           0  startup_stm32f302x8.o(STACK)



==============================================================================

Memory Map of the image

  Image Entry point : 0x08000189

  Load Region LR_IROM1 (Base: 0x08000000, Size: 0x0000530c, Max: 0x00010000, ABSOLUTE)

    Execution Region ER_IROM1 (Base: 0x08000000, Size: 0x000052c8, Max: 0x00010000, ABSOLUTE)

    Base Addr    Size         Type   Attr      Idx    E Section Name        Object

    0x08000000   0x00000188   Data   RO            3    RESET               startup_stm32f302x8.o
    0x08000188   0x00000000   Code   RO         2787  * .ARM.Collect$$$$00000000  mc_w.l(entry.o)
    0x08000188   0x00000004   Code   RO         3114    .ARM.Collect$$$$00000001  mc_w.l(entry2.o)
    0x0800018c   0x00000004   Code   RO         3117    .ARM.Collect$$$$00000004  mc_w.l(entry5.o)
    0x08000190   0x00000000   Code   RO         3119    .ARM.Collect$$$$00000008  mc_w.l(entry7b.o)
    0x08000190   0x00000000   Code   RO         3121    .ARM.Collect$$$$0000000A  mc_w.l(entry8b.o)
    0x08000190   0x00000008   Code   RO         3122    .ARM.Collect$$$$0000000B  mc_w.l(entry9a.o)
    0x08000198   0x00000000   Code   RO         3124    .ARM.Collect$$$$0000000D  mc_w.l(entry10a.o)
    0x08000198   0x00000000   Code   RO         3126    .ARM.Collect$$$$0000000F  mc_w.l(entry11a.o)
    0x08000198   0x00000004   Code   RO         3115    .ARM.Collect$$$$00002712  mc_w.l(entry2.o)
    0x0800019c   0x00000024   Code   RO            4    .text               startup_stm32f302x8.o
    0x080001c0   0x00000062   Code   RO         2790    .text               mc_w.l(uldiv.o)
    0x08000222   0x00000020   Code   RO         2792    .text               mc_w.l(llushr.o)
    0x08000242   0x00000024   Code   RO         2796    .text               mc_w.l(memseta.o)
    0x08000266   0x00000002   PAD
    0x08000268   0x00000038   Code   RO         3061    .text               mc_w.l(__0sscanf.o)
    0x080002a0   0x0000014c   Code   RO         3063    .text               mc_w.l(_scanf_int.o)
    0x080003ec   0x0000014e   Code   RO         3065    .text               mf_w.l(dadd.o)
    0x0800053a   0x000000e4   Code   RO         3067    .text               mf_w.l(dmul.o)
    0x0800061e   0x000000de   Code   RO         3069    .text               mf_w.l(ddiv.o)
    0x080006fc   0x0000001a   Code   RO         3071    .text               mf_w.l(dfltui.o)
    0x08000716   0x00000026   Code   RO         3073    .text               mf_w.l(f2d.o)
    0x0800073c   0x00000038   Code   RO         3075    .text               mf_w.l(d2f.o)
    0x08000774   0x0000002c   Code   RO         3131    .text               mc_w.l(uidiv.o)
    0x080007a0   0x0000001e   Code   RO         3133    .text               mc_w.l(llshl.o)
    0x080007be   0x00000024   Code   RO         3135    .text               mc_w.l(llsshr.o)
    0x080007e2   0x0000001c   Code   RO         3144    .text               mc_w.l(_chval.o)
    0x080007fe   0x00000002   PAD
    0x08000800   0x00000028   Code   RO         3146    .text               mc_w.l(scanf_char.o)
    0x08000828   0x00000040   Code   RO         3148    .text               mc_w.l(_sgetc.o)
    0x08000868   0x00000000   Code   RO         3150    .text               mc_w.l(iusefp.o)
    0x08000868   0x0000006e   Code   RO         3151    .text               mf_w.l(fepilogue.o)
    0x080008d6   0x000000ba   Code   RO         3153    .text               mf_w.l(depilogue.o)
    0x08000990   0x0000002e   Code   RO         3157    .text               mf_w.l(dscalb.o)
    0x080009be   0x00000022   Code   RO         3159    .text               mf_w.l(dflti.o)
    0x080009e0   0x00000030   Code   RO         3161    .text               mf_w.l(dfixul.o)
    0x08000a10   0x00000030   Code   RO         3163    .text               mf_w.l(cdrcmple.o)
    0x08000a40   0x00000024   Code   RO         3165    .text               mc_w.l(init.o)
    0x08000a64   0x0000000a   Code   RO         3168    .text               mc_w.l(isspace_c.o)
    0x08000a6e   0x00000002   PAD
    0x08000a70   0x0000032c   Code   RO         3170    .text               mc_w.l(_scanf.o)
    0x08000d9c   0x000000a2   Code   RO         3173    .text               mf_w.l(dsqrt.o)
    0x08000e3e   0x00000002   PAD
    0x08000e40   0x00000028   Code   RO         3177    .text               mc_w.l(ctype_c.o)
    0x08000e68   0x0000000c   Code   RO          198    i.ADC1_IRQHandler   stm32f3xx_it.o
    0x08000e74   0x000000b8   Code   RO          565    i.ADC_ConversionStop  stm32f3xx_hal_adc_ex.o
    0x08000f2c   0x00000060   Code   RO          569    i.ADC_Disable       stm32f3xx_hal_adc_ex.o
    0x08000f8c   0x00000060   Code   RO          570    i.ADC_Enable        stm32f3xx_hal_adc_ex.o
    0x08000fec   0x00000028   Code   RO          298    i.Crc8_Calculate    crc8.o
    0x08001014   0x00000002   Code   RO          575    i.HAL_ADCEx_InjectedConvCpltCallback  stm32f3xx_hal_adc_ex.o
    0x08001016   0x00000002   Code   RO          578    i.HAL_ADCEx_InjectedQueueOverflowCallback  stm32f3xx_hal_adc_ex.o
    0x08001018   0x00000002   Code   RO          583    i.HAL_ADCEx_LevelOutOfWindow2Callback  stm32f3xx_hal_adc_ex.o
    0x0800101a   0x00000002   Code   RO          584    i.HAL_ADCEx_LevelOutOfWindow3Callback  stm32f3xx_hal_adc_ex.o
    0x0800101c   0x00000328   Code   RO          589    i.HAL_ADC_ConfigChannel  stm32f3xx_hal_adc_ex.o
    0x08001344   0x0000001c   Code   RO           14    i.HAL_ADC_ConvCpltCallback  main.o
    0x08001360   0x00000002   Code   RO          420    i.HAL_ADC_ErrorCallback  stm32f3xx_hal_adc.o
    0x08001362   0x00000006   Code   RO          591    i.HAL_ADC_GetValue  stm32f3xx_hal_adc_ex.o
    0x08001368   0x000001f0   Code   RO          592    i.HAL_ADC_IRQHandler  stm32f3xx_hal_adc_ex.o
    0x08001558   0x000001c0   Code   RO          593    i.HAL_ADC_Init      stm32f3xx_hal_adc_ex.o
    0x08001718   0x00000002   Code   RO          426    i.HAL_ADC_LevelOutOfWindowCallback  stm32f3xx_hal_adc.o
    0x0800171a   0x00000002   PAD
    0x0800171c   0x00000068   Code   RO          239    i.HAL_ADC_MspInit   stm32f3xx_hal_msp.o
    0x08001784   0x000000ae   Code   RO          598    i.HAL_ADC_Start_IT  stm32f3xx_hal_adc_ex.o
    0x08001832   0x00000048   Code   RO          601    i.HAL_ADC_Stop_IT   stm32f3xx_hal_adc_ex.o
    0x0800187a   0x0000004a   Code   RO         1189    i.HAL_DMA_Abort_IT  stm32f3xx_hal_dma.o
    0x080018c4   0x00000024   Code   RO          806    i.HAL_Delay         stm32f3xx_hal.o
    0x080018e8   0x00000180   Code   RO         1123    i.HAL_GPIO_Init     stm32f3xx_hal_gpio.o
    0x08001a68   0x0000000a   Code   RO         1127    i.HAL_GPIO_WritePin  stm32f3xx_hal_gpio.o
    0x08001a72   0x00000002   PAD
    0x08001a74   0x0000000c   Code   RO          810    i.HAL_GetTick       stm32f3xx_hal.o
    0x08001a80   0x00000056   Code   RO         2186    i.HAL_I2CEx_ConfigAnalogFilter  stm32f3xx_hal_i2c_ex.o
    0x08001ad6   0x00000052   Code   RO         2187    i.HAL_I2CEx_ConfigDigitalFilter  stm32f3xx_hal_i2c_ex.o
    0x08001b28   0x000000b8   Code   RO         1740    i.HAL_I2C_Init      stm32f3xx_hal_i2c.o
    0x08001be0   0x00000164   Code   RO         1758    i.HAL_I2C_Mem_Read  stm32f3xx_hal_i2c.o
    0x08001d44   0x00000084   Code   RO          241    i.HAL_I2C_MspInit   stm32f3xx_hal_msp.o
    0x08001dc8   0x00000010   Code   RO          816    i.HAL_IncTick       stm32f3xx_hal.o
    0x08001dd8   0x00000024   Code   RO          817    i.HAL_Init          stm32f3xx_hal.o
    0x08001dfc   0x00000040   Code   RO          818    i.HAL_InitTick      stm32f3xx_hal.o
    0x08001e3c   0x00000030   Code   RO          242    i.HAL_MspInit       stm32f3xx_hal_msp.o
    0x08001e6c   0x0000001a   Code   RO         1288    i.HAL_NVIC_EnableIRQ  stm32f3xx_hal_cortex.o
    0x08001e86   0x00000002   PAD
    0x08001e88   0x00000040   Code   RO         1294    i.HAL_NVIC_SetPriority  stm32f3xx_hal_cortex.o
    0x08001ec8   0x00000024   Code   RO         1295    i.HAL_NVIC_SetPriorityGrouping  stm32f3xx_hal_cortex.o
    0x08001eec   0x000001f4   Code   RO         1080    i.HAL_RCCEx_PeriphCLKConfig  stm32f3xx_hal_rcc_ex.o
    0x080020e0   0x00000150   Code   RO          974    i.HAL_RCC_ClockConfig  stm32f3xx_hal_rcc.o
    0x08002230   0x00000030   Code   RO          981    i.HAL_RCC_GetPCLK1Freq  stm32f3xx_hal_rcc.o
    0x08002260   0x00000030   Code   RO          982    i.HAL_RCC_GetPCLK2Freq  stm32f3xx_hal_rcc.o
    0x08002290   0x0000006c   Code   RO          983    i.HAL_RCC_GetSysClockFreq  stm32f3xx_hal_rcc.o
    0x080022fc   0x000005aa   Code   RO          986    i.HAL_RCC_OscConfig  stm32f3xx_hal_rcc.o
    0x080028a6   0x00000028   Code   RO         1299    i.HAL_SYSTICK_Config  stm32f3xx_hal_cortex.o
    0x080028ce   0x00000002   Code   RO         2727    i.HAL_UARTEx_WakeupCallback  stm32f3xx_hal_uart_ex.o
    0x080028d0   0x00000002   Code   RO         2372    i.HAL_UART_ErrorCallback  stm32f3xx_hal_uart.o
    0x080028d2   0x00000002   PAD
    0x080028d4   0x00000160   Code   RO         2375    i.HAL_UART_IRQHandler  stm32f3xx_hal_uart.o
    0x08002a34   0x00000066   Code   RO         2376    i.HAL_UART_Init     stm32f3xx_hal_uart.o
    0x08002a9a   0x00000002   PAD
    0x08002a9c   0x00000074   Code   RO          244    i.HAL_UART_MspInit  stm32f3xx_hal_msp.o
    0x08002b10   0x000000ac   Code   RO         2381    i.HAL_UART_Receive_IT  stm32f3xx_hal_uart.o
    0x08002bbc   0x000000fc   Code   RO           15    i.HAL_UART_RxCpltCallback  main.o
    0x08002cb8   0x000000b4   Code   RO         2385    i.HAL_UART_Transmit  stm32f3xx_hal_uart.o
    0x08002d6c   0x00000002   Code   RO         2388    i.HAL_UART_TxCpltCallback  stm32f3xx_hal_uart.o
    0x08002d6e   0x00000022   Code   RO         1787    i.I2C_Flush_TXDR    stm32f3xx_hal_i2c.o
    0x08002d90   0x0000008c   Code   RO         1795    i.I2C_IsAcknowledgeFailed  stm32f3xx_hal_i2c.o
    0x08002e1c   0x00000064   Code   RO         1798    i.I2C_RequestMemoryRead  stm32f3xx_hal_i2c.o
    0x08002e80   0x0000002c   Code   RO         1802    i.I2C_TransferConfig  stm32f3xx_hal_i2c.o
    0x08002eac   0x00000058   Code   RO         1803    i.I2C_WaitOnFlagUntilTimeout  stm32f3xx_hal_i2c.o
    0x08002f04   0x0000004c   Code   RO         1805    i.I2C_WaitOnSTOPFlagUntilTimeout  stm32f3xx_hal_i2c.o
    0x08002f50   0x00000050   Code   RO         1806    i.I2C_WaitOnTXISFlagUntilTimeout  stm32f3xx_hal_i2c.o
    0x08002fa0   0x00000068   Code   RO           16    i.MX_ADC1_Init      main.o
    0x08003008   0x000000b0   Code   RO           17    i.MX_GPIO_Init      main.o
    0x080030b8   0x00000050   Code   RO           18    i.MX_I2C1_Init      main.o
    0x08003108   0x00000038   Code   RO           19    i.MX_USART1_UART_Init  main.o
    0x08003140   0x0000000c   Code   RO          327    i.SI7021_Init       si7021.o
    0x0800314c   0x0000002c   Code   RO          328    i.SI7021_Read_Humidity_Hold  si7021.o
    0x08003178   0x0000002c   Code   RO          329    i.SI7021_Read_Temperature_Hold  si7021.o
    0x080031a4   0x00000004   Code   RO          199    i.SysTick_Handler   stm32f3xx_it.o
    0x080031a8   0x00000072   Code   RO           20    i.SystemClock_Config  main.o
    0x0800321a   0x00000002   PAD
    0x0800321c   0x0000001c   Code   RO          378    i.SystemInit        system_stm32f3xx.o
    0x08003238   0x000000c8   Code   RO         2390    i.UART_AdvFeatureConfig  stm32f3xx_hal_uart.o
    0x08003300   0x00000058   Code   RO         2391    i.UART_CheckIdleState  stm32f3xx_hal_uart.o
    0x08003358   0x00000014   Code   RO         2392    i.UART_DMAAbortOnError  stm32f3xx_hal_uart.o
    0x0800336c   0x0000001e   Code   RO         2402    i.UART_EndRxTransfer  stm32f3xx_hal_uart.o
    0x0800338a   0x0000005a   Code   RO         2404    i.UART_RxISR_16BIT  stm32f3xx_hal_uart.o
    0x080033e4   0x0000005a   Code   RO         2405    i.UART_RxISR_8BIT   stm32f3xx_hal_uart.o
    0x0800343e   0x00000002   PAD
    0x08003440   0x00000160   Code   RO         2406    i.UART_SetConfig    stm32f3xx_hal_uart.o
    0x080035a0   0x000000a0   Code   RO         2409    i.UART_WaitOnFlagUntilTimeout  stm32f3xx_hal_uart.o
    0x08003640   0x0000000c   Code   RO          200    i.USART1_IRQHandler  stm32f3xx_it.o
    0x0800364c   0x00000028   Code   RO         3035    i.__0sprintf        mc_w.l(printfa.o)
    0x08003674   0x00000030   Code   RO         3097    i.__ARM_fpclassify  m_wm.l(fpclassify.o)
    0x080036a4   0x00000020   Code   RO         1301    i.__NVIC_SetPriority  stm32f3xx_hal_cortex.o
    0x080036c4   0x00000004   PAD
    0x080036c8   0x00000c38   Code   RO         2773    i.__hardfp_pow      m_wm.l(pow.o)
    0x08004300   0x000000f8   Code   RO         3099    i.__kernel_poly     m_wm.l(poly.o)
    0x080043f8   0x00000030   Code   RO         3077    i.__mathlib_dbl_divzero  m_wm.l(dunder.o)
    0x08004428   0x00000014   Code   RO         3079    i.__mathlib_dbl_infnan2  m_wm.l(dunder.o)
    0x0800443c   0x00000004   PAD
    0x08004440   0x00000020   Code   RO         3080    i.__mathlib_dbl_invalid  m_wm.l(dunder.o)
    0x08004460   0x00000020   Code   RO         3081    i.__mathlib_dbl_overflow  m_wm.l(dunder.o)
    0x08004480   0x00000020   Code   RO         3083    i.__mathlib_dbl_underflow  m_wm.l(dunder.o)
    0x080044a0   0x0000000e   Code   RO         3182    i.__scatterload_copy  mc_w.l(handlers.o)
    0x080044ae   0x00000002   Code   RO         3183    i.__scatterload_null  mc_w.l(handlers.o)
    0x080044b0   0x0000000e   Code   RO         3184    i.__scatterload_zeroinit  mc_w.l(handlers.o)
    0x080044be   0x00000002   PAD
    0x080044c0   0x0000000c   Code   RO         3139    i.__set_errno       mc_w.l(errno.o)
    0x080044cc   0x00000164   Code   RO         3040    i._fp_digits        mc_w.l(printfa.o)
    0x08004630   0x000006dc   Code   RO         3041    i._printf_core      mc_w.l(printfa.o)
    0x08004d0c   0x00000024   Code   RO         3042    i._printf_post_padding  mc_w.l(printfa.o)
    0x08004d30   0x0000002e   Code   RO         3043    i._printf_pre_padding  mc_w.l(printfa.o)
    0x08004d5e   0x0000000a   Code   RO         3045    i._sputc            mc_w.l(printfa.o)
    0x08004d68   0x00000050   Code   RO          330    i.convertToCelsius  si7021.o
    0x08004db8   0x000000e8   Code   RO           21    i.convertToLux      main.o
    0x08004ea0   0x00000020   Code   RO          331    i.convertToRH       si7021.o
    0x08004ec0   0x00000018   Code   RO         3093    i.fabs              m_wm.l(fabs.o)
    0x08004ed8   0x00000154   Code   RO           22    i.main              main.o
    0x0800502c   0x0000006e   Code   RO         3104    i.sqrt              m_wm.l(sqrt.o)
    0x0800509a   0x00000100   Data   RO          299    .constdata          crc8.o
    0x0800519a   0x00000010   Data   RO          379    .constdata          system_stm32f3xx.o
    0x080051aa   0x00000008   Data   RO          380    .constdata          system_stm32f3xx.o
    0x080051b2   0x00000020   Data   RO          987    .constdata          stm32f3xx_hal_rcc.o
    0x080051d2   0x00000006   PAD
    0x080051d8   0x00000088   Data   RO         2776    .constdata          m_wm.l(pow.o)
    0x08005260   0x00000008   Data   RO         3101    .constdata          m_wm.l(qnan.o)
    0x08005268   0x00000040   Data   RO         3178    .constdata          mc_w.l(ctype_c.o)
    0x080052a8   0x00000020   Data   RO         3180    Region$$Table       anon$$obj.o


    Execution Region RW_IRAM1 (Base: 0x20000000, Size: 0x000005c8, Max: 0x00004000, ABSOLUTE)

    Base Addr    Size         Type   Attr      Idx    E Section Name        Object

    0x20000000   0x00000024   Data   RW           24    .data               main.o
    0x20000024   0x0000000c   Data   RW          332    .data               si7021.o
    0x20000030   0x00000004   Data   RW          381    .data               system_stm32f3xx.o
    0x20000034   0x0000000c   Data   RW          824    .data               stm32f3xx_hal.o
    0x20000040   0x00000004   Data   RW         3140    .data               mc_w.l(errno.o)
    0x20000044   0x00000180   Zero   RW           23    .bss                main.o
    0x200001c4   0x00000004   PAD
    0x200001c8   0x00000400   Zero   RW            1    STACK               startup_stm32f302x8.o


==============================================================================

Image component sizes


      Code (inc. data)   RO Data    RW Data    ZI Data      Debug   Object Name

        40          6        256          0          0       1633   crc8.o
      1382        214          0         36        384     531120   main.o
       212         48          0         12          0       3330   si7021.o
        36          8        392          0       1024        872   startup_stm32f302x8.o
       164         28          0         12          0      12413   stm32f3xx_hal.o
         4          0          0          0          0       1599   stm32f3xx_hal_adc.o
      2388         54          0          0          0      12159   stm32f3xx_hal_adc_ex.o
       198         14          0          0          0      32339   stm32f3xx_hal_cortex.o
        74          0          0          0          0       1199   stm32f3xx_hal_dma.o
       394         24          0          0          0       2564   stm32f3xx_hal_gpio.o
      1102         30          0          0          0       9706   stm32f3xx_hal_i2c.o
       168          0          0          0          0       2019   stm32f3xx_hal_i2c_ex.o
       400         38          0          0          0       3181   stm32f3xx_hal_msp.o
      1990         76         32          0          0       6244   stm32f3xx_hal_rcc.o
       500         14          0          0          0       1688   stm32f3xx_hal_rcc_ex.o
      1840         60          0          0          0      12496   stm32f3xx_hal_uart.o
         2          0          0          0          0       1072   stm32f3xx_hal_uart_ex.o
        28         12          0          0          0       1472   stm32f3xx_it.o
        28          6         24          4          0       1239   system_stm32f3xx.o

    ----------------------------------------------------------------------
     10968        632        742         64       1412     638345   Object Totals
         0          0         32          0          0          0   (incl. Generated)
        18          0          6          0          4          0   (incl. Padding)

    ----------------------------------------------------------------------

      Code (inc. data)   RO Data    RW Data    ZI Data      Debug   Library Member Name

       164         44          0          0          0        620   dunder.o
        24          0          0          0          0        124   fabs.o
        48          0          0          0          0        124   fpclassify.o
       248          0          0          0          0        152   poly.o
      3128        302        136          0          0        356   pow.o
         0          0          8          0          0          0   qnan.o
       110          0          0          0          0        148   sqrt.o
        56          8          0          0          0         84   __0sscanf.o
        28          0          0          0          0         68   _chval.o
       812          4          0          0          0        112   _scanf.o
       332          0          0          0          0         96   _scanf_int.o
        64          0          0          0          0         84   _sgetc.o
        40          6         64          0          0         68   ctype_c.o
         0          0          0          0          0          0   entry.o
         0          0          0          0          0          0   entry10a.o
         0          0          0          0          0          0   entry11a.o
         8          4          0          0          0          0   entry2.o
         4          0          0          0          0          0   entry5.o
         0          0          0          0          0          0   entry7b.o
         0          0          0          0          0          0   entry8b.o
         8          4          0          0          0          0   entry9a.o
        12          6          0          4          0         68   errno.o
        30          0          0          0          0          0   handlers.o
        36          8          0          0          0         68   init.o
        10          0          0          0          0         68   isspace_c.o
         0          0          0          0          0          0   iusefp.o
        30          0          0          0          0         68   llshl.o
        36          0          0          0          0         68   llsshr.o
        32          0          0          0          0         68   llushr.o
        36          0          0          0          0        108   memseta.o
      2244         86          0          0          0        512   printfa.o
        40          8          0          0          0         84   scanf_char.o
        44          0          0          0          0         80   uidiv.o
        98          0          0          0          0         92   uldiv.o
        48          0          0          0          0         68   cdrcmple.o
        56          0          0          0          0         88   d2f.o
       334          0          0          0          0        148   dadd.o
       222          0          0          0          0        100   ddiv.o
       186          0          0          0          0        176   depilogue.o
        48          0          0          0          0         68   dfixul.o
        34          0          0          0          0         76   dflti.o
        26          0          0          0          0         76   dfltui.o
       228          0          0          0          0         96   dmul.o
        46          0          0          0          0         80   dscalb.o
       162          0          0          0          0        100   dsqrt.o
        38          0          0          0          0         68   f2d.o
       110          0          0          0          0        168   fepilogue.o

    ----------------------------------------------------------------------
      9274        480        208          4          0       4632   Library Totals
        14          0          0          0          0          0   (incl. Padding)

    ----------------------------------------------------------------------

      Code (inc. data)   RO Data    RW Data    ZI Data      Debug   Library Name

      3722        346        144          0          0       1524   m_wm.l
      4000        134         64          4          0       1796   mc_w.l
      1538          0          0          0          0       1312   mf_w.l

    ----------------------------------------------------------------------
      9274        480        208          4          0       4632   Library Totals

    ----------------------------------------------------------------------

==============================================================================


      Code (inc. data)   RO Data    RW Data    ZI Data      Debug   

     20242       1112        950         68       1412     632817   Grand Totals
     20242       1112        950         68       1412     632817   ELF Image Totals
     20242       1112        950         68          0          0   ROM Totals

==============================================================================

    Total RO  Size (Code + RO Data)                21192 (  20.70kB)
    Total RW  Size (RW Data + ZI Data)              1480 (   1.45kB)
    Total ROM Size (Code + RO Data + RW Data)      21260 (  20.76kB)

==============================================================================

