<html>
<body>
<pre>
<h1>µVision Build Log</h1>
<h2>Tool Versions:</h2>
IDE-Version: ¦ÌVision V5.15
Copyright (C) 2015 ARM Ltd and ARM Germany GmbH. All rights reserved.
License Information: xibei Windows, HP Inc., LIC=ZB4EI-TUAP0-PCTJ8-3VT5Z-YPS1U-KGZ4C
 
Tool Versions:
Toolchain:       MDK-ARM Standard  Version: 5.15.0
Toolchain Path:  D:\Keil_v5\ARM\ARMCC\Bin
C Compiler:      Armcc.exe V5.05 update 2 (build 169)
Assembler:       Armasm.exe V5.05 update 2 (build 169)
Linker/Locator:  ArmLink.exe V5.05 update 2 (build 169)
Library Manager: ArmAr.exe V5.05 update 2 (build 169)
Hex Converter:   FromElf.exe V5.05 update 2 (build 169)
CPU DLL:         SARMCM3.DLL V5.15.0
Dialog DLL:      DCM.DLL V1.13.2.0
Target DLL:      STLink\ST-LINKIII-KEIL_SWO.dll V2.0.15.0_KEIL
Dialog DLL:      TCM.DLL V1.14.5.0
 
<h2>Project:</h2>
C:\Users\xibei\Downloads\storm-iot-node-master (1)\storm-iot-node-master\MDK-ARM\ISPproj.uvprojx
Project File Date:  03/09/2020

<h2>Output:</h2>
*** Using Compiler 'V5.05 update 2 (build 169)', folder: 'D:\Keil_v5\ARM\ARMCC\Bin'
Rebuild target 'ISPproj'
assembling startup_stm32f302x8.s...
compiling main.c...
../Src/main.c(79): warning:  #1035-D: single-precision operand implicitly converted to double-precision
        RLDR = (
DC_RESISTANCE * (3.3 - Voltage)) / Voltage;
../Src/main.c(96): warning:  #223-D: function "sscanf" declared implicitly
        sscanf((char *)rx_buffer,"freq:%dimmed:%dnormal:%d", &measure_freq, &immediate, &normal);
../Src/main.c(105): warning:  #223-D: function "sprintf" declared implicitly
                length = sprintf((char *) tx_buffer, "Temp:%04.2fHum:%02dLight:%08.2f",
../Src/main.c(195): warning:  #223-D: function "sprintf" declared implicitly
        length = sprintf((char *) tx_buffer, "Temp:%04.2fHum:%02dLight:%08.2f",
../Src/main.c: 4 warnings, 0 errors
compiling stm32f3xx_it.c...
compiling stm32f3xx_hal_msp.c...
compiling crc8.c...
compiling si7021.c...
compiling system_stm32f3xx.c...
compiling stm32f3xx_hal_adc.c...
compiling stm32f3xx_hal_adc_ex.c...
compiling stm32f3xx_hal.c...
compiling stm32f3xx_hal_rcc.c...
compiling stm32f3xx_hal_rcc_ex.c...
compiling stm32f3xx_hal_gpio.c...
compiling stm32f3xx_hal_dma.c...
compiling stm32f3xx_hal_cortex.c...
compiling stm32f3xx_hal_pwr.c...
compiling stm32f3xx_hal_pwr_ex.c...
compiling stm32f3xx_hal_flash.c...
compiling stm32f3xx_hal_flash_ex.c...
compiling stm32f3xx_hal_i2c.c...
compiling stm32f3xx_hal_i2c_ex.c...
compiling stm32f3xx_hal_exti.c...
compiling stm32f3xx_hal_tim.c...
compiling stm32f3xx_hal_tim_ex.c...
compiling stm32f3xx_hal_uart.c...
compiling stm32f3xx_hal_uart_ex.c...
linking...
Program Size: Code=20242 RO-data=950 RW-data=68 ZI-data=1412  
FromELF: creating hex file...
After Build - User command #1: D:\Keil_v5\\ARM\ARMCC\bin\fromelf.exe --bin --output=ISPproj.bin ISPproj\ISPproj.axf
"ISPproj\ISPproj.axf" - 0 Error(s), 4 Warning(s).

<h2>Software Packages used:</h2>

Package Vendor: ARM
                http://www.keil.com/pack/ARM.CMSIS.4.3.0.pack
                ARM::CMSIS:CORE:4.1.0
                CMSIS (Cortex Microcontroller Software Interface Standard)
   * Component: CORE Version: 4.1.0

<h2>Collection of Component include folders:</h2>
  C:\Users\xibei\Downloads\storm-iot-node-master (1)\storm-iot-node-master\MDK-ARM\RTE
  D:\Keil_v5\ARM\PACK\ARM\CMSIS\4.3.0\CMSIS\Include
  D:\Keil_v5\ARM\PACK\Keil\STM32F3xx_DFP\2.1.0\Drivers\CMSIS\Device\ST\STM32F3xx\Include

<h2>Collection of Component Files used:</h2>

   * Component: ARM::CMSIS:CORE:4.1.0
</pre>
</body>
</html>
